Archive member included to satisfy reference by file (symbol)

c:/st/stm32cubeide_1.9.0/stm32cubeide/plugins/com.st.stm32cube.ide.mcu.externaltools.gnu-tools-for-stm32.10.3-2021.10.win32_1.0.0.202111181127/tools/bin/../lib/gcc/arm-none-eabi/10.3.1/../../../../arm-none-eabi/lib/thumb/v7e-m+fp/hard\libc_nano.a(lib_a-errno.o)
                              ./Core/Src/syscalls.o (__errno)
c:/st/stm32cubeide_1.9.0/stm32cubeide/plugins/com.st.stm32cube.ide.mcu.externaltools.gnu-tools-for-stm32.10.3-2021.10.win32_1.0.0.202111181127/tools/bin/../lib/gcc/arm-none-eabi/10.3.1/../../../../arm-none-eabi/lib/thumb/v7e-m+fp/hard\libc_nano.a(lib_a-exit.o)
                              c:/st/stm32cubeide_1.9.0/stm32cubeide/plugins/com.st.stm32cube.ide.mcu.externaltools.gnu-tools-for-stm32.10.3-2021.10.win32_1.0.0.202111181127/tools/bin/../lib/gcc/arm-none-eabi/10.3.1/../../../../arm-none-eabi/lib/thumb/v7e-m+fp/hard/crt0.o (exit)
c:/st/stm32cubeide_1.9.0/stm32cubeide/plugins/com.st.stm32cube.ide.mcu.externaltools.gnu-tools-for-stm32.10.3-2021.10.win32_1.0.0.202111181127/tools/bin/../lib/gcc/arm-none-eabi/10.3.1/../../../../arm-none-eabi/lib/thumb/v7e-m+fp/hard\libc_nano.a(lib_a-impure.o)
                              c:/st/stm32cubeide_1.9.0/stm32cubeide/plugins/com.st.stm32cube.ide.mcu.externaltools.gnu-tools-for-stm32.10.3-2021.10.win32_1.0.0.202111181127/tools/bin/../lib/gcc/arm-none-eabi/10.3.1/../../../../arm-none-eabi/lib/thumb/v7e-m+fp/hard\libc_nano.a(lib_a-exit.o) (_global_impure_ptr)
c:/st/stm32cubeide_1.9.0/stm32cubeide/plugins/com.st.stm32cube.ide.mcu.externaltools.gnu-tools-for-stm32.10.3-2021.10.win32_1.0.0.202111181127/tools/bin/../lib/gcc/arm-none-eabi/10.3.1/../../../../arm-none-eabi/lib/thumb/v7e-m+fp/hard\libc_nano.a(lib_a-init.o)
                              c:/st/stm32cubeide_1.9.0/stm32cubeide/plugins/com.st.stm32cube.ide.mcu.externaltools.gnu-tools-for-stm32.10.3-2021.10.win32_1.0.0.202111181127/tools/bin/../lib/gcc/arm-none-eabi/10.3.1/../../../../arm-none-eabi/lib/thumb/v7e-m+fp/hard/crt0.o (__libc_init_array)
c:/st/stm32cubeide_1.9.0/stm32cubeide/plugins/com.st.stm32cube.ide.mcu.externaltools.gnu-tools-for-stm32.10.3-2021.10.win32_1.0.0.202111181127/tools/bin/../lib/gcc/arm-none-eabi/10.3.1/../../../../arm-none-eabi/lib/thumb/v7e-m+fp/hard\libc_nano.a(lib_a-memset.o)
                              c:/st/stm32cubeide_1.9.0/stm32cubeide/plugins/com.st.stm32cube.ide.mcu.externaltools.gnu-tools-for-stm32.10.3-2021.10.win32_1.0.0.202111181127/tools/bin/../lib/gcc/arm-none-eabi/10.3.1/../../../../arm-none-eabi/lib/thumb/v7e-m+fp/hard/crt0.o (memset)
c:/st/stm32cubeide_1.9.0/stm32cubeide/plugins/com.st.stm32cube.ide.mcu.externaltools.gnu-tools-for-stm32.10.3-2021.10.win32_1.0.0.202111181127/tools/bin/../lib/gcc/arm-none-eabi/10.3.1/../../../../arm-none-eabi/lib/thumb/v7e-m+fp/hard\libc_nano.a(lib_a-sscanf.o)
                              ./Core/Src/main.o (sscanf)
c:/st/stm32cubeide_1.9.0/stm32cubeide/plugins/com.st.stm32cube.ide.mcu.externaltools.gnu-tools-for-stm32.10.3-2021.10.win32_1.0.0.202111181127/tools/bin/../lib/gcc/arm-none-eabi/10.3.1/../../../../arm-none-eabi/lib/thumb/v7e-m+fp/hard\libc_nano.a(lib_a-stdio.o)
                              c:/st/stm32cubeide_1.9.0/stm32cubeide/plugins/com.st.stm32cube.ide.mcu.externaltools.gnu-tools-for-stm32.10.3-2021.10.win32_1.0.0.202111181127/tools/bin/../lib/gcc/arm-none-eabi/10.3.1/../../../../arm-none-eabi/lib/thumb/v7e-m+fp/hard\libc_nano.a(lib_a-sscanf.o) (__seofread)
c:/st/stm32cubeide_1.9.0/stm32cubeide/plugins/com.st.stm32cube.ide.mcu.externaltools.gnu-tools-for-stm32.10.3-2021.10.win32_1.0.0.202111181127/tools/bin/../lib/gcc/arm-none-eabi/10.3.1/../../../../arm-none-eabi/lib/thumb/v7e-m+fp/hard\libc_nano.a(lib_a-strchr.o)
                              ./Core/Src/main.o (strchr)
c:/st/stm32cubeide_1.9.0/stm32cubeide/plugins/com.st.stm32cube.ide.mcu.externaltools.gnu-tools-for-stm32.10.3-2021.10.win32_1.0.0.202111181127/tools/bin/../lib/gcc/arm-none-eabi/10.3.1/../../../../arm-none-eabi/lib/thumb/v7e-m+fp/hard\libc_nano.a(lib_a-strlen.o)
                              ./Core/Src/main.o (strlen)
c:/st/stm32cubeide_1.9.0/stm32cubeide/plugins/com.st.stm32cube.ide.mcu.externaltools.gnu-tools-for-stm32.10.3-2021.10.win32_1.0.0.202111181127/tools/bin/../lib/gcc/arm-none-eabi/10.3.1/../../../../arm-none-eabi/lib/thumb/v7e-m+fp/hard\libc_nano.a(lib_a-writer.o)
                              c:/st/stm32cubeide_1.9.0/stm32cubeide/plugins/com.st.stm32cube.ide.mcu.externaltools.gnu-tools-for-stm32.10.3-2021.10.win32_1.0.0.202111181127/tools/bin/../lib/gcc/arm-none-eabi/10.3.1/../../../../arm-none-eabi/lib/thumb/v7e-m+fp/hard\libc_nano.a(lib_a-stdio.o) (_write_r)
c:/st/stm32cubeide_1.9.0/stm32cubeide/plugins/com.st.stm32cube.ide.mcu.externaltools.gnu-tools-for-stm32.10.3-2021.10.win32_1.0.0.202111181127/tools/bin/../lib/gcc/arm-none-eabi/10.3.1/../../../../arm-none-eabi/lib/thumb/v7e-m+fp/hard\libc_nano.a(lib_a-closer.o)
[...]
Memory Configuration

Name             Origin             Length             Attributes
CCMRAM           0x0000000010000000 0x0000000000010000 xrw
RAM              0x0000000020000000 0x0000000000030000 xrw
FLASH            0x0000000008000000 0x0000000000200000 xr
*default*        0x0000000000000000 0xffffffffffffffff

Linker script and memory map

LOAD c:/st/stm32cubeide_1.9.0/stm32cubeide/plugins/com.st.stm32cube.ide.mcu.externaltools.gnu-tools-for-stm32.10.3-2021.10.win32_1.0.0.202111181127/tools/bin/../lib/gcc/arm-none-eabi/10.3.1/thumb/v7e-m+fp/hard/crti.o
LOAD c:/st/stm32cubeide_1.9.0/stm32cubeide/plugins/com.st.stm32cube.ide.mcu.externaltools.gnu-tools-for-stm32.10.3-2021.10.win32_1.0.0.202111181127/tools/bin/../lib/gcc/arm-none-eabi/10.3.1/thumb/v7e-m+fp/hard/crtbegin.o
LOAD c:/st/stm32cubeide_1.9.0/stm32cubeide/plugins/com.st.stm32cube.ide.mcu.externaltools.gnu-tools-for-stm32.10.3-2021.10.win32_1.0.0.202111181127/tools/bin/../lib/gcc/arm-none-eabi/10.3.1/../../../../arm-none-eabi/lib/thumb/v7e-m+fp/hard/crt0.o
LOAD ./Core/Src/gpio.o
LOAD ./Core/Src/main.o
LOAD ./Core/Src/stm32f4xx_hal_msp.o
LOAD ./Core/Src/stm32f4xx_it.o
LOAD ./Core/Src/syscalls.o
LOAD ./Core/Src/sysmem.o
LOAD ./Core/Src/system_stm32f4xx.o
LOAD ./Core/Src/tim.o
LOAD ./Core/Src/usart.o
LOAD ./Core/Startup/startup_stm32f427vitx.o
LOAD ./Drivers/STM32F4xx_HAL_Driver/Src/stm32f4xx_hal.o
LOAD ./Drivers/STM32F4xx_HAL_Driver/Src/stm32f4xx_hal_cortex.o
LOAD ./Drivers/STM32F4xx_HAL_Driver/Src/stm32f4xx_hal_dma.o
LOAD ./Drivers/STM32F4xx_HAL_Driver/Src/stm32f4xx_hal_dma_ex.o
LOAD ./Drivers/STM32F4xx_HAL_Driver/Src/stm32f4xx_hal_exti.o
LOAD ./Drivers/STM32F4xx_HAL_Driver/Src/stm32f4xx_hal_flash.o
LOAD ./Drivers/STM32F4xx_HAL_Driver/Src/stm32f4xx_hal_flash_ex.o
LOAD ./Drivers/STM32F4xx_HAL_Driver/Src/stm32f4xx_hal_flash_ramfunc.o
LOAD ./Drivers/STM32F4xx_HAL_Driver/Src/stm32f4xx_hal_gpio.o
LOAD ./Drivers/STM32F4xx_HAL_Driver/Src/stm32f4xx_hal_pwr.o
LOAD ./Drivers/STM32F4xx_HAL_Driver/Src/stm32f4xx_hal_pwr_ex.o
LOAD ./Drivers/STM32F4xx_HAL_Driver/Src/stm32f4xx_hal_rcc.o
LOAD ./Drivers/STM32F4xx_HAL_Driver/Src/stm32f4xx_hal_rcc_ex.o
LOAD ./Drivers/STM32F4xx_HAL_Driver/Src/stm32f4xx_hal_tim.o
LOAD ./Drivers/STM32F4xx_HAL_Driver/Src/stm32f4xx_hal_tim_ex.o
LOAD ./Drivers/STM32F4xx_HAL_Driver/Src/stm32f4xx_hal_uart.o
START GROUP
LOAD c:/st/stm32cubeide_1.9.0/stm32cubeide/plugins/com.st.stm32cube.ide.mcu.externaltools.gnu-tools-for-stm32.10.3-2021.10.win32_1.0.0.202111181127/tools/bin/../lib/gcc/arm-none-eabi/10.3.1/../../../../arm-none-eabi/lib/thumb/v7e-m+fp/hard\libc_nano.a
LOAD c:/st/stm32cubeide_1.9.0/stm32cubeide/plugins/com.st.stm32cube.ide.mcu.externaltools.gnu-tools-for-stm32.10.3-2021.10.win32_1.0.0.202111181127/tools/bin/../lib/gcc/arm-none-eabi/10.3.1/../../../../arm-none-eabi/lib/thumb/v7e-m+fp/hard\libm.a
END GROUP
START GROUP
LOAD c:/st/stm32cubeide_1.9.0/stm32cubeide/plugins/com.st.stm32cube.ide.mcu.externaltools.gnu-tools-for-stm32.10.3-2021.10.win32_1.0.0.202111181127/tools/bin/../lib/gcc/arm-none-eabi/10.3.1/thumb/v7e-m+fp/hard\libgcc.a
LOAD c:/st/stm32cubeide_1.9.0/stm32cubeide/plugins/com.st.stm32cube.ide.mcu.externaltools.gnu-tools-for-stm32.10.3-2021.10.win32_1.0.0.202111181127/tools/bin/../lib/gcc/arm-none-eabi/10.3.1/../../../../arm-none-eabi/lib/thumb/v7e-m+fp/hard\libc_nano.a
END GROUP
START GROUP
LOAD c:/st/stm32cubeide_1.9.0/stm32cubeide/plugins/com.st.stm32cube.ide.mcu.externaltools.gnu-tools-for-stm32.10.3-2021.10.win32_1.0.0.202111181127/tools/bin/../lib/gcc/arm-none-eabi/10.3.1/thumb/v7e-m+fp/hard\libgcc.a
LOAD c:/st/stm32cubeide_1.9.0/stm32cubeide/plugins/com.st.stm32cube.ide.mcu.externaltools.gnu-tools-for-stm32.10.3-2021.10.win32_1.0.0.202111181127/tools/bin/../lib/gcc/arm-none-eabi/10.3.1/../../../../arm-none-eabi/lib/thumb/v7e-m+fp/hard\libc_nano.a
LOAD c:/st/stm32cubeide_1.9.0/stm32cubeide/plugins/com.st.stm32cube.ide.mcu.externaltools.gnu-tools-for-stm32.10.3-2021.10.win32_1.0.0.202111181127/tools/bin/../lib/gcc/arm-none-eabi/10.3.1/../../../../arm-none-eabi/lib/thumb/v7e-m+fp/hard\libnosys.a
END GROUP
START GROUP
LOAD c:/st/stm32cubeide_1.9.0/stm32cubeide/plugins/com.st.stm32cube.ide.mcu.externaltools.gnu-tools-for-stm32.10.3-2021.10.win32_1.0.0.202111181127/tools/bin/../lib/gcc/arm-none-eabi/10.3.1/thumb/v7e-m+fp/hard\libgcc.a
LOAD c:/st/stm32cubeide_1.9.0/stm32cubeide/plugins/com.st.stm32cube.ide.mcu.externaltools.gnu-tools-for-stm32.10.3-2021.10.win32_1.0.0.202111181127/tools/bin/../lib/gcc/arm-none-eabi/10.3.1/../../../../arm-none-eabi/lib/thumb/v7e-m+fp/hard\libc_nano.a
LOAD c:/st/stm32cubeide_1.9.0/stm32cubeide/plugins/com.st.stm32cube.ide.mcu.externaltools.gnu-tools-for-stm32.10.3-2021.10.win32_1.0.0.202111181127/tools/bin/../lib/gcc/arm-none-eabi/10.3.1/../../../../arm-none-eabi/lib/thumb/v7e-m+fp/hard\libnosys.a
END GROUP
LOAD c:/st/stm32cubeide_1.9.0/stm32cubeide/plugins/com.st.stm32cube.ide.mcu.externaltools.gnu-tools-for-stm32.10.3-2021.10.win32_1.0.0.202111181127/tools/bin/../lib/gcc/arm-none-eabi/10.3.1/thumb/v7e-m+fp/hard/crtend.o
LOAD c:/st/stm32cubeide_1.9.0/stm32cubeide/plugins/com.st.stm32cube.ide.mcu.externaltools.gnu-tools-for-stm32.10.3-2021.10.win32_1.0.0.202111181127/tools/bin/../lib/gcc/arm-none-eabi/10.3.1/thumb/v7e-m+fp/hard/crtn.o
                0x0000000020030000                _estack = (ORIGIN (RAM) + LENGTH (RAM))
                0x0000000000000200                _Min_Heap_Size = 0x200
                0x0000000000000400                _Min_Stack_Size = 0x400

.isr_vector     0x0000000008000000      0x1ac
                0x0000000008000000                . = ALIGN (0x4)
 *(.isr_vector)
 .isr_vector    0x0000000008000000      0x1ac ./Core/Startup/startup_stm32f427vitx.o
                0x0000000008000000                g_pfnVectors
                0x00000000080001ac                . = ALIGN (0x4)

.text           0x00000000080001b0     0x43e4
                0x00000000080001b0                . = ALIGN (0x4)
 *(.text)
 .text          0x00000000080001b0       0x40 c:/st/stm32cubeide_1.9.0/stm32cubeide/plugins/com.st.stm32cube.ide.mcu.externaltools.gnu-tools-for-stm32.10.3-2021.10.win32_1.0.0.202111181127/tools/bin/../lib/gcc/arm-none-eabi/10.3.1/thumb/v7e-m+fp/hard/crtbegin.o
 .text          0x00000000080001f0       0x10 c:/st/stm32cubeide_1.9.0/stm32cubeide/plugins/com.st.stm32cube.ide.mcu.externaltools.gnu-tools-for-stm32.10.3-2021.10.win32_1.0.0.202111181127/tools/bin/../lib/gcc/arm-none-eabi/10.3.1/../../../../arm-none-eabi/lib/thumb/v7e-m+fp/hard\libc_nano.a(lib_a-strlen.o)
                0x00000000080001f0                strlen
 .text          0x0000000008000200       0xa0 c:/st/stm32cubeide_1.9.0/stm32cubeide/plugins/com.st.stm32cube.ide.mcu.externaltools.gnu-tools-for-stm32.10.3-2021.10.win32_1.0.0.202111181127/tools/bin/../lib/gcc/arm-none-eabi/10.3.1/../../../../arm-none-eabi/lib/thumb/v7e-m+fp/hard\libc_nano.a(lib_a-memchr.o)
                0x0000000008000200                memchr
 .text          0x00000000080002a0       0x30 c:/st/stm32cubeide_1.9.0/stm32cubeide/plugins/com.st.stm32cube.ide.mcu.externaltools.gnu-tools-for-stm32.10.3-2021.10.win32_1.0.0.202111181127/tools/bin/../lib/gcc/arm-none-eabi/10.3.1/thumb/v7e-m+fp/hard\libgcc.a(_aeabi_uldivmod.o)
                0x00000000080002a0                __aeabi_uldivmod
 .text          0x00000000080002d0      0x2d0 c:/st/stm32cubeide_1.9.0/stm32cubeide/plugins/com.st.stm32cube.ide.mcu.externaltools.gnu-tools-for-stm32.10.3-2021.10.win32_1.0.0.202111181127/tools/bin/../lib/gcc/arm-none-eabi/10.3.1/thumb/v7e-m+fp/hard\libgcc.a(_udivmoddi4.o)
                0x00000000080002d0                __udivmoddi4
 .text          0x00000000080005a0        0x4 c:/st/stm32cubeide_1.9.0/stm32cubeide/plugins/com.st.stm32cube.ide.mcu.externaltools.gnu-tools-for-stm32.10.3-2021.10.win32_1.0.0.202111181127/tools/bin/../lib/gcc/arm-none-eabi/10.3.1/thumb/v7e-m+fp/hard\libgcc.a(_dvmd_tls.o)
                0x00000000080005a0                __aeabi_idiv0
                0x00000000080005a0                __aeabi_ldiv0
 *(.text*)
 .text.MX_GPIO_Init
                0x00000000080005a4       0xc0 ./Core/Src/gpio.o
                0x00000000080005a4                MX_GPIO_Init
 .text.uart_write
                0x0000000008000664       0x2c ./Core/Src/main.o
 .text.play_sound
                0x0000000008000690       0x4c ./Core/Src/main.o
 .text.stop_sound
                0x00000000080006dc       0x1c ./Core/Src/main.o
 .text.stop_timer
                0x00000000080006f8       0x24 ./Core/Src/main.o
 .text.set_timer
                0x000000000800071c       0x30 ./Core/Src/main.o
 .text.play_melody
                0x000000000800074c       0x64 ./Core/Src/main.o
 .text.finish_melody
                0x00000000080007b0       0x24 ./Core/Src/main.o
 .text.get_input
                0x00000000080007d4      0x228 ./Core/Src/main.o
                0x00000000080007d4                get_input
 .text.UART_get_input
                0x00000000080009fc       0x48 ./Core/Src/main.o
                0x00000000080009fc                UART_get_input
 .text.HAL_TIM_PeriodElapsedCallback
                0x0000000008000a44       0x8c ./Core/Src/main.o
                0x0000000008000a44                HAL_TIM_PeriodElapsedCallback
 .text.main     0x0000000008000ad0       0x68 ./Core/Src/main.o
                0x0000000008000ad0                main
 .text.SystemClock_Config
                0x0000000008000b38       0xd8 ./Core/Src/main.o
                0x0000000008000b38                SystemClock_Config
 .text.Error_Handler
                0x0000000008000c10        0xa ./Core/Src/main.o
                0x0000000008000c10                Error_Handler
 *fill*         0x0000000008000c1a        0x2 
 .text.HAL_MspInit
                0x0000000008000c1c       0x50 ./Core/Src/stm32f4xx_hal_msp.o
                0x0000000008000c1c                HAL_MspInit
 .text.NMI_Handler
                0x0000000008000c6c        0x6 ./Core/Src/stm32f4xx_it.o
                0x0000000008000c6c                NMI_Handler
 .text.HardFault_Handler
                0x0000000008000c72        0x6 ./Core/Src/stm32f4xx_it.o
                0x0000000008000c72                HardFault_Handler
 .text.MemManage_Handler
                0x0000000008000c78        0x6 ./Core/Src/stm32f4xx_it.o
                0x0000000008000c78                MemManage_Handler
 .text.BusFault_Handler
                0x0000000008000c7e        0x6 ./Core/Src/stm32f4xx_it.o
                0x0000000008000c7e                BusFault_Handler
 .text.UsageFault_Handler
                0x0000000008000c84        0x6 ./Core/Src/stm32f4xx_it.o
                0x0000000008000c84                UsageFault_Handler
 .text.SVC_Handler
                0x0000000008000c8a        0xe ./Core/Src/stm32f4xx_it.o
                0x0000000008000c8a                SVC_Handler
 .text.DebugMon_Handler
                0x0000000008000c98        0xe ./Core/Src/stm32f4xx_it.o
                0x0000000008000c98                DebugMon_Handler
 .text.PendSV_Handler
                0x0000000008000ca6        0xe ./Core/Src/stm32f4xx_it.o
                0x0000000008000ca6                PendSV_Handler
 .text.SysTick_Handler
                0x0000000008000cb4        0xc ./Core/Src/stm32f4xx_it.o
                0x0000000008000cb4                SysTick_Handler
 .text.TIM6_DAC_IRQHandler
                0x0000000008000cc0       0x14 ./Core/Src/stm32f4xx_it.o
                0x0000000008000cc0                TIM6_DAC_IRQHandler
 .text.initialise_monitor_handles
                0x0000000008000cd4        0xe ./Core/Src/syscalls.o
                0x0000000008000cd4                initialise_monitor_handles
 *fill*         0x0000000008000ce2        0x2 
 .text._sbrk    0x0000000008000ce4       0x6c ./Core/Src/sysmem.o
                0x0000000008000ce4                _sbrk
 .text.SystemInit
                0x0000000008000d50       0x24 ./Core/Src/system_stm32f4xx.o
                0x0000000008000d50                SystemInit
 .text.MX_TIM1_Init
                0x0000000008000d74      0x108 ./Core/Src/tim.o
                0x0000000008000d74                MX_TIM1_Init
 .text.MX_TIM4_Init
                0x0000000008000e7c       0xdc ./Core/Src/tim.o
                0x0000000008000e7c                MX_TIM4_Init
 .text.MX_TIM6_Init
                0x0000000008000f58       0x6c ./Core/Src/tim.o
                0x0000000008000f58                MX_TIM6_Init
 .text.HAL_TIM_PWM_MspInit
                0x0000000008000fc4       0x70 ./Core/Src/tim.o
                0x0000000008000fc4                HAL_TIM_PWM_MspInit
 .text.HAL_TIM_Base_MspInit
                0x0000000008001034       0x50 ./Core/Src/tim.o
                0x0000000008001034                HAL_TIM_Base_MspInit
 .text.HAL_TIM_MspPostInit
                0x0000000008001084       0xc8 ./Core/Src/tim.o
                0x0000000008001084                HAL_TIM_MspPostInit
 .text.MX_USART6_UART_Init
                0x000000000800114c       0x54 ./Core/Src/usart.o
                0x000000000800114c                MX_USART6_UART_Init
 .text.HAL_UART_MspInit
                0x00000000080011a0       0x90 ./Core/Src/usart.o
                0x00000000080011a0                HAL_UART_MspInit
 .text.Reset_Handler
                0x0000000008001230       0x50 ./Core/Startup/startup_stm32f427vitx.o
                0x0000000008001230                Reset_Handler
 .text.Default_Handler
                0x0000000008001280        0x2 ./Core/Startup/startup_stm32f427vitx.o
                0x0000000008001280                RTC_Alarm_IRQHandler
                0x0000000008001280                HASH_RNG_IRQHandler
                0x0000000008001280                EXTI2_IRQHandler
                0x0000000008001280                TIM8_CC_IRQHandler
                0x0000000008001280                UART8_IRQHandler
                0x0000000008001280                SPI4_IRQHandler
                0x0000000008001280                TIM1_CC_IRQHandler
                0x0000000008001280                DMA2_Stream5_IRQHandler
                0x0000000008001280                DMA1_Stream5_IRQHandler
                0x0000000008001280                PVD_IRQHandler
                0x0000000008001280                SDIO_IRQHandler
                0x0000000008001280                TAMP_STAMP_IRQHandler
                0x0000000008001280                CAN2_RX1_IRQHandler
                0x0000000008001280                EXTI3_IRQHandler
                0x0000000008001280                TIM8_TRG_COM_TIM14_IRQHandler
                0x0000000008001280                TIM1_UP_TIM10_IRQHandler
                0x0000000008001280                TIM8_UP_TIM13_IRQHandler
                0x0000000008001280                I2C3_ER_IRQHandler
                0x0000000008001280                EXTI0_IRQHandler
                0x0000000008001280                I2C2_EV_IRQHandler
                0x0000000008001280                DMA1_Stream2_IRQHandler
                0x0000000008001280                CAN1_RX0_IRQHandler
                0x0000000008001280                FPU_IRQHandler
                0x0000000008001280                OTG_HS_WKUP_IRQHandler
                0x0000000008001280                CAN2_SCE_IRQHandler
                0x0000000008001280                DMA2_Stream2_IRQHandler
                0x0000000008001280                SPI1_IRQHandler
                0x0000000008001280                TIM1_BRK_TIM9_IRQHandler
                0x0000000008001280                DCMI_IRQHandler
                0x0000000008001280                CAN2_RX0_IRQHandler
                0x0000000008001280                DMA2_Stream3_IRQHandler
                0x0000000008001280                USART6_IRQHandler
                0x0000000008001280                USART3_IRQHandler
                0x0000000008001280                CAN1_RX1_IRQHandler
                0x0000000008001280                UART5_IRQHandler
                0x0000000008001280                DMA2_Stream0_IRQHandler
                0x0000000008001280                TIM4_IRQHandler
                0x0000000008001280                I2C1_EV_IRQHandler
                0x0000000008001280                DMA1_Stream6_IRQHandler
                0x0000000008001280                DMA1_Stream1_IRQHandler
                0x0000000008001280                UART4_IRQHandler
                0x0000000008001280                TIM3_IRQHandler
                0x0000000008001280                RCC_IRQHandler
                0x0000000008001280                TIM8_BRK_TIM12_IRQHandler
                0x0000000008001280                Default_Handler
                0x0000000008001280                EXTI15_10_IRQHandler
                0x0000000008001280                ADC_IRQHandler
                0x0000000008001280                DMA1_Stream7_IRQHandler
                0x0000000008001280                SPI5_IRQHandler
                0x0000000008001280                TIM7_IRQHandler
                0x0000000008001280                CAN2_TX_IRQHandler
                0x0000000008001280                TIM5_IRQHandler
                0x0000000008001280                DMA2_Stream7_IRQHandler
                0x0000000008001280                I2C3_EV_IRQHandler
                0x0000000008001280                EXTI9_5_IRQHandler
                0x0000000008001280                RTC_WKUP_IRQHandler
                0x0000000008001280                ETH_WKUP_IRQHandler
                0x0000000008001280                SPI2_IRQHandler
                0x0000000008001280                OTG_HS_EP1_IN_IRQHandler
                0x0000000008001280                DMA1_Stream0_IRQHandler
                0x0000000008001280                CAN1_TX_IRQHandler
                0x0000000008001280                EXTI4_IRQHandler
                0x0000000008001280                ETH_IRQHandler
                0x0000000008001280                OTG_HS_EP1_OUT_IRQHandler
                0x0000000008001280                WWDG_IRQHandler
                0x0000000008001280                SPI6_IRQHandler
                0x0000000008001280                TIM2_IRQHandler
                0x0000000008001280                OTG_FS_WKUP_IRQHandler
                0x0000000008001280                TIM1_TRG_COM_TIM11_IRQHandler
                0x0000000008001280                OTG_HS_IRQHandler
                0x0000000008001280                DMA2D_IRQHandler
                0x0000000008001280                EXTI1_IRQHandler
                0x0000000008001280                UART7_IRQHandler
                0x0000000008001280                USART2_IRQHandler
                0x0000000008001280                I2C2_ER_IRQHandler
                0x0000000008001280                DMA2_Stream1_IRQHandler
                0x0000000008001280                CAN1_SCE_IRQHandler
                0x0000000008001280                FLASH_IRQHandler
                0x0000000008001280                DMA2_Stream4_IRQHandler
                0x0000000008001280                USART1_IRQHandler
                0x0000000008001280                OTG_FS_IRQHandler
                0x0000000008001280                SPI3_IRQHandler
                0x0000000008001280                DMA1_Stream4_IRQHandler
                0x0000000008001280                I2C1_ER_IRQHandler
                0x0000000008001280                FMC_IRQHandler
                0x0000000008001280                DMA2_Stream6_IRQHandler
                0x0000000008001280                SAI1_IRQHandler
                0x0000000008001280                DMA1_Stream3_IRQHandler
 *fill*         0x0000000008001282        0x2 
 .text.HAL_Init
                0x0000000008001284       0x44 ./Drivers/STM32F4xx_HAL_Driver/Src/stm32f4xx_hal.o
                0x0000000008001284                HAL_Init
 .text.HAL_InitTick
                0x00000000080012c8       0x60 ./Drivers/STM32F4xx_HAL_Driver/Src/stm32f4xx_hal.o
                0x00000000080012c8                HAL_InitTick
 .text.HAL_IncTick
                0x0000000008001328       0x28 ./Drivers/STM32F4xx_HAL_Driver/Src/stm32f4xx_hal.o
                0x0000000008001328                HAL_IncTick
 .text.HAL_GetTick
                0x0000000008001350       0x18 ./Drivers/STM32F4xx_HAL_Driver/Src/stm32f4xx_hal.o
                0x0000000008001350                HAL_GetTick
 .text.__NVIC_SetPriorityGrouping
                0x0000000008001368       0x48 ./Drivers/STM32F4xx_HAL_Driver/Src/stm32f4xx_hal_cortex.o
 .text.__NVIC_GetPriorityGrouping
                0x00000000080013b0       0x1c ./Drivers/STM32F4xx_HAL_Driver/Src/stm32f4xx_hal_cortex.o
 .text.__NVIC_EnableIRQ
                0x00000000080013cc       0x3c ./Drivers/STM32F4xx_HAL_Driver/Src/stm32f4xx_hal_cortex.o
 .text.__NVIC_SetPriority
                0x0000000008001408       0x54 ./Drivers/STM32F4xx_HAL_Driver/Src/stm32f4xx_hal_cortex.o
 .text.NVIC_EncodePriority
                0x000000000800145c       0x66 ./Drivers/STM32F4xx_HAL_Driver/Src/stm32f4xx_hal_cortex.o
 *fill*         0x00000000080014c2        0x2 
 .text.SysTick_Config
                0x00000000080014c4       0x44 ./Drivers/STM32F4xx_HAL_Driver/Src/stm32f4xx_hal_cortex.o
 .text.HAL_NVIC_SetPriorityGrouping
                0x0000000008001508       0x16 ./Drivers/STM32F4xx_HAL_Driver/Src/stm32f4xx_hal_cortex.o
                0x0000000008001508                HAL_NVIC_SetPriorityGrouping
 .text.HAL_NVIC_SetPriority
                0x000000000800151e       0x38 ./Drivers/STM32F4xx_HAL_Driver/Src/stm32f4xx_hal_cortex.o
                0x000000000800151e                HAL_NVIC_SetPriority
 .text.HAL_NVIC_EnableIRQ
                0x0000000008001556       0x1c ./Drivers/STM32F4xx_HAL_Driver/Src/stm32f4xx_hal_cortex.o
                0x0000000008001556                HAL_NVIC_EnableIRQ
 .text.HAL_SYSTICK_Config
                0x0000000008001572       0x18 ./Drivers/STM32F4xx_HAL_Driver/Src/stm32f4xx_hal_cortex.o
                0x0000000008001572                HAL_SYSTICK_Config
 *fill*         0x000000000800158a        0x2 
 .text.HAL_GPIO_Init
                0x000000000800158c      0x358 ./Drivers/STM32F4xx_HAL_Driver/Src/stm32f4xx_hal_gpio.o
                0x000000000800158c                HAL_GPIO_Init
 .text.HAL_RCC_OscConfig
                0x00000000080018e4      0x4f0 ./Drivers/STM32F4xx_HAL_Driver/Src/stm32f4xx_hal_rcc.o
                0x00000000080018e4                HAL_RCC_OscConfig
 .text.HAL_RCC_ClockConfig
                0x0000000008001dd4      0x1cc ./Drivers/STM32F4xx_HAL_Driver/Src/stm32f4xx_hal_rcc.o
                0x0000000008001dd4                HAL_RCC_ClockConfig
 .text.HAL_RCC_GetSysClockFreq
                0x0000000008001fa0      0x18c ./Drivers/STM32F4xx_HAL_Driver/Src/stm32f4xx_hal_rcc.o
                0x0000000008001fa0                HAL_RCC_GetSysClockFreq
 .text.HAL_RCC_GetHCLKFreq
                0x000000000800212c       0x18 ./Drivers/STM32F4xx_HAL_Driver/Src/stm32f4xx_hal_rcc.o
                0x000000000800212c                HAL_RCC_GetHCLKFreq
 .text.HAL_RCC_GetPCLK1Freq
                0x0000000008002144       0x28 ./Drivers/STM32F4xx_HAL_Driver/Src/stm32f4xx_hal_rcc.o
                0x0000000008002144                HAL_RCC_GetPCLK1Freq
 .text.HAL_RCC_GetPCLK2Freq
                0x000000000800216c       0x28 ./Drivers/STM32F4xx_HAL_Driver/Src/stm32f4xx_hal_rcc.o
                0x000000000800216c                HAL_RCC_GetPCLK2Freq
 .text.HAL_TIM_Base_Init
                0x0000000008002194       0x9e ./Drivers/STM32F4xx_HAL_Driver/Src/stm32f4xx_hal_tim.o
                0x0000000008002194                HAL_TIM_Base_Init
 *fill*         0x0000000008002232        0x2 
 .text.HAL_TIM_Base_Start_IT
                0x0000000008002234       0xe0 ./Drivers/STM32F4xx_HAL_Driver/Src/stm32f4xx_hal_tim.o
                0x0000000008002234                HAL_TIM_Base_Start_IT
 .text.HAL_TIM_Base_Stop_IT
                0x0000000008002314       0x5e ./Drivers/STM32F4xx_HAL_Driver/Src/stm32f4xx_hal_tim.o
                0x0000000008002314                HAL_TIM_Base_Stop_IT
 .text.HAL_TIM_PWM_Init
                0x0000000008002372       0x9e ./Drivers/STM32F4xx_HAL_Driver/Src/stm32f4xx_hal_tim.o
                0x0000000008002372                HAL_TIM_PWM_Init
 .text.HAL_TIM_PWM_Start
                0x0000000008002410      0x190 ./Drivers/STM32F4xx_HAL_Driver/Src/stm32f4xx_hal_tim.o
                0x0000000008002410                HAL_TIM_PWM_Start
 .text.HAL_TIM_IRQHandler
                0x00000000080025a0      0x210 ./Drivers/STM32F4xx_HAL_Driver/Src/stm32f4xx_hal_tim.o
                0x00000000080025a0                HAL_TIM_IRQHandler
 .text.HAL_TIM_PWM_ConfigChannel
                0x00000000080027b0      0x184 ./Drivers/STM32F4xx_HAL_Driver/Src/stm32f4xx_hal_tim.o
                0x00000000080027b0                HAL_TIM_PWM_ConfigChannel
 .text.HAL_TIM_OC_DelayElapsedCallback
                0x0000000008002934       0x14 ./Drivers/STM32F4xx_HAL_Driver/Src/stm32f4xx_hal_tim.o
                0x0000000008002934                HAL_TIM_OC_DelayElapsedCallback
 .text.HAL_TIM_IC_CaptureCallback
                0x0000000008002948       0x14 ./Drivers/STM32F4xx_HAL_Driver/Src/stm32f4xx_hal_tim.o
                0x0000000008002948                HAL_TIM_IC_CaptureCallback
 .text.HAL_TIM_PWM_PulseFinishedCallback
                0x000000000800295c       0x14 ./Drivers/STM32F4xx_HAL_Driver/Src/stm32f4xx_hal_tim.o
                0x000000000800295c                HAL_TIM_PWM_PulseFinishedCallback
 .text.HAL_TIM_TriggerCallback
                0x0000000008002970       0x14 ./Drivers/STM32F4xx_HAL_Driver/Src/stm32f4xx_hal_tim.o
                0x0000000008002970                HAL_TIM_TriggerCallback
 .text.TIM_Base_SetConfig
                0x0000000008002984      0x140 ./Drivers/STM32F4xx_HAL_Driver/Src/stm32f4xx_hal_tim.o
                0x0000000008002984                TIM_Base_SetConfig
 .text.TIM_OC1_SetConfig
                0x0000000008002ac4       0xe0 ./Drivers/STM32F4xx_HAL_Driver/Src/stm32f4xx_hal_tim.o
 .text.TIM_OC2_SetConfig
                0x0000000008002ba4       0xec ./Drivers/STM32F4xx_HAL_Driver/Src/stm32f4xx_hal_tim.o
                0x0000000008002ba4                TIM_OC2_SetConfig
 .text.TIM_OC3_SetConfig
                0x0000000008002c90       0xe8 ./Drivers/STM32F4xx_HAL_Driver/Src/stm32f4xx_hal_tim.o
 .text.TIM_OC4_SetConfig
                0x0000000008002d78       0xac ./Drivers/STM32F4xx_HAL_Driver/Src/stm32f4xx_hal_tim.o
 .text.TIM_CCxChannelCmd
                0x0000000008002e24       0x4a ./Drivers/STM32F4xx_HAL_Driver/Src/stm32f4xx_hal_tim.o
                0x0000000008002e24                TIM_CCxChannelCmd
 *fill*         0x0000000008002e6e        0x2 
 .text.HAL_TIMEx_MasterConfigSynchronization
                0x0000000008002e70       0xf8 ./Drivers/STM32F4xx_HAL_Driver/Src/stm32f4xx_hal_tim_ex.o
                0x0000000008002e70                HAL_TIMEx_MasterConfigSynchronization
 .text.HAL_TIMEx_ConfigBreakDeadTime
                0x0000000008002f68       0xa4 ./Drivers/STM32F4xx_HAL_Driver/Src/stm32f4xx_hal_tim_ex.o
                0x0000000008002f68                HAL_TIMEx_ConfigBreakDeadTime
 .text.HAL_TIMEx_CommutCallback
                0x000000000800300c       0x14 ./Drivers/STM32F4xx_HAL_Driver/Src/stm32f4xx_hal_tim_ex.o
                0x000000000800300c                HAL_TIMEx_CommutCallback
 .text.HAL_TIMEx_BreakCallback
                0x0000000008003020       0x14 ./Drivers/STM32F4xx_HAL_Driver/Src/stm32f4xx_hal_tim_ex.o
                0x0000000008003020                HAL_TIMEx_BreakCallback
 .text.HAL_UART_Init
                0x0000000008003034       0x9a ./Drivers/STM32F4xx_HAL_Driver/Src/stm32f4xx_hal_uart.o
                0x0000000008003034                HAL_UART_Init
 .text.HAL_UART_Transmit
                0x00000000080030ce      0x124 ./Drivers/STM32F4xx_HAL_Driver/Src/stm32f4xx_hal_uart.o
                0x00000000080030ce                HAL_UART_Transmit
 .text.HAL_UART_Receive
                0x00000000080031f2      0x144 ./Drivers/STM32F4xx_HAL_Driver/Src/stm32f4xx_hal_uart.o
                0x00000000080031f2                HAL_UART_Receive
 .text.UART_WaitOnFlagUntilTimeout
                0x0000000008003336       0xdc ./Drivers/STM32F4xx_HAL_Driver/Src/stm32f4xx_hal_uart.o
 *fill*         0x0000000008003412        0x2 
 .text.UART_SetConfig
                0x0000000008003414      0x4e8 ./Drivers/STM32F4xx_HAL_Driver/Src/stm32f4xx_hal_uart.o
 .text.__errno  0x00000000080038fc        0xc c:/st/stm32cubeide_1.9.0/stm32cubeide/plugins/com.st.stm32cube.ide.mcu.externaltools.gnu-tools-for-stm32.10.3-2021.10.win32_1.0.0.202111181127/tools/bin/../lib/gcc/arm-none-eabi/10.3.1/../../../../arm-none-eabi/lib/thumb/v7e-m+fp/hard\libc_nano.a(lib_a-errno.o)
                0x00000000080038fc                __errno
 .text.__libc_init_array
                0x0000000008003908       0x48 c:/st/stm32cubeide_1.9.0/stm32cubeide/plugins/com.st.stm32cube.ide.mcu.externaltools.gnu-tools-for-stm32.10.3-2021.10.win32_1.0.0.202111181127/tools/bin/../lib/gcc/arm-none-eabi/10.3.1/../../../../arm-none-eabi/lib/thumb/v7e-m+fp/hard\libc_nano.a(lib_a-init.o)
                0x0000000008003908                __libc_init_array
 .text.memset   0x0000000008003950       0x10 c:/st/stm32cubeide_1.9.0/stm32cubeide/plugins/com.st.stm32cube.ide.mcu.externaltools.gnu-tools-for-stm32.10.3-2021.10.win32_1.0.0.202111181127/tools/bin/../lib/gcc/arm-none-eabi/10.3.1/../../../../arm-none-eabi/lib/thumb/v7e-m+fp/hard\libc_nano.a(lib_a-memset.o)
                0x0000000008003950                memset
 .text.sscanf   0x0000000008003960       0x58 c:/st/stm32cubeide_1.9.0/stm32cubeide/plugins/com.st.stm32cube.ide.mcu.externaltools.gnu-tools-for-stm32.10.3-2021.10.win32_1.0.0.202111181127/tools/bin/../lib/gcc/arm-none-eabi/10.3.1/../../../../arm-none-eabi/lib/thumb/v7e-m+fp/hard\libc_nano.a(lib_a-sscanf.o)
                0x0000000008003960                siscanf
                0x0000000008003960                sscanf
 .text.__seofread
                0x00000000080039b8        0x4 c:/st/stm32cubeide_1.9.0/stm32cubeide/plugins/com.st.stm32cube.ide.mcu.externaltools.gnu-tools-for-stm32.10.3-2021.10.win32_1.0.0.202111181127/tools/bin/../lib/gcc/arm-none-eabi/10.3.1/../../../../arm-none-eabi/lib/thumb/v7e-m+fp/hard\libc_nano.a(lib_a-stdio.o)
                0x00000000080039b8                __seofread
 .text.strchr   0x00000000080039bc       0x1a c:/st/stm32cubeide_1.9.0/stm32cubeide/plugins/com.st.stm32cube.ide.mcu.externaltools.gnu-tools-for-stm32.10.3-2021.10.win32_1.0.0.202111181127/tools/bin/../lib/gcc/arm-none-eabi/10.3.1/../../../../arm-none-eabi/lib/thumb/v7e-m+fp/hard\libc_nano.a(lib_a-strchr.o)
                0x00000000080039bc                strchr
 .text._sungetc_r
                0x00000000080039d6       0x7a c:/st/stm32cubeide_1.9.0/stm32cubeide/plugins/com.st.stm32cube.ide.mcu.externaltools.gnu-tools-for-stm32.10.3-2021.10.win32_1.0.0.202111181127/tools/bin/../lib/gcc/arm-none-eabi/10.3.1/../../../../arm-none-eabi/lib/thumb/v7e-m+fp/hard\libc_nano.a(lib_a-nano-svfscanf.o)
                0x00000000080039d6                _sungetc_r
 .text.__ssrefill_r
                0x0000000008003a50       0x3a c:/st/stm32cubeide_1.9.0/stm32cubeide/plugins/com.st.stm32cube.ide.mcu.externaltools.gnu-tools-for-stm32.10.3-2021.10.win32_1.0.0.202111181127/tools/bin/../lib/gcc/arm-none-eabi/10.3.1/../../../../arm-none-eabi/lib/thumb/v7e-m+fp/hard\libc_nano.a(lib_a-nano-svfscanf.o)
                0x0000000008003a50                __ssrefill_r
 *fill*         0x0000000008003a8a        0x2 
 .text.__ssvfscanf_r
                0x0000000008003a8c      0x2f0 c:/st/stm32cubeide_1.9.0/stm32cubeide/plugins/com.st.stm32cube.ide.mcu.externaltools.gnu-tools-for-stm32.10.3-2021.10.win32_1.0.0.202111181127/tools/bin/../lib/gcc/arm-none-eabi/10.3.1/../../../../arm-none-eabi/lib/thumb/v7e-m+fp/hard\libc_nano.a(lib_a-nano-svfscanf.o)
                0x0000000008003a8c                __ssvfiscanf_r
                0x0000000008003a8c                __ssvfscanf_r
 .text._scanf_chars
                0x0000000008003d7c       0xb4 c:/st/stm32cubeide_1.9.0/stm32cubeide/plugins/com.st.stm32cube.ide.mcu.externaltools.gnu-tools-for-stm32.10.3-2021.10.win32_1.0.0.202111181127/tools/bin/../lib/gcc/arm-none-eabi/10.3.1/../../../../arm-none-eabi/lib/thumb/v7e-m+fp/hard\libc_nano.a(lib_a-nano-vfscanf_i.o)
                0x0000000008003d7c                _scanf_chars
 .text._scanf_i
                0x0000000008003e30      0x1f0 c:/st/stm32cubeide_1.9.0/stm32cubeide/plugins/com.st.stm32cube.ide.mcu.externaltools.gnu-tools-for-stm32.10.3-2021.10.win32_1.0.0.202111181127/tools/bin/../lib/gcc/arm-none-eabi/10.3.1/../../../../arm-none-eabi/lib/thumb/v7e-m+fp/hard\libc_nano.a(lib_a-nano-vfscanf_i.o)
                0x0000000008003e30                _scanf_i
 .text.__sccl   0x0000000008004020       0x70 c:/st/stm32cubeide_1.9.0/stm32cubeide/plugins/com.st.stm32cube.ide.mcu.externaltools.gnu-tools-for-stm32.10.3-2021.10.win32_1.0.0.202111181127/tools/bin/../lib/gcc/arm-none-eabi/10.3.1/../../../../arm-none-eabi/lib/thumb/v7e-m+fp/hard\libc_nano.a(lib_a-sccl.o)
                0x0000000008004020                __sccl
 .text._strtol_l.constprop.0
                0x0000000008004090      0x104 c:/st/stm32cubeide_1.9.0/stm32cubeide/plugins/com.st.stm32cube.ide.mcu.externaltools.gnu-tools-for-stm32.10.3-2021.10.win32_1.0.0.202111181127/tools/bin/../lib/gcc/arm-none-eabi/10.3.1/../../../../arm-none-eabi/lib/thumb/v7e-m+fp/hard\libc_nano.a(lib_a-strtol.o)
 .text._strtol_r
                0x0000000008004194        0x4 c:/st/stm32cubeide_1.9.0/stm32cubeide/plugins/com.st.stm32cube.ide.mcu.externaltools.gnu-tools-for-stm32.10.3-2021.10.win32_1.0.0.202111181127/tools/bin/../lib/gcc/arm-none-eabi/10.3.1/../../../../arm-none-eabi/lib/thumb/v7e-m+fp/hard\libc_nano.a(lib_a-strtol.o)
                0x0000000008004194                _strtol_r
 .text._strtoul_l.constprop.0
                0x0000000008004198       0xe4 c:/st/stm32cubeide_1.9.0/stm32cubeide/plugins/com.st.stm32cube.ide.mcu.externaltools.gnu-tools-for-stm32.10.3-2021.10.win32_1.0.0.202111181127/tools/bin/../lib/gcc/arm-none-eabi/10.3.1/../../../../arm-none-eabi/lib/thumb/v7e-m+fp/hard\libc_nano.a(lib_a-strtoul.o)
 .text._strtoul_r
                0x000000000800427c        0x4 c:/st/stm32cubeide_1.9.0/stm32cubeide/plugins/com.st.stm32cube.ide.mcu.externaltools.gnu-tools-for-stm32.10.3-2021.10.win32_1.0.0.202111181127/tools/bin/../lib/gcc/arm-none-eabi/10.3.1/../../../../arm-none-eabi/lib/thumb/v7e-m+fp/hard\libc_nano.a(lib_a-strtoul.o)
                0x000000000800427c                _strtoul_r
 .text.__submore
                0x0000000008004280       0x74 c:/st/stm32cubeide_1.9.0/stm32cubeide/plugins/com.st.stm32cube.ide.mcu.externaltools.gnu-tools-for-stm32.10.3-2021.10.win32_1.0.0.202111181127/tools/bin/../lib/gcc/arm-none-eabi/10.3.1/../../../../arm-none-eabi/lib/thumb/v7e-m+fp/hard\libc_nano.a(lib_a-ungetc.o)
                0x0000000008004280                __submore
 .text.__retarget_lock_acquire_recursive
                0x00000000080042f4        0x2 c:/st/stm32cubeide_1.9.0/stm32cubeide/plugins/com.st.stm32cube.ide.mcu.externaltools.gnu-tools-for-stm32.10.3-2021.10.win32_1.0.0.202111181127/tools/bin/../lib/gcc/arm-none-eabi/10.3.1/../../../../arm-none-eabi/lib/thumb/v7e-m+fp/hard\libc_nano.a(lib_a-lock.o)
                0x00000000080042f4                __retarget_lock_acquire_recursive
 .text.__retarget_lock_release_recursive
                0x00000000080042f6        0x2 c:/st/stm32cubeide_1.9.0/stm32cubeide/plugins/com.st.stm32cube.ide.mcu.externaltools.gnu-tools-for-stm32.10.3-2021.10.win32_1.0.0.202111181127/tools/bin/../lib/gcc/arm-none-eabi/10.3.1/../../../../arm-none-eabi/lib/thumb/v7e-m+fp/hard\libc_nano.a(lib_a-lock.o)
                0x00000000080042f6                __retarget_lock_release_recursive
 .text.memcpy   0x00000000080042f8       0x1c c:/st/stm32cubeide_1.9.0/stm32cubeide/plugins/com.st.stm32cube.ide.mcu.externaltools.gnu-tools-for-stm32.10.3-2021.10.win32_1.0.0.202111181127/tools/bin/../lib/gcc/arm-none-eabi/10.3.1/../../../../arm-none-eabi/lib/thumb/v7e-m+fp/hard\libc_nano.a(lib_a-memcpy-stub.o)
                0x00000000080042f8                memcpy
 .text._free_r  0x0000000008004314       0x98 c:/st/stm32cubeide_1.9.0/stm32cubeide/plugins/com.st.stm32cube.ide.mcu.externaltools.gnu-tools-for-stm32.10.3-2021.10.win32_1.0.0.202111181127/tools/bin/../lib/gcc/arm-none-eabi/10.3.1/../../../../arm-none-eabi/lib/thumb/v7e-m+fp/hard\libc_nano.a(lib_a-nano-freer.o)
                0x0000000008004314                _free_r
 .text.sbrk_aligned
                0x00000000080043ac       0x40 c:/st/stm32cubeide_1.9.0/stm32cubeide/plugins/com.st.stm32cube.ide.mcu.externaltools.gnu-tools-for-stm32.10.3-2021.10.win32_1.0.0.202111181127/tools/bin/../lib/gcc/arm-none-eabi/10.3.1/../../../../arm-none-eabi/lib/thumb/v7e-m+fp/hard\libc_nano.a(lib_a-nano-mallocr.o)
 .text._malloc_r
                0x00000000080043ec       0xe8 c:/st/stm32cubeide_1.9.0/stm32cubeide/plugins/com.st.stm32cube.ide.mcu.externaltools.gnu-tools-for-stm32.10.3-2021.10.win32_1.0.0.202111181127/tools/bin/../lib/gcc/arm-none-eabi/10.3.1/../../../../arm-none-eabi/lib/thumb/v7e-m+fp/hard\libc_nano.a(lib_a-nano-mallocr.o)
                0x00000000080043ec                _malloc_r
 .text._realloc_r
                0x00000000080044d4       0x5e c:/st/stm32cubeide_1.9.0/stm32cubeide/plugins/com.st.stm32cube.ide.mcu.externaltools.gnu-tools-for-stm32.10.3-2021.10.win32_1.0.0.202111181127/tools/bin/../lib/gcc/arm-none-eabi/10.3.1/../../../../arm-none-eabi/lib/thumb/v7e-m+fp/hard\libc_nano.a(lib_a-nano-reallocr.o)
                0x00000000080044d4                _realloc_r
 *fill*         0x0000000008004532        0x2 
 .text._sbrk_r  0x0000000008004534       0x20 c:/st/stm32cubeide_1.9.0/stm32cubeide/plugins/com.st.stm32cube.ide.mcu.externaltools.gnu-tools-for-stm32.10.3-2021.10.win32_1.0.0.202111181127/tools/bin/../lib/gcc/arm-none-eabi/10.3.1/../../../../arm-none-eabi/lib/thumb/v7e-m+fp/hard\libc_nano.a(lib_a-sbrkr.o)
                0x0000000008004534                _sbrk_r
 .text.__malloc_lock
                0x0000000008004554        0xc c:/st/stm32cubeide_1.9.0/stm32cubeide/plugins/com.st.stm32cube.ide.mcu.externaltools.gnu-tools-for-stm32.10.3-2021.10.win32_1.0.0.202111181127/tools/bin/../lib/gcc/arm-none-eabi/10.3.1/../../../../arm-none-eabi/lib/thumb/v7e-m+fp/hard\libc_nano.a(lib_a-mlock.o)
                0x0000000008004554                __malloc_lock
 .text.__malloc_unlock
                0x0000000008004560        0xc c:/st/stm32cubeide_1.9.0/stm32cubeide/plugins/com.st.stm32cube.ide.mcu.externaltools.gnu-tools-for-stm32.10.3-2021.10.win32_1.0.0.202111181127/tools/bin/../lib/gcc/arm-none-eabi/10.3.1/../../../../arm-none-eabi/lib/thumb/v7e-m+fp/hard\libc_nano.a(lib_a-mlock.o)
                0x0000000008004560                __malloc_unlock
 .text._malloc_usable_size_r
                0x000000000800456c       0x10 c:/st/stm32cubeide_1.9.0/stm32cubeide/plugins/com.st.stm32cube.ide.mcu.externaltools.gnu-tools-for-stm32.10.3-2021.10.win32_1.0.0.202111181127/tools/bin/../lib/gcc/arm-none-eabi/10.3.1/../../../../arm-none-eabi/lib/thumb/v7e-m+fp/hard\libc_nano.a(lib_a-nano-msizer.o)
                0x000000000800456c                _malloc_usable_size_r
 *(.glue_7)
 .glue_7        0x000000000800457c        0x0 linker stubs
 *(.glue_7t)
 .glue_7t       0x000000000800457c        0x0 linker stubs
 *(.eh_frame)
 .eh_frame      0x000000000800457c        0x0 c:/st/stm32cubeide_1.9.0/stm32cubeide/plugins/com.st.stm32cube.ide.mcu.externaltools.gnu-tools-for-stm32.10.3-2021.10.win32_1.0.0.202111181127/tools/bin/../lib/gcc/arm-none-eabi/10.3.1/thumb/v7e-m+fp/hard/crtbegin.o
 *(.init)
 .init          0x000000000800457c        0x4 c:/st/stm32cubeide_1.9.0/stm32cubeide/plugins/com.st.stm32cube.ide.mcu.externaltools.gnu-tools-for-stm32.10.3-2021.10.win32_1.0.0.202111181127/tools/bin/../lib/gcc/arm-none-eabi/10.3.1/thumb/v7e-m+fp/hard/crti.o
                0x000000000800457c                _init
 .init          0x0000000008004580        0x8 c:/st/stm32cubeide_1.9.0/stm32cubeide/plugins/com.st.stm32cube.ide.mcu.externaltools.gnu-tools-for-stm32.10.3-2021.10.win32_1.0.0.202111181127/tools/bin/../lib/gcc/arm-none-eabi/10.3.1/thumb/v7e-m+fp/hard/crtn.o
 *(.fini)
 .fini          0x0000000008004588        0x4 c:/st/stm32cubeide_1.9.0/stm32cubeide/plugins/com.st.stm32cube.ide.mcu.externaltools.gnu-tools-for-stm32.10.3-2021.10.win32_1.0.0.202111181127/tools/bin/../lib/gcc/arm-none-eabi/10.3.1/thumb/v7e-m+fp/hard/crti.o
                0x0000000008004588                _fini
 .fini          0x000000000800458c        0x8 c:/st/stm32cubeide_1.9.0/stm32cubeide/plugins/com.st.stm32cube.ide.mcu.externaltools.gnu-tools-for-stm32.10.3-2021.10.win32_1.0.0.202111181127/tools/bin/../lib/gcc/arm-none-eabi/10.3.1/thumb/v7e-m+fp/hard/crtn.o
                0x0000000008004594                . = ALIGN (0x4)
                0x0000000008004594                _etext = .

.vfp11_veneer   0x0000000008004594        0x0
 .vfp11_veneer  0x0000000008004594        0x0 linker stubs

.v4_bx          0x0000000008004594        0x0
 .v4_bx         0x0000000008004594        0x0 linker stubs

.iplt           0x0000000008004594        0x0
 .iplt          0x0000000008004594        0x0 c:/st/stm32cubeide_1.9.0/stm32cubeide/plugins/com.st.stm32cube.ide.mcu.externaltools.gnu-tools-for-stm32.10.3-2021.10.win32_1.0.0.202111181127/tools/bin/../lib/gcc/arm-none-eabi/10.3.1/thumb/v7e-m+fp/hard/crtbegin.o

.rodata         0x0000000008004594      0x554
                0x0000000008004594                . = ALIGN (0x4)
 *(.rodata)
 .rodata        0x0000000008004594      0x14d ./Core/Src/main.o
 *fill*         0x00000000080046e1        0x3 
 .rodata        0x00000000080046e4        0xc c:/st/stm32cubeide_1.9.0/stm32cubeide/plugins/com.st.stm32cube.ide.mcu.externaltools.gnu-tools-for-stm32.10.3-2021.10.win32_1.0.0.202111181127/tools/bin/../lib/gcc/arm-none-eabi/10.3.1/../../../../arm-none-eabi/lib/thumb/v7e-m+fp/hard\libc_nano.a(lib_a-nano-vfscanf_i.o)
 *(.rodata*)
 .rodata.melody1
                0x00000000080046f0       0xb0 ./Core/Src/main.o
 .rodata.melody2
                0x00000000080047a0      0x160 ./Core/Src/main.o
 .rodata.melody3
                0x0000000008004900       0x28 ./Core/Src/main.o
 .rodata.melody4
                0x0000000008004928       0x28 ./Core/Src/main.o
 .rodata.AHBPrescTable
                0x0000000008004950       0x10 ./Core/Src/system_stm32f4xx.o
                0x0000000008004950                AHBPrescTable
 .rodata.APBPrescTable
                0x0000000008004960        0x8 ./Core/Src/system_stm32f4xx.o
                0x0000000008004960                APBPrescTable
 .rodata.__ssvfscanf_r.str1.1
                0x0000000008004968        0x4 c:/st/stm32cubeide_1.9.0/stm32cubeide/plugins/com.st.stm32cube.ide.mcu.externaltools.gnu-tools-for-stm32.10.3-2021.10.win32_1.0.0.202111181127/tools/bin/../lib/gcc/arm-none-eabi/10.3.1/../../../../arm-none-eabi/lib/thumb/v7e-m+fp/hard\libc_nano.a(lib_a-nano-svfscanf.o)
 .rodata.str1.1
                0x000000000800496c        0x9 c:/st/stm32cubeide_1.9.0/stm32cubeide/plugins/com.st.stm32cube.ide.mcu.externaltools.gnu-tools-for-stm32.10.3-2021.10.win32_1.0.0.202111181127/tools/bin/../lib/gcc/arm-none-eabi/10.3.1/../../../../arm-none-eabi/lib/thumb/v7e-m+fp/hard\libc_nano.a(lib_a-nano-vfscanf_i.o)
 .rodata._scanf_i.str1.1
                0x0000000008004975       0x12 c:/st/stm32cubeide_1.9.0/stm32cubeide/plugins/com.st.stm32cube.ide.mcu.externaltools.gnu-tools-for-stm32.10.3-2021.10.win32_1.0.0.202111181127/tools/bin/../lib/gcc/arm-none-eabi/10.3.1/../../../../arm-none-eabi/lib/thumb/v7e-m+fp/hard\libc_nano.a(lib_a-nano-vfscanf_i.o)
 .rodata._ctype_
                0x0000000008004987      0x101 c:/st/stm32cubeide_1.9.0/stm32cubeide/plugins/com.st.stm32cube.ide.mcu.externaltools.gnu-tools-for-stm32.10.3-2021.10.win32_1.0.0.202111181127/tools/bin/../lib/gcc/arm-none-eabi/10.3.1/../../../../arm-none-eabi/lib/thumb/v7e-m+fp/hard\libc_nano.a(lib_a-ctype_.o)
                0x0000000008004987                _ctype_
 .rodata.__sf_fake_stderr
                0x0000000008004a88       0x20 c:/st/stm32cubeide_1.9.0/stm32cubeide/plugins/com.st.stm32cube.ide.mcu.externaltools.gnu-tools-for-stm32.10.3-2021.10.win32_1.0.0.202111181127/tools/bin/../lib/gcc/arm-none-eabi/10.3.1/../../../../arm-none-eabi/lib/thumb/v7e-m+fp/hard\libc_nano.a(lib_a-findfp.o)
                0x0000000008004a88                __sf_fake_stderr
 .rodata.__sf_fake_stdin
                0x0000000008004aa8       0x20 c:/st/stm32cubeide_1.9.0/stm32cubeide/plugins/com.st.stm32cube.ide.mcu.externaltools.gnu-tools-for-stm32.10.3-2021.10.win32_1.0.0.202111181127/tools/bin/../lib/gcc/arm-none-eabi/10.3.1/../../../../arm-none-eabi/lib/thumb/v7e-m+fp/hard\libc_nano.a(lib_a-findfp.o)
                0x0000000008004aa8                __sf_fake_stdin
 .rodata.__sf_fake_stdout
                0x0000000008004ac8       0x20 c:/st/stm32cubeide_1.9.0/stm32cubeide/plugins/com.st.stm32cube.ide.mcu.externaltools.gnu-tools-for-stm32.10.3-2021.10.win32_1.0.0.202111181127/tools/bin/../lib/gcc/arm-none-eabi/10.3.1/../../../../arm-none-eabi/lib/thumb/v7e-m+fp/hard\libc_nano.a(lib_a-findfp.o)
                0x0000000008004ac8                __sf_fake_stdout
                0x0000000008004ae8                . = ALIGN (0x4)

.ARM.extab      0x0000000008004ae8        0x0
                0x0000000008004ae8                . = ALIGN (0x4)
 *(.ARM.extab* .gnu.linkonce.armextab.*)
                0x0000000008004ae8                . = ALIGN (0x4)

.ARM            0x0000000008004ae8        0x8
                0x0000000008004ae8                . = ALIGN (0x4)
                0x0000000008004ae8                __exidx_start = .
 *(.ARM.exidx*)
 .ARM.exidx     0x0000000008004ae8        0x8 c:/st/stm32cubeide_1.9.0/stm32cubeide/plugins/com.st.stm32cube.ide.mcu.externaltools.gnu-tools-for-stm32.10.3-2021.10.win32_1.0.0.202111181127/tools/bin/../lib/gcc/arm-none-eabi/10.3.1/thumb/v7e-m+fp/hard\libgcc.a(_udivmoddi4.o)
                0x0000000008004af0                __exidx_end = .
                0x0000000008004af0                . = ALIGN (0x4)

.rel.dyn        0x0000000008004af0        0x0
 .rel.iplt      0x0000000008004af0        0x0 c:/st/stm32cubeide_1.9.0/stm32cubeide/plugins/com.st.stm32cube.ide.mcu.externaltools.gnu-tools-for-stm32.10.3-2021.10.win32_1.0.0.202111181127/tools/bin/../lib/gcc/arm-none-eabi/10.3.1/thumb/v7e-m+fp/hard/crtbegin.o

.preinit_array  0x0000000008004af0        0x0
                0x0000000008004af0                . = ALIGN (0x4)
                0x0000000008004af0                PROVIDE (__preinit_array_start = .)
 *(.preinit_array*)
                0x0000000008004af0                PROVIDE (__preinit_array_end = .)
                0x0000000008004af0                . = ALIGN (0x4)

.init_array     0x0000000008004af0        0x4
                0x0000000008004af0                . = ALIGN (0x4)
                0x0000000008004af0                PROVIDE (__init_array_start = .)
 *(SORT_BY_NAME(.init_array.*))
 *(.init_array*)
 .init_array    0x0000000008004af0        0x4 c:/st/stm32cubeide_1.9.0/stm32cubeide/plugins/com.st.stm32cube.ide.mcu.externaltools.gnu-tools-for-stm32.10.3-2021.10.win32_1.0.0.202111181127/tools/bin/../lib/gcc/arm-none-eabi/10.3.1/thumb/v7e-m+fp/hard/crtbegin.o
                0x0000000008004af4                PROVIDE (__init_array_end = .)
                0x0000000008004af4                . = ALIGN (0x4)

.fini_array     0x0000000008004af4        0x4
                0x0000000008004af4                . = ALIGN (0x4)
                [!provide]                        PROVIDE (__fini_array_start = .)
 *(SORT_BY_NAME(.fini_array.*))
 *(.fini_array*)
 .fini_array    0x0000000008004af4        0x4 c:/st/stm32cubeide_1.9.0/stm32cubeide/plugins/com.st.stm32cube.ide.mcu.externaltools.gnu-tools-for-stm32.10.3-2021.10.win32_1.0.0.202111181127/tools/bin/../lib/gcc/arm-none-eabi/10.3.1/thumb/v7e-m+fp/hard/crtbegin.o
                [!provide]                        PROVIDE (__fini_array_end = .)
                0x0000000008004af8                . = ALIGN (0x4)
                0x0000000008004af8                _sidata = LOADADDR (.data)

.data           0x0000000020000000      0x184 load address 0x0000000008004af8
                0x0000000020000000                . = ALIGN (0x4)
                0x0000000020000000                _sdata = .
 *(.data)
 *(.data*)
 .data.enter_user_mode_msg
                0x0000000020000000       0x75 ./Core/Src/main.o
                0x0000000020000000                enter_user_mode_msg
 *fill*         0x0000000020000075        0x3 
 .data.user_melody_done_msg
                0x0000000020000078       0x48 ./Core/Src/main.o
                0x0000000020000078                user_melody_done_msg
 .data.unknown_command_msg
                0x00000000200000c0       0x15 ./Core/Src/main.o
                0x00000000200000c0                unknown_command_msg
 *fill*         0x00000000200000d5        0x3 
 .data.playing_standard_msg
                0x00000000200000d8       0x1f ./Core/Src/main.o
                0x00000000200000d8                playing_standard_msg
 *fill*         0x00000000200000f7        0x1 
 .data.playing_user_msg
                0x00000000200000f8       0x1b ./Core/Src/main.o
                0x00000000200000f8                playing_user_msg
 *fill*         0x0000000020000113        0x1 
 .data.SystemCoreClock
                0x0000000020000114        0x4 ./Core/Src/system_stm32f4xx.o
                0x0000000020000114                SystemCoreClock
 .data.uwTickPrio
                0x0000000020000118        0x4 ./Drivers/STM32F4xx_HAL_Driver/Src/stm32f4xx_hal.o
                0x0000000020000118                uwTickPrio
 .data.uwTickFreq
                0x000000002000011c        0x1 ./Drivers/STM32F4xx_HAL_Driver/Src/stm32f4xx_hal.o
                0x000000002000011c                uwTickFreq
 *fill*         0x000000002000011d        0x3 
 .data._impure_ptr
                0x0000000020000120        0x4 c:/st/stm32cubeide_1.9.0/stm32cubeide/plugins/com.st.stm32cube.ide.mcu.externaltools.gnu-tools-for-stm32.10.3-2021.10.win32_1.0.0.202111181127/tools/bin/../lib/gcc/arm-none-eabi/10.3.1/../../../../arm-none-eabi/lib/thumb/v7e-m+fp/hard\libc_nano.a(lib_a-impure.o)
                0x0000000020000120                _impure_ptr
 .data.impure_data
                0x0000000020000124       0x60 c:/st/stm32cubeide_1.9.0/stm32cubeide/plugins/com.st.stm32cube.ide.mcu.externaltools.gnu-tools-for-stm32.10.3-2021.10.win32_1.0.0.202111181127/tools/bin/../lib/gcc/arm-none-eabi/10.3.1/../../../../arm-none-eabi/lib/thumb/v7e-m+fp/hard\libc_nano.a(lib_a-impure.o)
 *(.RamFunc)
 *(.RamFunc*)
                0x0000000020000184                . = ALIGN (0x4)
                0x0000000020000184                _edata = .
                0x0000000008004c7c                _siccmram = LOADADDR (.ccmram)

.igot.plt       0x0000000020000184        0x0 load address 0x0000000008004c7c
 .igot.plt      0x0000000020000184        0x0 c:/st/stm32cubeide_1.9.0/stm32cubeide/plugins/com.st.stm32cube.ide.mcu.externaltools.gnu-tools-for-stm32.10.3-2021.10.win32_1.0.0.202111181127/tools/bin/../lib/gcc/arm-none-eabi/10.3.1/thumb/v7e-m+fp/hard/crtbegin.o

.ccmram         0x0000000010000000        0x0 load address 0x0000000008004c7c
                0x0000000010000000                . = ALIGN (0x4)
                0x0000000010000000                _sccmram = .
 *(.ccmram)
 *(.ccmram*)
                0x0000000010000000                . = ALIGN (0x4)
                0x0000000010000000                _eccmram = .
                0x0000000010000000                . = ALIGN (0x4)

.bss            0x0000000020000184      0x244
                0x0000000020000184                _sbss = .
                0x0000000020000184                __bss_start__ = _sbss
 *(.bss)
 .bss           0x0000000020000184       0x1c c:/st/stm32cubeide_1.9.0/stm32cubeide/plugins/com.st.stm32cube.ide.mcu.externaltools.gnu-tools-for-stm32.10.3-2021.10.win32_1.0.0.202111181127/tools/bin/../lib/gcc/arm-none-eabi/10.3.1/thumb/v7e-m+fp/hard/crtbegin.o
 *(.bss*)
 .bss.userMelody
                0x00000000200001a0       0xa0 ./Core/Src/main.o
 .bss.userMelodyCount
                0x0000000020000240        0x1 ./Core/Src/main.o
 .bss.inUserMelodyConfig
                0x0000000020000241        0x1 ./Core/Src/main.o
 *fill*         0x0000000020000242        0x2 
 .bss.uartInputBuffer
                0x0000000020000244       0x40 ./Core/Src/main.o
 .bss.uartInputIndex
                0x0000000020000284        0x1 ./Core/Src/main.o
 .bss.melodyState
                0x0000000020000285        0x1 ./Core/Src/main.o
 *fill*         0x0000000020000286        0x2 
 .bss.currentMelody
                0x0000000020000288        0x4 ./Core/Src/main.o
 .bss.currentMelodyLength
                0x000000002000028c        0x2 ./Core/Src/main.o
 .bss.currentNoteIndex
                0x000000002000028e        0x2 ./Core/Src/main.o
 .bss.timerStarted
                0x0000000020000290        0x1 ./Core/Src/main.o
 *fill*         0x0000000020000291        0x3 
 .bss.__sbrk_heap_end
                0x0000000020000294        0x4 ./Core/Src/sysmem.o
 .bss.htim1     0x0000000020000298       0x48 ./Core/Src/tim.o
                0x0000000020000298                htim1
 .bss.htim4     0x00000000200002e0       0x48 ./Core/Src/tim.o
                0x00000000200002e0                htim4
 .bss.htim6     0x0000000020000328       0x48 ./Core/Src/tim.o
                0x0000000020000328                htim6
 .bss.huart6    0x0000000020000370       0x44 ./Core/Src/usart.o
                0x0000000020000370                huart6
 .bss.uwTick    0x00000000200003b4        0x4 ./Drivers/STM32F4xx_HAL_Driver/Src/stm32f4xx_hal.o
                0x00000000200003b4                uwTick
 .bss.errno     0x00000000200003b8        0x4 c:/st/stm32cubeide_1.9.0/stm32cubeide/plugins/com.st.stm32cube.ide.mcu.externaltools.gnu-tools-for-stm32.10.3-2021.10.win32_1.0.0.202111181127/tools/bin/../lib/gcc/arm-none-eabi/10.3.1/../../../../arm-none-eabi/lib/thumb/v7e-m+fp/hard\libc_nano.a(lib_a-reent.o)
                0x00000000200003b8                errno
 .bss.__lock___malloc_recursive_mutex
                0x00000000200003bc        0x1 c:/st/stm32cubeide_1.9.0/stm32cubeide/plugins/com.st.stm32cube.ide.mcu.externaltools.gnu-tools-for-stm32.10.3-2021.10.win32_1.0.0.202111181127/tools/bin/../lib/gcc/arm-none-eabi/10.3.1/../../../../arm-none-eabi/lib/thumb/v7e-m+fp/hard\libc_nano.a(lib_a-lock.o)
                0x00000000200003bc                __lock___malloc_recursive_mutex
 *fill*         0x00000000200003bd        0x3 
 .bss.__malloc_free_list
                0x00000000200003c0        0x4 c:/st/stm32cubeide_1.9.0/stm32cubeide/plugins/com.st.stm32cube.ide.mcu.externaltools.gnu-tools-for-stm32.10.3-2021.10.win32_1.0.0.202111181127/tools/bin/../lib/gcc/arm-none-eabi/10.3.1/../../../../arm-none-eabi/lib/thumb/v7e-m+fp/hard\libc_nano.a(lib_a-nano-mallocr.o)
                0x00000000200003c0                __malloc_free_list
 .bss.__malloc_sbrk_start
                0x00000000200003c4        0x4 c:/st/stm32cubeide_1.9.0/stm32cubeide/plugins/com.st.stm32cube.ide.mcu.externaltools.gnu-tools-for-stm32.10.3-2021.10.win32_1.0.0.202111181127/tools/bin/../lib/gcc/arm-none-eabi/10.3.1/../../../../arm-none-eabi/lib/thumb/v7e-m+fp/hard\libc_nano.a(lib_a-nano-mallocr.o)
                0x00000000200003c4                __malloc_sbrk_start
 *(COMMON)
                0x00000000200003c8                . = ALIGN (0x4)
                0x00000000200003c8                _ebss = .
                0x00000000200003c8                __bss_end__ = _ebss

._user_heap_stack
                0x00000000200003c8      0x600
                0x00000000200003c8                . = ALIGN (0x8)
                [!provide]                        PROVIDE (end = .)
                0x00000000200003c8                PROVIDE (_end = .)
                0x00000000200005c8                . = (. + _Min_Heap_Size)
 *fill*         0x00000000200003c8      0x200 
                0x00000000200009c8                . = (. + _Min_Stack_Size)
 *fill*         0x00000000200005c8      0x400 
                0x00000000200009c8                . = ALIGN (0x8)

/DISCARD/
 libc.a(*)
 libm.a(*)
 libgcc.a(*)

.ARM.attributes
                0x0000000000000000       0x30
 *(.ARM.attributes)
 .ARM.attributes
                0x0000000000000000       0x1e c:/st/stm32cubeide_1.9.0/stm32cubeide/plugins/com.st.stm32cube.ide.mcu.externaltools.gnu-tools-for-stm32.10.3-2021.10.win32_1.0.0.202111181127/tools/bin/../lib/gcc/arm-none-eabi/10.3.1/thumb/v7e-m+fp/hard/crti.o
 .ARM.attributes
                0x000000000000001e       0x34 c:/st/stm32cubeide_1.9.0/stm32cubeide/plugins/com.st.stm32cube.ide.mcu.externaltools.gnu-tools-for-stm32.10.3-2021.10.win32_1.0.0.202111181127/tools/bin/../lib/gcc/arm-none-eabi/10.3.1/thumb/v7e-m+fp/hard/crtbegin.o
 .ARM.attributes
                0x0000000000000052       0x34 ./Core/Src/gpio.o
 .ARM.attributes
                0x0000000000000086       0x34 ./Core/Src/main.o
 .ARM.attributes
                0x00000000000000ba       0x34 ./Core/Src/stm32f4xx_hal_msp.o
 .ARM.attributes
                0x00000000000000ee       0x34 ./Core/Src/stm32f4xx_it.o
 .ARM.attributes
                0x0000000000000122       0x34 ./Core/Src/syscalls.o
 .ARM.attributes
                0x0000000000000156       0x34 ./Core/Src/sysmem.o
 .ARM.attributes
                0x000000000000018a       0x34 ./Core/Src/system_stm32f4xx.o
 .ARM.attributes
                0x00000000000001be       0x34 ./Core/Src/tim.o
 .ARM.attributes
                0x00000000000001f2       0x34 ./Core/Src/usart.o
 .ARM.attributes
                0x0000000000000226       0x21 ./Core/Startup/startup_stm32f427vitx.o
 .ARM.attributes
                0x0000000000000247       0x34 ./Drivers/STM32F4xx_HAL_Driver/Src/stm32f4xx_hal.o
 .ARM.attributes
                0x000000000000027b       0x34 ./Drivers/STM32F4xx_HAL_Driver/Src/stm32f4xx_hal_cortex.o
 .ARM.attributes
                0x00000000000002af       0x34 ./Drivers/STM32F4xx_HAL_Driver/Src/stm32f4xx_hal_gpio.o
 .ARM.attributes
                0x00000000000002e3       0x34 ./Drivers/STM32F4xx_HAL_Driver/Src/stm32f4xx_hal_rcc.o
 .ARM.attributes
                0x0000000000000317       0x34 ./Drivers/STM32F4xx_HAL_Driver/Src/stm32f4xx_hal_tim.o
 .ARM.attributes
                0x000000000000034b       0x34 ./Drivers/STM32F4xx_HAL_Driver/Src/stm32f4xx_hal_tim_ex.o
 .ARM.attributes
                0x000000000000037f       0x34 ./Drivers/STM32F4xx_HAL_Driver/Src/stm32f4xx_hal_uart.o
 .ARM.attributes
                0x00000000000003b3       0x34 c:/st/stm32cubeide_1.9.0/stm32cubeide/plugins/com.st.stm32cube.ide.mcu.externaltools.gnu-tools-for-stm32.10.3-2021.10.win32_1.0.0.202111181127/tools/bin/../lib/gcc/arm-none-eabi/10.3.1/../../../../arm-none-eabi/lib/thumb/v7e-m+fp/hard\libc_nano.a(lib_a-errno.o)
 .ARM.attributes
                0x00000000000003e7       0x34 c:/st/stm32cubeide_1.9.0/stm32cubeide/plugins/com.st.stm32cube.ide.mcu.externaltools.gnu-tools-for-stm32.10.3-2021.10.win32_1.0.0.202111181127/tools/bin/../lib/gcc/arm-none-eabi/10.3.1/../../../../arm-none-eabi/lib/thumb/v7e-m+fp/hard\libc_nano.a(lib_a-impure.o)
 .ARM.attributes
                0x000000000000041b       0x34 c:/st/stm32cubeide_1.9.0/stm32cubeide/plugins/com.st.stm32cube.ide.mcu.externaltools.gnu-tools-for-stm32.10.3-2021.10.win32_1.0.0.202111181127/tools/bin/../lib/gcc/arm-none-eabi/10.3.1/../../../../arm-none-eabi/lib/thumb/v7e-m+fp/hard\libc_nano.a(lib_a-init.o)
 .ARM.attributes
                0x000000000000044f       0x34 c:/st/stm32cubeide_1.9.0/stm32cubeide/plugins/com.st.stm32cube.ide.mcu.externaltools.gnu-tools-for-stm32.10.3-2021.10.win32_1.0.0.202111181127/tools/bin/../lib/gcc/arm-none-eabi/10.3.1/../../../../arm-none-eabi/lib/thumb/v7e-m+fp/hard\libc_nano.a(lib_a-memset.o)
 .ARM.attributes
                0x0000000000000483       0x34 c:/st/stm32cubeide_1.9.0/stm32cubeide/plugins/com.st.stm32cube.ide.mcu.externaltools.gnu-tools-for-stm32.10.3-2021.10.win32_1.0.0.202111181127/tools/bin/../lib/gcc/arm-none-eabi/10.3.1/../../../../arm-none-eabi/lib/thumb/v7e-m+fp/hard\libc_nano.a(lib_a-sscanf.o)
 .ARM.attributes
                0x00000000000004b7       0x34 c:/st/stm32cubeide_1.9.0/stm32cubeide/plugins/com.st.stm32cube.ide.mcu.externaltools.gnu-tools-for-stm32.10.3-2021.10.win32_1.0.0.202111181127/tools/bin/../lib/gcc/arm-none-eabi/10.3.1/../../../../arm-none-eabi/lib/thumb/v7e-m+fp/hard\libc_nano.a(lib_a-stdio.o)
 .ARM.attributes
                0x00000000000004eb       0x34 c:/st/stm32cubeide_1.9.0/stm32cubeide/plugins/com.st.stm32cube.ide.mcu.externaltools.gnu-tools-for-stm32.10.3-2021.10.win32_1.0.0.202111181127/tools/bin/../lib/gcc/arm-none-eabi/10.3.1/../../../../arm-none-eabi/lib/thumb/v7e-m+fp/hard\libc_nano.a(lib_a-strchr.o)
 .ARM.attributes
                0x000000000000051f       0x17 c:/st/stm32cubeide_1.9.0/stm32cubeide/plugins/com.st.stm32cube.ide.mcu.externaltools.gnu-tools-for-stm32.10.3-2021.10.win32_1.0.0.202111181127/tools/bin/../lib/gcc/arm-none-eabi/10.3.1/../../../../arm-none-eabi/lib/thumb/v7e-m+fp/hard\libc_nano.a(lib_a-strlen.o)
 .ARM.attributes
                0x0000000000000536       0x34 c:/st/stm32cubeide_1.9.0/stm32cubeide/plugins/com.st.stm32cube.ide.mcu.externaltools.gnu-tools-for-stm32.10.3-2021.10.win32_1.0.0.202111181127/tools/bin/../lib/gcc/arm-none-eabi/10.3.1/../../../../arm-none-eabi/lib/thumb/v7e-m+fp/hard\libc_nano.a(lib_a-nano-svfscanf.o)
 .ARM.attributes
                0x000000000000056a       0x34 c:/st/stm32cubeide_1.9.0/stm32cubeide/plugins/com.st.stm32cube.ide.mcu.externaltools.gnu-tools-for-stm32.10.3-2021.10.win32_1.0.0.202111181127/tools/bin/../lib/gcc/arm-none-eabi/10.3.1/../../../../arm-none-eabi/lib/thumb/v7e-m+fp/hard\libc_nano.a(lib_a-nano-vfscanf_i.o)
 .ARM.attributes
                0x000000000000059e       0x34 c:/st/stm32cubeide_1.9.0/stm32cubeide/plugins/com.st.stm32cube.ide.mcu.externaltools.gnu-tools-for-stm32.10.3-2021.10.win32_1.0.0.202111181127/tools/bin/../lib/gcc/arm-none-eabi/10.3.1/../../../../arm-none-eabi/lib/thumb/v7e-m+fp/hard\libc_nano.a(lib_a-reent.o)
 .ARM.attributes
                0x00000000000005d2       0x34 c:/st/stm32cubeide_1.9.0/stm32cubeide/plugins/com.st.stm32cube.ide.mcu.externaltools.gnu-tools-for-stm32.10.3-2021.10.win32_1.0.0.202111181127/tools/bin/../lib/gcc/arm-none-eabi/10.3.1/../../../../arm-none-eabi/lib/thumb/v7e-m+fp/hard\libc_nano.a(lib_a-sccl.o)
 .ARM.attributes
                0x0000000000000606       0x34 c:/st/stm32cubeide_1.9.0/stm32cubeide/plugins/com.st.stm32cube.ide.mcu.externaltools.gnu-tools-for-stm32.10.3-2021.10.win32_1.0.0.202111181127/tools/bin/../lib/gcc/arm-none-eabi/10.3.1/../../../../arm-none-eabi/lib/thumb/v7e-m+fp/hard\libc_nano.a(lib_a-strtol.o)
 .ARM.attributes
                0x000000000000063a       0x34 c:/st/stm32cubeide_1.9.0/stm32cubeide/plugins/com.st.stm32cube.ide.mcu.externaltools.gnu-tools-for-stm32.10.3-2021.10.win32_1.0.0.202111181127/tools/bin/../lib/gcc/arm-none-eabi/10.3.1/../../../../arm-none-eabi/lib/thumb/v7e-m+fp/hard\libc_nano.a(lib_a-strtoul.o)
 .ARM.attributes
                0x000000000000066e       0x34 c:/st/stm32cubeide_1.9.0/stm32cubeide/plugins/com.st.stm32cube.ide.mcu.externaltools.gnu-tools-for-stm32.10.3-2021.10.win32_1.0.0.202111181127/tools/bin/../lib/gcc/arm-none-eabi/10.3.1/../../../../arm-none-eabi/lib/thumb/v7e-m+fp/hard\libc_nano.a(lib_a-ungetc.o)
 .ARM.attributes
                0x00000000000006a2       0x34 c:/st/stm32cubeide_1.9.0/stm32cubeide/plugins/com.st.stm32cube.ide.mcu.externaltools.gnu-tools-for-stm32.10.3-2021.10.win32_1.0.0.202111181127/tools/bin/../lib/gcc/arm-none-eabi/10.3.1/../../../../arm-none-eabi/lib/thumb/v7e-m+fp/hard\libc_nano.a(lib_a-ctype_.o)
 .ARM.attributes
                0x00000000000006d6       0x34 c:/st/stm32cubeide_1.9.0/stm32cubeide/plugins/com.st.stm32cube.ide.mcu.externaltools.gnu-tools-for-stm32.10.3-2021.10.win32_1.0.0.202111181127/tools/bin/../lib/gcc/arm-none-eabi/10.3.1/../../../../arm-none-eabi/lib/thumb/v7e-m+fp/hard\libc_nano.a(lib_a-findfp.o)
 .ARM.attributes
                0x000000000000070a       0x34 c:/st/stm32cubeide_1.9.0/stm32cubeide/plugins/com.st.stm32cube.ide.mcu.externaltools.gnu-tools-for-stm32.10.3-2021.10.win32_1.0.0.202111181127/tools/bin/../lib/gcc/arm-none-eabi/10.3.1/../../../../arm-none-eabi/lib/thumb/v7e-m+fp/hard\libc_nano.a(lib_a-lock.o)
 .ARM.attributes
                0x000000000000073e       0x1c c:/st/stm32cubeide_1.9.0/stm32cubeide/plugins/com.st.stm32cube.ide.mcu.externaltools.gnu-tools-for-stm32.10.3-2021.10.win32_1.0.0.202111181127/tools/bin/../lib/gcc/arm-none-eabi/10.3.1/../../../../arm-none-eabi/lib/thumb/v7e-m+fp/hard\libc_nano.a(lib_a-memchr.o)
 .ARM.attributes
                0x000000000000075a       0x34 c:/st/stm32cubeide_1.9.0/stm32cubeide/plugins/com.st.stm32cube.ide.mcu.externaltools.gnu-tools-for-stm32.10.3-2021.10.win32_1.0.0.202111181127/tools/bin/../lib/gcc/arm-none-eabi/10.3.1/../../../../arm-none-eabi/lib/thumb/v7e-m+fp/hard\libc_nano.a(lib_a-memcpy-stub.o)
 .ARM.attributes
                0x000000000000078e       0x34 c:/st/stm32cubeide_1.9.0/stm32cubeide/plugins/com.st.stm32cube.ide.mcu.externaltools.gnu-tools-for-stm32.10.3-2021.10.win32_1.0.0.202111181127/tools/bin/../lib/gcc/arm-none-eabi/10.3.1/../../../../arm-none-eabi/lib/thumb/v7e-m+fp/hard\libc_nano.a(lib_a-nano-freer.o)
 .ARM.attributes
                0x00000000000007c2       0x34 c:/st/stm32cubeide_1.9.0/stm32cubeide/plugins/com.st.stm32cube.ide.mcu.externaltools.gnu-tools-for-stm32.10.3-2021.10.win32_1.0.0.202111181127/tools/bin/../lib/gcc/arm-none-eabi/10.3.1/../../../../arm-none-eabi/lib/thumb/v7e-m+fp/hard\libc_nano.a(lib_a-nano-mallocr.o)
 .ARM.attributes
                0x00000000000007f6       0x34 c:/st/stm32cubeide_1.9.0/stm32cubeide/plugins/com.st.stm32cube.ide.mcu.externaltools.gnu-tools-for-stm32.10.3-2021.10.win32_1.0.0.202111181127/tools/bin/../lib/gcc/arm-none-eabi/10.3.1/../../../../arm-none-eabi/lib/thumb/v7e-m+fp/hard\libc_nano.a(lib_a-nano-reallocr.o)
 .ARM.attributes
                0x000000000000082a       0x34 c:/st/stm32cubeide_1.9.0/stm32cubeide/plugins/com.st.stm32cube.ide.mcu.externaltools.gnu-tools-for-stm32.10.3-2021.10.win32_1.0.0.202111181127/tools/bin/../lib/gcc/arm-none-eabi/10.3.1/../../../../arm-none-eabi/lib/thumb/v7e-m+fp/hard\libc_nano.a(lib_a-sbrkr.o)
 .ARM.attributes
                0x000000000000085e       0x34 c:/st/stm32cubeide_1.9.0/stm32cubeide/plugins/com.st.stm32cube.ide.mcu.externaltools.gnu-tools-for-stm32.10.3-2021.10.win32_1.0.0.202111181127/tools/bin/../lib/gcc/arm-none-eabi/10.3.1/../../../../arm-none-eabi/lib/thumb/v7e-m+fp/hard\libc_nano.a(lib_a-mlock.o)
 .ARM.attributes
                0x0000000000000892       0x34 c:/st/stm32cubeide_1.9.0/stm32cubeide/plugins/com.st.stm32cube.ide.mcu.externaltools.gnu-tools-for-stm32.10.3-2021.10.win32_1.0.0.202111181127/tools/bin/../lib/gcc/arm-none-eabi/10.3.1/../../../../arm-none-eabi/lib/thumb/v7e-m+fp/hard\libc_nano.a(lib_a-nano-msizer.o)
 .ARM.attributes
                0x00000000000008c6       0x1e c:/st/stm32cubeide_1.9.0/stm32cubeide/plugins/com.st.stm32cube.ide.mcu.externaltools.gnu-tools-for-stm32.10.3-2021.10.win32_1.0.0.202111181127/tools/bin/../lib/gcc/arm-none-eabi/10.3.1/thumb/v7e-m+fp/hard\libgcc.a(_aeabi_uldivmod.o)
 .ARM.attributes
                0x00000000000008e4       0x34 c:/st/stm32cubeide_1.9.0/stm32cubeide/plugins/com.st.stm32cube.ide.mcu.externaltools.gnu-tools-for-stm32.10.3-2021.10.win32_1.0.0.202111181127/tools/bin/../lib/gcc/arm-none-eabi/10.3.1/thumb/v7e-m+fp/hard\libgcc.a(_udivmoddi4.o)
 .ARM.attributes
                0x0000000000000918       0x1e c:/st/stm32cubeide_1.9.0/stm32cubeide/plugins/com.st.stm32cube.ide.mcu.externaltools.gnu-tools-for-stm32.10.3-2021.10.win32_1.0.0.202111181127/tools/bin/../lib/gcc/arm-none-eabi/10.3.1/thumb/v7e-m+fp/hard\libgcc.a(_dvmd_tls.o)
 .ARM.attributes
                0x0000000000000936       0x1e c:/st/stm32cubeide_1.9.0/stm32cubeide/plugins/com.st.stm32cube.ide.mcu.externaltools.gnu-tools-for-stm32.10.3-2021.10.win32_1.0.0.202111181127/tools/bin/../lib/gcc/arm-none-eabi/10.3.1/thumb/v7e-m+fp/hard/crtn.o
OUTPUT(lab-3.elf elf32-littlearm)
LOAD linker stubs
LOAD c:/st/stm32cubeide_1.9.0/stm32cubeide/plugins/com.st.stm32cube.ide.mcu.externaltools.gnu-tools-for-stm32.10.3-2021.10.win32_1.0.0.202111181127/tools/bin/../lib/gcc/arm-none-eabi/10.3.1/../../../../arm-none-eabi/lib/thumb/v7e-m+fp/hard\libc.a
LOAD c:/st/stm32cubeide_1.9.0/stm32cubeide/plugins/com.st.stm32cube.ide.mcu.externaltools.gnu-tools-for-stm32.10.3-2021.10.win32_1.0.0.202111181127/tools/bin/../lib/gcc/arm-none-eabi/10.3.1/../../../../arm-none-eabi/lib/thumb/v7e-m+fp/hard\libm.a
LOAD c:/st/stm32cubeide_1.9.0/stm32cubeide/plugins/com.st.stm32cube.ide.mcu.externaltools.gnu-tools-for-stm32.10.3-2021.10.win32_1.0.0.202111181127/tools/bin/../lib/gcc/arm-none-eabi/10.3.1/thumb/v7e-m+fp/hard\libgcc.a

.debug_info     0x0000000000000000     0xe4b1
 .debug_info    0x0000000000000000      0x338 ./Core/Src/gpio.o
 .debug_info    0x0000000000000338     0x1309 ./Core/Src/main.o
 .debug_info    0x0000000000001641      0x2c4 ./Core/Src/stm32f4xx_hal_msp.o
 .debug_info    0x0000000000001905      0x736 ./Core/Src/stm32f4xx_it.o
 .debug_info    0x000000000000203b      0x6e0 ./Core/Src/syscalls.o
 .debug_info    0x000000000000271b      0x171 ./Core/Src/sysmem.o
 .debug_info    0x000000000000288c      0x53f ./Core/Src/system_stm32f4xx.o
 .debug_info    0x0000000000002dcb     0x1079 ./Core/Src/tim.o
 .debug_info    0x0000000000003e44      0x9bc ./Core/Src/usart.o
 .debug_info    0x0000000000004800       0x22 ./Core/Startup/startup_stm32f427vitx.o
 .debug_info    0x0000000000004822      0x9e8 ./Drivers/STM32F4xx_HAL_Driver/Src/stm32f4xx_hal.o
 .debug_info    0x000000000000520a      0xe45 ./Drivers/STM32F4xx_HAL_Driver/Src/stm32f4xx_hal_cortex.o
 .debug_info    0x000000000000604f      0x786 ./Drivers/STM32F4xx_HAL_Driver/Src/stm32f4xx_hal_gpio.o
 .debug_info    0x00000000000067d5      0x982 ./Drivers/STM32F4xx_HAL_Driver/Src/stm32f4xx_hal_rcc.o
 .debug_info    0x0000000000007157     0x2bbe ./Drivers/STM32F4xx_HAL_Driver/Src/stm32f4xx_hal_tim.o
 .debug_info    0x0000000000009d15     0x15e0 ./Drivers/STM32F4xx_HAL_Driver/Src/stm32f4xx_hal_tim_ex.o
 .debug_info    0x000000000000b2f5     0x31bc ./Drivers/STM32F4xx_HAL_Driver/Src/stm32f4xx_hal_uart.o

.debug_abbrev   0x0000000000000000     0x1fb5
 .debug_abbrev  0x0000000000000000       0xd4 ./Core/Src/gpio.o
 .debug_abbrev  0x00000000000000d4      0x34f ./Core/Src/main.o
 .debug_abbrev  0x0000000000000423       0xd4 ./Core/Src/stm32f4xx_hal_msp.o
 .debug_abbrev  0x00000000000004f7      0x184 ./Core/Src/stm32f4xx_it.o
 .debug_abbrev  0x000000000000067b      0x1b3 ./Core/Src/syscalls.o
 .debug_abbrev  0x000000000000082e       0xbb ./Core/Src/sysmem.o
 .debug_abbrev  0x00000000000008e9      0x116 ./Core/Src/system_stm32f4xx.o
 .debug_abbrev  0x00000000000009ff      0x276 ./Core/Src/tim.o
 .debug_abbrev  0x0000000000000c75      0x1e7 ./Core/Src/usart.o
 .debug_abbrev  0x0000000000000e5c       0x12 ./Core/Startup/startup_stm32f427vitx.o
 .debug_abbrev  0x0000000000000e6e      0x20d ./Drivers/STM32F4xx_HAL_Driver/Src/stm32f4xx_hal.o
 .debug_abbrev  0x000000000000107b      0x316 ./Drivers/STM32F4xx_HAL_Driver/Src/stm32f4xx_hal_cortex.o
 .debug_abbrev  0x0000000000001391      0x1c4 ./Drivers/STM32F4xx_HAL_Driver/Src/stm32f4xx_hal_gpio.o
 .debug_abbrev  0x0000000000001555      0x2aa ./Drivers/STM32F4xx_HAL_Driver/Src/stm32f4xx_hal_rcc.o
 .debug_abbrev  0x00000000000017ff      0x25d ./Drivers/STM32F4xx_HAL_Driver/Src/stm32f4xx_hal_tim.o
 .debug_abbrev  0x0000000000001a5c      0x265 ./Drivers/STM32F4xx_HAL_Driver/Src/stm32f4xx_hal_tim_ex.o
 .debug_abbrev  0x0000000000001cc1      0x2f4 ./Drivers/STM32F4xx_HAL_Driver/Src/stm32f4xx_hal_uart.o

.debug_aranges  0x0000000000000000      0xd00
 .debug_aranges
                0x0000000000000000       0x20 ./Core/Src/gpio.o
 .debug_aranges
                0x0000000000000020       0x88 ./Core/Src/main.o
 .debug_aranges
                0x00000000000000a8       0x20 ./Core/Src/stm32f4xx_hal_msp.o
 .debug_aranges
                0x00000000000000c8       0x68 ./Core/Src/stm32f4xx_it.o
 .debug_aranges
                0x0000000000000130       0xa8 ./Core/Src/syscalls.o
 .debug_aranges
                0x00000000000001d8       0x20 ./Core/Src/sysmem.o
 .debug_aranges
                0x00000000000001f8       0x28 ./Core/Src/system_stm32f4xx.o
 .debug_aranges
                0x0000000000000220       0x58 ./Core/Src/tim.o
 .debug_aranges
                0x0000000000000278       0x30 ./Core/Src/usart.o
 .debug_aranges
                0x00000000000002a8       0x28 ./Core/Startup/startup_stm32f427vitx.o
 .debug_aranges
                0x00000000000002d0      0x100 ./Drivers/STM32F4xx_HAL_Driver/Src/stm32f4xx_hal.o
 .debug_aranges
                0x00000000000003d0      0x118 ./Drivers/STM32F4xx_HAL_Driver/Src/stm32f4xx_hal_cortex.o
 .debug_aranges
                0x00000000000004e8       0x58 ./Drivers/STM32F4xx_HAL_Driver/Src/stm32f4xx_hal_gpio.o
 .debug_aranges
                0x0000000000000540       0x88 ./Drivers/STM32F4xx_HAL_Driver/Src/stm32f4xx_hal_rcc.o
 .debug_aranges
                0x00000000000005c8      0x3d0 ./Drivers/STM32F4xx_HAL_Driver/Src/stm32f4xx_hal_tim.o
 .debug_aranges
                0x0000000000000998      0x168 ./Drivers/STM32F4xx_HAL_Driver/Src/stm32f4xx_hal_tim_ex.o
 .debug_aranges
                0x0000000000000b00      0x200 ./Drivers/STM32F4xx_HAL_Driver/Src/stm32f4xx_hal_uart.o

.debug_ranges   0x0000000000000000      0xc28
 .debug_ranges  0x0000000000000000       0x10 ./Core/Src/gpio.o
 .debug_ranges  0x0000000000000010       0x78 ./Core/Src/main.o
 .debug_ranges  0x0000000000000088       0x10 ./Core/Src/stm32f4xx_hal_msp.o
 .debug_ranges  0x0000000000000098       0x58 ./Core/Src/stm32f4xx_it.o
 .debug_ranges  0x00000000000000f0       0x98 ./Core/Src/syscalls.o
 .debug_ranges  0x0000000000000188       0x10 ./Core/Src/sysmem.o
 .debug_ranges  0x0000000000000198       0x18 ./Core/Src/system_stm32f4xx.o
 .debug_ranges  0x00000000000001b0       0x48 ./Core/Src/tim.o
 .debug_ranges  0x00000000000001f8       0x20 ./Core/Src/usart.o
 .debug_ranges  0x0000000000000218       0x20 ./Core/Startup/startup_stm32f427vitx.o
 .debug_ranges  0x0000000000000238       0xf0 ./Drivers/STM32F4xx_HAL_Driver/Src/stm32f4xx_hal.o
 .debug_ranges  0x0000000000000328      0x108 ./Drivers/STM32F4xx_HAL_Driver/Src/stm32f4xx_hal_cortex.o
 .debug_ranges  0x0000000000000430       0x48 ./Drivers/STM32F4xx_HAL_Driver/Src/stm32f4xx_hal_gpio.o
 .debug_ranges  0x0000000000000478       0x78 ./Drivers/STM32F4xx_HAL_Driver/Src/stm32f4xx_hal_rcc.o
 .debug_ranges  0x00000000000004f0      0x3c0 ./Drivers/STM32F4xx_HAL_Driver/Src/stm32f4xx_hal_tim.o
 .debug_ranges  0x00000000000008b0      0x158 ./Drivers/STM32F4xx_HAL_Driver/Src/stm32f4xx_hal_tim_ex.o
 .debug_ranges  0x0000000000000a08      0x220 ./Drivers/STM32F4xx_HAL_Driver/Src/stm32f4xx_hal_uart.o

.debug_macro    0x0000000000000000    0x24160
 .debug_macro   0x0000000000000000      0x1e2 ./Core/Src/gpio.o
 .debug_macro   0x00000000000001e2      0xa78 ./Core/Src/gpio.o
 .debug_macro   0x0000000000000c5a      0x29b ./Core/Src/gpio.o
 .debug_macro   0x0000000000000ef5       0x2e ./Core/Src/gpio.o
 .debug_macro   0x0000000000000f23       0x28 ./Core/Src/gpio.o
 .debug_macro   0x0000000000000f4b       0x22 ./Core/Src/gpio.o
 .debug_macro   0x0000000000000f6d       0x8e ./Core/Src/gpio.o
 .debug_macro   0x0000000000000ffb       0x51 ./Core/Src/gpio.o
 .debug_macro   0x000000000000104c      0x103 ./Core/Src/gpio.o
 .debug_macro   0x000000000000114f       0x6a ./Core/Src/gpio.o
 .debug_macro   0x00000000000011b9      0x1df ./Core/Src/gpio.o
 .debug_macro   0x0000000000001398       0x1c ./Core/Src/gpio.o
 .debug_macro   0x00000000000013b4       0x22 ./Core/Src/gpio.o
 .debug_macro   0x00000000000013d6       0xd9 ./Core/Src/gpio.o
 .debug_macro   0x00000000000014af     0x102d ./Core/Src/gpio.o
 .debug_macro   0x00000000000024dc      0x11f ./Core/Src/gpio.o
 .debug_macro   0x00000000000025fb    0x178a0 ./Core/Src/gpio.o
 .debug_macro   0x0000000000019e9b       0x6d ./Core/Src/gpio.o
 .debug_macro   0x0000000000019f08     0x36f5 ./Core/Src/gpio.o
 .debug_macro   0x000000000001d5fd      0x174 ./Core/Src/gpio.o
 .debug_macro   0x000000000001d771       0x5c ./Core/Src/gpio.o
 .debug_macro   0x000000000001d7cd      0xc6d ./Core/Src/gpio.o
 .debug_macro   0x000000000001e43a      0x9fe ./Core/Src/gpio.o
 .debug_macro   0x000000000001ee38      0x115 ./Core/Src/gpio.o
 .debug_macro   0x000000000001ef4d      0x16f ./Core/Src/gpio.o
 .debug_macro   0x000000000001f0bc       0xa5 ./Core/Src/gpio.o
 .debug_macro   0x000000000001f161      0x182 ./Core/Src/gpio.o
 .debug_macro   0x000000000001f2e3      0x287 ./Core/Src/gpio.o
 .debug_macro   0x000000000001f56a       0x5f ./Core/Src/gpio.o
 .debug_macro   0x000000000001f5c9      0x236 ./Core/Src/gpio.o
 .debug_macro   0x000000000001f7ff      0x132 ./Core/Src/gpio.o
 .debug_macro   0x000000000001f931      0x41d ./Core/Src/gpio.o
 .debug_macro   0x000000000001fd4e       0x2e ./Core/Src/gpio.o
 .debug_macro   0x000000000001fd7c      0x11a ./Core/Src/gpio.o
 .debug_macro   0x000000000001fe96       0xe2 ./Core/Src/gpio.o
 .debug_macro   0x000000000001ff78       0x89 ./Core/Src/gpio.o
 .debug_macro   0x0000000000020001      0x8e6 ./Core/Src/gpio.o
 .debug_macro   0x00000000000208e7       0x47 ./Core/Src/gpio.o
 .debug_macro   0x000000000002092e      0x295 ./Core/Src/gpio.o
 .debug_macro   0x0000000000020bc3      0x134 ./Core/Src/gpio.o
 .debug_macro   0x0000000000020cf7      0x3f8 ./Core/Src/main.o
 .debug_macro   0x00000000000210ef       0x52 ./Core/Src/main.o
 .debug_macro   0x0000000000021141       0x1e ./Core/Src/main.o
 .debug_macro   0x000000000002115f       0x3c ./Core/Src/main.o
 .debug_macro   0x000000000002119b       0x34 ./Core/Src/main.o
 .debug_macro   0x00000000000211cf       0x16 ./Core/Src/main.o
 .debug_macro   0x00000000000211e5       0x35 ./Core/Src/main.o
 .debug_macro   0x000000000002121a      0x341 ./Core/Src/main.o
 .debug_macro   0x000000000002155b       0x10 ./Core/Src/main.o
 .debug_macro   0x000000000002156b       0x16 ./Core/Src/main.o
 .debug_macro   0x0000000000021581       0x43 ./Core/Src/main.o
 .debug_macro   0x00000000000215c4       0x34 ./Core/Src/main.o
 .debug_macro   0x00000000000215f8       0x10 ./Core/Src/main.o
 .debug_macro   0x0000000000021608       0x58 ./Core/Src/main.o
 .debug_macro   0x0000000000021660       0x71 ./Core/Src/main.o
 .debug_macro   0x00000000000216d1       0x1c ./Core/Src/main.o
 .debug_macro   0x00000000000216ed      0x12a ./Core/Src/main.o
 .debug_macro   0x0000000000021817       0x10 ./Core/Src/main.o
 .debug_macro   0x0000000000021827       0x1c ./Core/Src/main.o
 .debug_macro   0x0000000000021843       0x52 ./Core/Src/main.o
 .debug_macro   0x0000000000021895       0x22 ./Core/Src/main.o
 .debug_macro   0x00000000000218b7       0x10 ./Core/Src/main.o
 .debug_macro   0x00000000000218c7       0x52 ./Core/Src/main.o
 .debug_macro   0x0000000000021919       0xd5 ./Core/Src/main.o
 .debug_macro   0x00000000000219ee       0x1c ./Core/Src/main.o
 .debug_macro   0x0000000000021a0a       0x3d ./Core/Src/main.o
 .debug_macro   0x0000000000021a47       0x16 ./Core/Src/main.o
 .debug_macro   0x0000000000021a5d      0x145 ./Core/Src/main.o
 .debug_macro   0x0000000000021ba2       0x22 ./Core/Src/main.o
 .debug_macro   0x0000000000021bc4       0x16 ./Core/Src/main.o
 .debug_macro   0x0000000000021bda       0x20 ./Core/Src/main.o
 .debug_macro   0x0000000000021bfa      0x1d8 ./Core/Src/stm32f4xx_hal_msp.o
 .debug_macro   0x0000000000021dd2      0x1e2 ./Core/Src/stm32f4xx_it.o
 .debug_macro   0x0000000000021fb4      0x24c ./Core/Src/syscalls.o
 .debug_macro   0x0000000000022200       0x4c ./Core/Src/syscalls.o
 .debug_macro   0x000000000002224c       0x94 ./Core/Src/syscalls.o
 .debug_macro   0x00000000000222e0       0x57 ./Core/Src/syscalls.o
 .debug_macro   0x0000000000022337       0x10 ./Core/Src/syscalls.o
 .debug_macro   0x0000000000022347       0x10 ./Core/Src/syscalls.o
 .debug_macro   0x0000000000022357       0x10 ./Core/Src/syscalls.o
 .debug_macro   0x0000000000022367       0x35 ./Core/Src/syscalls.o
 .debug_macro   0x000000000002239c      0x12c ./Core/Src/syscalls.o
 .debug_macro   0x00000000000224c8       0x16 ./Core/Src/syscalls.o
 .debug_macro   0x00000000000224de       0x16 ./Core/Src/syscalls.o
 .debug_macro   0x00000000000224f4       0x29 ./Core/Src/syscalls.o
 .debug_macro   0x000000000002251d       0x10 ./Core/Src/syscalls.o
 .debug_macro   0x000000000002252d      0x241 ./Core/Src/syscalls.o
 .debug_macro   0x000000000002276e       0x1c ./Core/Src/syscalls.o
 .debug_macro   0x000000000002278a       0x10 ./Core/Src/syscalls.o
 .debug_macro   0x000000000002279a      0x189 ./Core/Src/syscalls.o
 .debug_macro   0x0000000000022923       0x16 ./Core/Src/syscalls.o
 .debug_macro   0x0000000000022939       0xce ./Core/Src/syscalls.o
 .debug_macro   0x0000000000022a07       0xff ./Core/Src/sysmem.o
 .debug_macro   0x0000000000022b06      0x23b ./Core/Src/sysmem.o
 .debug_macro   0x0000000000022d41      0x1ce ./Core/Src/system_stm32f4xx.o
 .debug_macro   0x0000000000022f0f      0x341 ./Core/Src/tim.o
 .debug_macro   0x0000000000023250      0x1e2 ./Core/Src/usart.o
 .debug_macro   0x0000000000023432      0x22e ./Drivers/STM32F4xx_HAL_Driver/Src/stm32f4xx_hal.o
 .debug_macro   0x0000000000023660      0x1ce ./Drivers/STM32F4xx_HAL_Driver/Src/stm32f4xx_hal_cortex.o
 .debug_macro   0x000000000002382e      0x1d4 ./Drivers/STM32F4xx_HAL_Driver/Src/stm32f4xx_hal_gpio.o
 .debug_macro   0x0000000000023a02      0x1f2 ./Drivers/STM32F4xx_HAL_Driver/Src/stm32f4xx_hal_rcc.o
 .debug_macro   0x0000000000023bf4      0x1cf ./Drivers/STM32F4xx_HAL_Driver/Src/stm32f4xx_hal_tim.o
 .debug_macro   0x0000000000023dc3      0x1ce ./Drivers/STM32F4xx_HAL_Driver/Src/stm32f4xx_hal_tim_ex.o
 .debug_macro   0x0000000000023f91      0x1cf ./Drivers/STM32F4xx_HAL_Driver/Src/stm32f4xx_hal_uart.o

.debug_line     0x0000000000000000     0xf025
 .debug_line    0x0000000000000000      0x6b8 ./Core/Src/gpio.o
 .debug_line    0x00000000000006b8      0xbf8 ./Core/Src/main.o
 .debug_line    0x00000000000012b0      0x6b7 ./Core/Src/stm32f4xx_hal_msp.o
 .debug_line    0x0000000000001967      0x792 ./Core/Src/stm32f4xx_it.o
 .debug_line    0x00000000000020f9      0x7ef ./Core/Src/syscalls.o
 .debug_line    0x00000000000028e8      0x4e5 ./Core/Src/sysmem.o
 .debug_line    0x0000000000002dcd      0x739 ./Core/Src/system_stm32f4xx.o
 .debug_line    0x0000000000003506      0xa8c ./Core/Src/tim.o
 .debug_line    0x0000000000003f92      0x721 ./Core/Src/usart.o
 .debug_line    0x00000000000046b3       0x88 ./Core/Startup/startup_stm32f427vitx.o
 .debug_line    0x000000000000473b      0x9d5 ./Drivers/STM32F4xx_HAL_Driver/Src/stm32f4xx_hal.o
 .debug_line    0x0000000000005110      0xc4e ./Drivers/STM32F4xx_HAL_Driver/Src/stm32f4xx_hal_cortex.o
 .debug_line    0x0000000000005d5e      0xb3b ./Drivers/STM32F4xx_HAL_Driver/Src/stm32f4xx_hal_gpio.o
 .debug_line    0x0000000000006899      0xd19 ./Drivers/STM32F4xx_HAL_Driver/Src/stm32f4xx_hal_rcc.o
 .debug_line    0x00000000000075b2     0x3693 ./Drivers/STM32F4xx_HAL_Driver/Src/stm32f4xx_hal_tim.o
 .debug_line    0x000000000000ac45     0x199c ./Drivers/STM32F4xx_HAL_Driver/Src/stm32f4xx_hal_tim_ex.o
 .debug_line    0x000000000000c5e1     0x2a44 ./Drivers/STM32F4xx_HAL_Driver/Src/stm32f4xx_hal_uart.o

.debug_str      0x0000000000000000    0xd8f55
 .debug_str     0x0000000000000000    0xcfeba ./Core/Src/gpio.o
                                      0xd0130 (size before relaxing)
 .debug_str     0x00000000000cfeba     0x49dc ./Core/Src/main.o
                                      0xd4c0c (size before relaxing)
 .debug_str     0x00000000000d4896       0x2c ./Core/Src/stm32f4xx_hal_msp.o
                                      0xd0130 (size before relaxing)
 .debug_str     0x00000000000d48c2       0xf0 ./Core/Src/stm32f4xx_it.o
                                      0xd0605 (size before relaxing)
 .debug_str     0x00000000000d49b2     0x172b ./Core/Src/syscalls.o
                                       0x8a63 (size before relaxing)
 .debug_str     0x00000000000d60dd       0x6b ./Core/Src/sysmem.o
                                       0x5d9f (size before relaxing)
 .debug_str     0x00000000000d6148       0xdb ./Core/Src/system_stm32f4xx.o
                                      0xd01e0 (size before relaxing)
 .debug_str     0x00000000000d6223      0x84b ./Core/Src/tim.o
                                      0xd4c96 (size before relaxing)
 .debug_str     0x00000000000d6a6e       0x61 ./Core/Src/usart.o
                                      0xd0690 (size before relaxing)
 .debug_str     0x00000000000d6acf       0x36 ./Core/Startup/startup_stm32f427vitx.o
                                         0x61 (size before relaxing)
 .debug_str     0x00000000000d6b05      0x64d ./Drivers/STM32F4xx_HAL_Driver/Src/stm32f4xx_hal.o
                                      0xd0dec (size before relaxing)
 .debug_str     0x00000000000d7152      0x32d ./Drivers/STM32F4xx_HAL_Driver/Src/stm32f4xx_hal_cortex.o
                                      0xd0ad1 (size before relaxing)
 .debug_str     0x00000000000d747f      0x15d ./Drivers/STM32F4xx_HAL_Driver/Src/stm32f4xx_hal_gpio.o
                                      0xd035b (size before relaxing)
 .debug_str     0x00000000000d75dc      0x233 ./Drivers/STM32F4xx_HAL_Driver/Src/stm32f4xx_hal_rcc.o
                                      0xd0614 (size before relaxing)
 .debug_str     0x00000000000d780f      0xd66 ./Drivers/STM32F4xx_HAL_Driver/Src/stm32f4xx_hal_tim.o
                                      0xd1547 (size before relaxing)
 .debug_str     0x00000000000d8575      0x3e1 ./Drivers/STM32F4xx_HAL_Driver/Src/stm32f4xx_hal_tim_ex.o
                                      0xd0d63 (size before relaxing)
 .debug_str     0x00000000000d8956      0x5ff ./Drivers/STM32F4xx_HAL_Driver/Src/stm32f4xx_hal_uart.o
                                      0xd0ba0 (size before relaxing)

.comment        0x0000000000000000       0x50
 .comment       0x0000000000000000       0x50 ./Core/Src/gpio.o
                                         0x51 (size before relaxing)
 .comment       0x0000000000000050       0x51 ./Core/Src/main.o
 .comment       0x0000000000000050       0x51 ./Core/Src/stm32f4xx_hal_msp.o
 .comment       0x0000000000000050       0x51 ./Core/Src/stm32f4xx_it.o
 .comment       0x0000000000000050       0x51 ./Core/Src/syscalls.o
 .comment       0x0000000000000050       0x51 ./Core/Src/sysmem.o
 .comment       0x0000000000000050       0x51 ./Core/Src/system_stm32f4xx.o
 .comment       0x0000000000000050       0x51 ./Core/Src/tim.o
 .comment       0x0000000000000050       0x51 ./Core/Src/usart.o
 .comment       0x0000000000000050       0x51 ./Drivers/STM32F4xx_HAL_Driver/Src/stm32f4xx_hal.o
 .comment       0x0000000000000050       0x51 ./Drivers/STM32F4xx_HAL_Driver/Src/stm32f4xx_hal_cortex.o
 .comment       0x0000000000000050       0x51 ./Drivers/STM32F4xx_HAL_Driver/Src/stm32f4xx_hal_gpio.o
 .comment       0x0000000000000050       0x51 ./Drivers/STM32F4xx_HAL_Driver/Src/stm32f4xx_hal_rcc.o
 .comment       0x0000000000000050       0x51 ./Drivers/STM32F4xx_HAL_Driver/Src/stm32f4xx_hal_tim.o
 .comment       0x0000000000000050       0x51 ./Drivers/STM32F4xx_HAL_Driver/Src/stm32f4xx_hal_tim_ex.o
 .comment       0x0000000000000050       0x51 ./Drivers/STM32F4xx_HAL_Driver/Src/stm32f4xx_hal_uart.o

.debug_frame    0x0000000000000000     0x3ce0
 .debug_frame   0x0000000000000000       0x38 ./Core/Src/gpio.o
 .debug_frame   0x0000000000000038      0x1e8 ./Core/Src/main.o
 .debug_frame   0x0000000000000220       0x38 ./Core/Src/stm32f4xx_hal_msp.o
 .debug_frame   0x0000000000000258      0x120 ./Core/Src/stm32f4xx_it.o
 .debug_frame   0x0000000000000378      0x2ac ./Core/Src/syscalls.o
 .debug_frame   0x0000000000000624       0x34 ./Core/Src/sysmem.o
 .debug_frame   0x0000000000000658       0x58 ./Core/Src/system_stm32f4xx.o
 .debug_frame   0x00000000000006b0      0x138 ./Core/Src/tim.o
 .debug_frame   0x00000000000007e8       0x74 ./Core/Src/usart.o
 .debug_frame   0x000000000000085c      0x3b4 ./Drivers/STM32F4xx_HAL_Driver/Src/stm32f4xx_hal.o
 .debug_frame   0x0000000000000c10      0x498 ./Drivers/STM32F4xx_HAL_Driver/Src/stm32f4xx_hal_cortex.o
 .debug_frame   0x00000000000010a8      0x14c ./Drivers/STM32F4xx_HAL_Driver/Src/stm32f4xx_hal_gpio.o
 .debug_frame   0x00000000000011f4      0x1f4 ./Drivers/STM32F4xx_HAL_Driver/Src/stm32f4xx_hal_rcc.o
 .debug_frame   0x00000000000013e8     0x11c4 ./Drivers/STM32F4xx_HAL_Driver/Src/stm32f4xx_hal_tim.o
 .debug_frame   0x00000000000025ac      0x638 ./Drivers/STM32F4xx_HAL_Driver/Src/stm32f4xx_hal_tim_ex.o
 .debug_frame   0x0000000000002be4      0x92c ./Drivers/STM32F4xx_HAL_Driver/Src/stm32f4xx_hal_uart.o
 .debug_frame   0x0000000000003510       0x20 c:/st/stm32cubeide_1.9.0/stm32cubeide/plugins/com.st.stm32cube.ide.mcu.externaltools.gnu-tools-for-stm32.10.3-2021.10.win32_1.0.0.202111181127/tools/bin/../lib/gcc/arm-none-eabi/10.3.1/../../../../arm-none-eabi/lib/thumb/v7e-m+fp/hard\libc_nano.a(lib_a-errno.o)
 .debug_frame   0x0000000000003530       0x2c c:/st/stm32cubeide_1.9.0/stm32cubeide/plugins/com.st.stm32cube.ide.mcu.externaltools.gnu-tools-for-stm32.10.3-2021.10.win32_1.0.0.202111181127/tools/bin/../lib/gcc/arm-none-eabi/10.3.1/../../../../arm-none-eabi/lib/thumb/v7e-m+fp/hard\libc_nano.a(lib_a-init.o)
 .debug_frame   0x000000000000355c       0x20 c:/st/stm32cubeide_1.9.0/stm32cubeide/plugins/com.st.stm32cube.ide.mcu.externaltools.gnu-tools-for-stm32.10.3-2021.10.win32_1.0.0.202111181127/tools/bin/../lib/gcc/arm-none-eabi/10.3.1/../../../../arm-none-eabi/lib/thumb/v7e-m+fp/hard\libc_nano.a(lib_a-memset.o)
 .debug_frame   0x000000000000357c       0x78 c:/st/stm32cubeide_1.9.0/stm32cubeide/plugins/com.st.stm32cube.ide.mcu.externaltools.gnu-tools-for-stm32.10.3-2021.10.win32_1.0.0.202111181127/tools/bin/../lib/gcc/arm-none-eabi/10.3.1/../../../../arm-none-eabi/lib/thumb/v7e-m+fp/hard\libc_nano.a(lib_a-sscanf.o)
 .debug_frame   0x00000000000035f4       0x88 c:/st/stm32cubeide_1.9.0/stm32cubeide/plugins/com.st.stm32cube.ide.mcu.externaltools.gnu-tools-for-stm32.10.3-2021.10.win32_1.0.0.202111181127/tools/bin/../lib/gcc/arm-none-eabi/10.3.1/../../../../arm-none-eabi/lib/thumb/v7e-m+fp/hard\libc_nano.a(lib_a-stdio.o)
 .debug_frame   0x000000000000367c       0x20 c:/st/stm32cubeide_1.9.0/stm32cubeide/plugins/com.st.stm32cube.ide.mcu.externaltools.gnu-tools-for-stm32.10.3-2021.10.win32_1.0.0.202111181127/tools/bin/../lib/gcc/arm-none-eabi/10.3.1/../../../../arm-none-eabi/lib/thumb/v7e-m+fp/hard\libc_nano.a(lib_a-strchr.o)
 .debug_frame   0x000000000000369c       0x74 c:/st/stm32cubeide_1.9.0/stm32cubeide/plugins/com.st.stm32cube.ide.mcu.externaltools.gnu-tools-for-stm32.10.3-2021.10.win32_1.0.0.202111181127/tools/bin/../lib/gcc/arm-none-eabi/10.3.1/../../../../arm-none-eabi/lib/thumb/v7e-m+fp/hard\libc_nano.a(lib_a-nano-svfscanf.o)
 .debug_frame   0x0000000000003710       0x64 c:/st/stm32cubeide_1.9.0/stm32cubeide/plugins/com.st.stm32cube.ide.mcu.externaltools.gnu-tools-for-stm32.10.3-2021.10.win32_1.0.0.202111181127/tools/bin/../lib/gcc/arm-none-eabi/10.3.1/../../../../arm-none-eabi/lib/thumb/v7e-m+fp/hard\libc_nano.a(lib_a-nano-vfscanf_i.o)
 .debug_frame   0x0000000000003774       0x5c c:/st/stm32cubeide_1.9.0/stm32cubeide/plugins/com.st.stm32cube.ide.mcu.externaltools.gnu-tools-for-stm32.10.3-2021.10.win32_1.0.0.202111181127/tools/bin/../lib/gcc/arm-none-eabi/10.3.1/../../../../arm-none-eabi/lib/thumb/v7e-m+fp/hard\libc_nano.a(lib_a-reent.o)
 .debug_frame   0x00000000000037d0       0x2c c:/st/stm32cubeide_1.9.0/stm32cubeide/plugins/com.st.stm32cube.ide.mcu.externaltools.gnu-tools-for-stm32.10.3-2021.10.win32_1.0.0.202111181127/tools/bin/../lib/gcc/arm-none-eabi/10.3.1/../../../../arm-none-eabi/lib/thumb/v7e-m+fp/hard\libc_nano.a(lib_a-sccl.o)
 .debug_frame   0x00000000000037fc       0x64 c:/st/stm32cubeide_1.9.0/stm32cubeide/plugins/com.st.stm32cube.ide.mcu.externaltools.gnu-tools-for-stm32.10.3-2021.10.win32_1.0.0.202111181127/tools/bin/../lib/gcc/arm-none-eabi/10.3.1/../../../../arm-none-eabi/lib/thumb/v7e-m+fp/hard\libc_nano.a(lib_a-strtol.o)
 .debug_frame   0x0000000000003860       0x64 c:/st/stm32cubeide_1.9.0/stm32cubeide/plugins/com.st.stm32cube.ide.mcu.externaltools.gnu-tools-for-stm32.10.3-2021.10.win32_1.0.0.202111181127/tools/bin/../lib/gcc/arm-none-eabi/10.3.1/../../../../arm-none-eabi/lib/thumb/v7e-m+fp/hard\libc_nano.a(lib_a-strtoul.o)
 .debug_frame   0x00000000000038c4       0x5c c:/st/stm32cubeide_1.9.0/stm32cubeide/plugins/com.st.stm32cube.ide.mcu.externaltools.gnu-tools-for-stm32.10.3-2021.10.win32_1.0.0.202111181127/tools/bin/../lib/gcc/arm-none-eabi/10.3.1/../../../../arm-none-eabi/lib/thumb/v7e-m+fp/hard\libc_nano.a(lib_a-ungetc.o)
 .debug_frame   0x0000000000003920      0x14c c:/st/stm32cubeide_1.9.0/stm32cubeide/plugins/com.st.stm32cube.ide.mcu.externaltools.gnu-tools-for-stm32.10.3-2021.10.win32_1.0.0.202111181127/tools/bin/../lib/gcc/arm-none-eabi/10.3.1/../../../../arm-none-eabi/lib/thumb/v7e-m+fp/hard\libc_nano.a(lib_a-findfp.o)
 .debug_frame   0x0000000000003a6c       0xb0 c:/st/stm32cubeide_1.9.0/stm32cubeide/plugins/com.st.stm32cube.ide.mcu.externaltools.gnu-tools-for-stm32.10.3-2021.10.win32_1.0.0.202111181127/tools/bin/../lib/gcc/arm-none-eabi/10.3.1/../../../../arm-none-eabi/lib/thumb/v7e-m+fp/hard\libc_nano.a(lib_a-lock.o)
 .debug_frame   0x0000000000003b1c       0x28 c:/st/stm32cubeide_1.9.0/stm32cubeide/plugins/com.st.stm32cube.ide.mcu.externaltools.gnu-tools-for-stm32.10.3-2021.10.win32_1.0.0.202111181127/tools/bin/../lib/gcc/arm-none-eabi/10.3.1/../../../../arm-none-eabi/lib/thumb/v7e-m+fp/hard\libc_nano.a(lib_a-memcpy-stub.o)
 .debug_frame   0x0000000000003b44       0x38 c:/st/stm32cubeide_1.9.0/stm32cubeide/plugins/com.st.stm32cube.ide.mcu.externaltools.gnu-tools-for-stm32.10.3-2021.10.win32_1.0.0.202111181127/tools/bin/../lib/gcc/arm-none-eabi/10.3.1/../../../../arm-none-eabi/lib/thumb/v7e-m+fp/hard\libc_nano.a(lib_a-nano-freer.o)