13:57:18 **** Build of configuration Debug for project lab_4 ****
make -j8 all 
arm-none-eabi-gcc "../Drivers/STM32F4xx_HAL_Driver/Src/stm32f4xx_hal.c" -mcpu=cortex-m4 -std=gnu11 -g3 -DDEBUG -DUSE_HAL_DRIVER -DSTM32F427xx -c -I../Core/Inc -I../Drivers/STM32F4xx_HAL_Driver/Inc -I../Drivers/STM32F4xx_HAL_Driver/Inc/Legacy -I../Drivers/CMSIS/Device/ST/STM32F4xx/Include -I../Drivers/CMSIS/Include -O0 -ffunction-sections -fdata-sections -Wall -fstack-usage -MMD -MP -MF"Drivers/STM32F4xx_HAL_Driver/Src/stm32f4xx_hal.d" -MT"Drivers/STM32F4xx_HAL_Driver/Src/stm32f4xx_hal.o" --specs=nano.specs -mfpu=fpv4-sp-d16 -mfloat-abi=hard -mthumb -o "Drivers/STM32F4xx_HAL_Driver/Src/stm32f4xx_hal.o"
arm-none-eabi-gcc "../Drivers/STM32F4xx_HAL_Driver/Src/stm32f4xx_hal_cortex.c" -mcpu=cortex-m4 -std=gnu11 -g3 -DDEBUG -DUSE_HAL_DRIVER -DSTM32F427xx -c -I../Core/Inc -I../Drivers/STM32F4xx_HAL_Driver/Inc -I../Drivers/STM32F4xx_HAL_Driver/Inc/Legacy -I../Drivers/CMSIS/Device/ST/STM32F4xx/Include -I../Drivers/CMSIS/Include -O0 -ffunction-sections -fdata-sections -Wall -fstack-usage -MMD -MP -MF"Drivers/STM32F4xx_HAL_Driver/Src/stm32f4xx_hal_cortex.d" -MT"Drivers/STM32F4xx_HAL_Driver/Src/stm32f4xx_hal_cortex.o" --specs=nano.specs -mfpu=fpv4-sp-d16 -mfloat-abi=hard -mthumb -o "Drivers/STM32F4xx_HAL_Driver/Src/stm32f4xx_hal_cortex.o"
arm-none-eabi-gcc "../Drivers/STM32F4xx_HAL_Driver/Src/stm32f4xx_hal_dma.c" -mcpu=cortex-m4 -std=gnu11 -g3 -DDEBUG -DUSE_HAL_DRIVER -DSTM32F427xx -c -I../Core/Inc -I../Drivers/STM32F4xx_HAL_Driver/Inc -I../Drivers/STM32F4xx_HAL_Driver/Inc/Legacy -I../Drivers/CMSIS/Device/ST/STM32F4xx/Include -I../Drivers/CMSIS/Include -O0 -ffunction-sections -fdata-sections -Wall -fstack-usage -MMD -MP -MF"Drivers/STM32F4xx_HAL_Driver/Src/stm32f4xx_hal_dma.d" -MT"Drivers/STM32F4xx_HAL_Driver/Src/stm32f4xx_hal_dma.o" --specs=nano.specs -mfpu=fpv4-sp-d16 -mfloat-abi=hard -mthumb -o "Drivers/STM32F4xx_HAL_Driver/Src/stm32f4xx_hal_dma.o"
arm-none-eabi-gcc "../Drivers/STM32F4xx_HAL_Driver/Src/stm32f4xx_hal_dma_ex.c" -mcpu=cortex-m4 -std=gnu11 -g3 -DDEBUG -DUSE_HAL_DRIVER -DSTM32F427xx -c -I../Core/Inc -I../Drivers/STM32F4xx_HAL_Driver/Inc -I../Drivers/STM32F4xx_HAL_Driver/Inc/Legacy -I../Drivers/CMSIS/Device/ST/STM32F4xx/Include -I../Drivers/CMSIS/Include -O0 -ffunction-sections -fdata-sections -Wall -fstack-usage -MMD -MP -MF"Drivers/STM32F4xx_HAL_Driver/Src/stm32f4xx_hal_dma_ex.d" -MT"Drivers/STM32F4xx_HAL_Driver/Src/stm32f4xx_hal_dma_ex.o" --specs=nano.specs -mfpu=fpv4-sp-d16 -mfloat-abi=hard -mthumb -o "Drivers/STM32F4xx_HAL_Driver/Src/stm32f4xx_hal_dma_ex.o"
arm-none-eabi-gcc "../Drivers/STM32F4xx_HAL_Driver/Src/stm32f4xx_hal_exti.c" -mcpu=cortex-m4 -std=gnu11 -g3 -DDEBUG -DUSE_HAL_DRIVER -DSTM32F427xx -c -I../Core/Inc -I../Drivers/STM32F4xx_HAL_Driver/Inc -I../Drivers/STM32F4xx_HAL_Driver/Inc/Legacy -I../Drivers/CMSIS/Device/ST/STM32F4xx/Include -I../Drivers/CMSIS/Include -O0 -ffunction-sections -fdata-sections -Wall -fstack-usage -MMD -MP -MF"Drivers/STM32F4xx_HAL_Driver/Src/stm32f4xx_hal_exti.d" -MT"Drivers/STM32F4xx_HAL_Driver/Src/stm32f4xx_hal_exti.o" --specs=nano.specs -mfpu=fpv4-sp-d16 -mfloat-abi=hard -mthumb -o "Drivers/STM32F4xx_HAL_Driver/Src/stm32f4xx_hal_exti.o"
arm-none-eabi-gcc "../Drivers/STM32F4xx_HAL_Driver/Src/stm32f4xx_hal_flash.c" -mcpu=cortex-m4 -std=gnu11 -g3 -DDEBUG -DUSE_HAL_DRIVER -DSTM32F427xx -c -I../Core/Inc -I../Drivers/STM32F4xx_HAL_Driver/Inc -I../Drivers/STM32F4xx_HAL_Driver/Inc/Legacy -I../Drivers/CMSIS/Device/ST/STM32F4xx/Include -I../Drivers/CMSIS/Include -O0 -ffunction-sections -fdata-sections -Wall -fstack-usage -MMD -MP -MF"Drivers/STM32F4xx_HAL_Driver/Src/stm32f4xx_hal_flash.d" -MT"Drivers/STM32F4xx_HAL_Driver/Src/stm32f4xx_hal_flash.o" --specs=nano.specs -mfpu=fpv4-sp-d16 -mfloat-abi=hard -mthumb -o "Drivers/STM32F4xx_HAL_Driver/Src/stm32f4xx_hal_flash.o"
arm-none-eabi-gcc "../Drivers/STM32F4xx_HAL_Driver/Src/stm32f4xx_hal_flash_ex.c" -mcpu=cortex-m4 -std=gnu11 -g3 -DDEBUG -DUSE_HAL_DRIVER -DSTM32F427xx -c -I../Core/Inc -I../Drivers/STM32F4xx_HAL_Driver/Inc -I../Drivers/STM32F4xx_HAL_Driver/Inc/Legacy -I../Drivers/CMSIS/Device/ST/STM32F4xx/Include -I../Drivers/CMSIS/Include -O0 -ffunction-sections -fdata-sections -Wall -fstack-usage -MMD -MP -MF"Drivers/STM32F4xx_HAL_Driver/Src/stm32f4xx_hal_flash_ex.d" -MT"Drivers/STM32F4xx_HAL_Driver/Src/stm32f4xx_hal_flash_ex.o" --specs=nano.specs -mfpu=fpv4-sp-d16 -mfloat-abi=hard -mthumb -o "Drivers/STM32F4xx_HAL_Driver/Src/stm32f4xx_hal_flash_ex.o"
arm-none-eabi-gcc "../Drivers/STM32F4xx_HAL_Driver/Src/stm32f4xx_hal_flash_ramfunc.c" -mcpu=cortex-m4 -std=gnu11 -g3 -DDEBUG -DUSE_HAL_DRIVER -DSTM32F427xx -c -I../Core/Inc -I../Drivers/STM32F4xx_HAL_Driver/Inc -I../Drivers/STM32F4xx_HAL_Driver/Inc/Legacy -I../Drivers/CMSIS/Device/ST/STM32F4xx/Include -I../Drivers/CMSIS/Include -O0 -ffunction-sections -fdata-sections -Wall -fstack-usage -MMD -MP -MF"Drivers/STM32F4xx_HAL_Driver/Src/stm32f4xx_hal_flash_ramfunc.d" -MT"Drivers/STM32F4xx_HAL_Driver/Src/stm32f4xx_hal_flash_ramfunc.o" --specs=nano.specs -mfpu=fpv4-sp-d16 -mfloat-abi=hard -mthumb -o "Drivers/STM32F4xx_HAL_Driver/Src/stm32f4xx_hal_flash_ramfunc.o"
arm-none-eabi-gcc "../Drivers/STM32F4xx_HAL_Driver/Src/stm32f4xx_hal_gpio.c" -mcpu=cortex-m4 -std=gnu11 -g3 -DDEBUG -DUSE_HAL_DRIVER -DSTM32F427xx -c -I../Core/Inc -I../Drivers/STM32F4xx_HAL_Driver/Inc -I../Drivers/STM32F4xx_HAL_Driver/Inc/Legacy -I../Drivers/CMSIS/Device/ST/STM32F4xx/Include -I../Drivers/CMSIS/Include -O0 -ffunction-sections -fdata-sections -Wall -fstack-usage -MMD -MP -MF"Drivers/STM32F4xx_HAL_Driver/Src/stm32f4xx_hal_gpio.d" -MT"Drivers/STM32F4xx_HAL_Driver/Src/stm32f4xx_hal_gpio.o" --specs=nano.specs -mfpu=fpv4-sp-d16 -mfloat-abi=hard -mthumb -o "Drivers/STM32F4xx_HAL_Driver/Src/stm32f4xx_hal_gpio.o"
arm-none-eabi-gcc "../Drivers/STM32F4xx_HAL_Driver/Src/stm32f4xx_hal_i2c.c" -mcpu=cortex-m4 -std=gnu11 -g3 -DDEBUG -DUSE_HAL_DRIVER -DSTM32F427xx -c -I../Core/Inc -I../Drivers/STM32F4xx_HAL_Driver/Inc -I../Drivers/STM32F4xx_HAL_Driver/Inc/Legacy -I../Drivers/CMSIS/Device/ST/STM32F4xx/Include -I../Drivers/CMSIS/Include -O0 -ffunction-sections -fdata-sections -Wall -fstack-usage -MMD -MP -MF"Drivers/STM32F4xx_HAL_Driver/Src/stm32f4xx_hal_i2c.d" -MT"Drivers/STM32F4xx_HAL_Driver/Src/stm32f4xx_hal_i2c.o" --specs=nano.specs -mfpu=fpv4-sp-d16 -mfloat-abi=hard -mthumb -o "Drivers/STM32F4xx_HAL_Driver/Src/stm32f4xx_hal_i2c.o"
arm-none-eabi-gcc "../Drivers/STM32F4xx_HAL_Driver/Src/stm32f4xx_hal_i2c_ex.c" -mcpu=cortex-m4 -std=gnu11 -g3 -DDEBUG -DUSE_HAL_DRIVER -DSTM32F427xx -c -I../Core/Inc -I../Drivers/STM32F4xx_HAL_Driver/Inc -I../Drivers/STM32F4xx_HAL_Driver/Inc/Legacy -I../Drivers/CMSIS/Device/ST/STM32F4xx/Include -I../Drivers/CMSIS/Include -O0 -ffunction-sections -fdata-sections -Wall -fstack-usage -MMD -MP -MF"Drivers/STM32F4xx_HAL_Driver/Src/stm32f4xx_hal_i2c_ex.d" -MT"Drivers/STM32F4xx_HAL_Driver/Src/stm32f4xx_hal_i2c_ex.o" --specs=nano.specs -mfpu=fpv4-sp-d16 -mfloat-abi=hard -mthumb -o "Drivers/STM32F4xx_HAL_Driver/Src/stm32f4xx_hal_i2c_ex.o"
arm-none-eabi-gcc "../Drivers/STM32F4xx_HAL_Driver/Src/stm32f4xx_hal_pwr.c" -mcpu=cortex-m4 -std=gnu11 -g3 -DDEBUG -DUSE_HAL_DRIVER -DSTM32F427xx -c -I../Core/Inc -I../Drivers/STM32F4xx_HAL_Driver/Inc -I../Drivers/STM32F4xx_HAL_Driver/Inc/Legacy -I../Drivers/CMSIS/Device/ST/STM32F4xx/Include -I../Drivers/CMSIS/Include -O0 -ffunction-sections -fdata-sections -Wall -fstack-usage -MMD -MP -MF"Drivers/STM32F4xx_HAL_Driver/Src/stm32f4xx_hal_pwr.d" -MT"Drivers/STM32F4xx_HAL_Driver/Src/stm32f4xx_hal_pwr.o" --specs=nano.specs -mfpu=fpv4-sp-d16 -mfloat-abi=hard -mthumb -o "Drivers/STM32F4xx_HAL_Driver/Src/stm32f4xx_hal_pwr.o"
arm-none-eabi-gcc "../Drivers/STM32F4xx_HAL_Driver/Src/stm32f4xx_hal_pwr_ex.c" -mcpu=cortex-m4 -std=gnu11 -g3 -DDEBUG -DUSE_HAL_DRIVER -DSTM32F427xx -c -I../Core/Inc -I../Drivers/STM32F4xx_HAL_Driver/Inc -I../Drivers/STM32F4xx_HAL_Driver/Inc/Legacy -I../Drivers/CMSIS/Device/ST/STM32F4xx/Include -I../Drivers/CMSIS/Include -O0 -ffunction-sections -fdata-sections -Wall -fstack-usage -MMD -MP -MF"Drivers/STM32F4xx_HAL_Driver/Src/stm32f4xx_hal_pwr_ex.d" -MT"Drivers/STM32F4xx_HAL_Driver/Src/stm32f4xx_hal_pwr_ex.o" --specs=nano.specs -mfpu=fpv4-sp-d16 -mfloat-abi=hard -mthumb -o "Drivers/STM32F4xx_HAL_Driver/Src/stm32f4xx_hal_pwr_ex.o"
arm-none-eabi-gcc "../Drivers/STM32F4xx_HAL_Driver/Src/stm32f4xx_hal_rcc.c" -mcpu=cortex-m4 -std=gnu11 -g3 -DDEBUG -DUSE_HAL_DRIVER -DSTM32F427xx -c -I../Core/Inc -I../Drivers/STM32F4xx_HAL_Driver/Inc -I../Drivers/STM32F4xx_HAL_Driver/Inc/Legacy -I../Drivers/CMSIS/Device/ST/STM32F4xx/Include -I../Drivers/CMSIS/Include -O0 -ffunction-sections -fdata-sections -Wall -fstack-usage -MMD -MP -MF"Drivers/STM32F4xx_HAL_Driver/Src/stm32f4xx_hal_rcc.d" -MT"Drivers/STM32F4xx_HAL_Driver/Src/stm32f4xx_hal_rcc.o" --specs=nano.specs -mfpu=fpv4-sp-d16 -mfloat-abi=hard -mthumb -o "Drivers/STM32F4xx_HAL_Driver/Src/stm32f4xx_hal_rcc.o"
arm-none-eabi-gcc "../Drivers/STM32F4xx_HAL_Driver/Src/stm32f4xx_hal_rcc_ex.c" -mcpu=cortex-m4 -std=gnu11 -g3 -DDEBUG -DUSE_HAL_DRIVER -DSTM32F427xx -c -I../Core/Inc -I../Drivers/STM32F4xx_HAL_Driver/Inc -I../Drivers/STM32F4xx_HAL_Driver/Inc/Legacy -I../Drivers/CMSIS/Device/ST/STM32F4xx/Include -I../Drivers/CMSIS/Include -O0 -ffunction-sections -fdata-sections -Wall -fstack-usage -MMD -MP -MF"Drivers/STM32F4xx_HAL_Driver/Src/stm32f4xx_hal_rcc_ex.d" -MT"Drivers/STM32F4xx_HAL_Driver/Src/stm32f4xx_hal_rcc_ex.o" --specs=nano.specs -mfpu=fpv4-sp-d16 -mfloat-abi=hard -mthumb -o "Drivers/STM32F4xx_HAL_Driver/Src/stm32f4xx_hal_rcc_ex.o"
arm-none-eabi-gcc "../Drivers/STM32F4xx_HAL_Driver/Src/stm32f4xx_hal_tim.c" -mcpu=cortex-m4 -std=gnu11 -g3 -DDEBUG -DUSE_HAL_DRIVER -DSTM32F427xx -c -I../Core/Inc -I../Drivers/STM32F4xx_HAL_Driver/Inc -I../Drivers/STM32F4xx_HAL_Driver/Inc/Legacy -I../Drivers/CMSIS/Device/ST/STM32F4xx/Include -I../Drivers/CMSIS/Include -O0 -ffunction-sections -fdata-sections -Wall -fstack-usage -MMD -MP -MF"Drivers/STM32F4xx_HAL_Driver/Src/stm32f4xx_hal_tim.d" -MT"Drivers/STM32F4xx_HAL_Driver/Src/stm32f4xx_hal_tim.o" --specs=nano.specs -mfpu=fpv4-sp-d16 -mfloat-abi=hard -mthumb -o "Drivers/STM32F4xx_HAL_Driver/Src/stm32f4xx_hal_tim.o"
arm-none-eabi-gcc "../Drivers/STM32F4xx_HAL_Driver/Src/stm32f4xx_hal_tim_ex.c" -mcpu=cortex-m4 -std=gnu11 -g3 -DDEBUG -DUSE_HAL_DRIVER -DSTM32F427xx -c -I../Core/Inc -I../Drivers/STM32F4xx_HAL_Driver/Inc -I../Drivers/STM32F4xx_HAL_Driver/Inc/Legacy -I../Drivers/CMSIS/Device/ST/STM32F4xx/Include -I../Drivers/CMSIS/Include -O0 -ffunction-sections -fdata-sections -Wall -fstack-usage -MMD -MP -MF"Drivers/STM32F4xx_HAL_Driver/Src/stm32f4xx_hal_tim_ex.d" -MT"Drivers/STM32F4xx_HAL_Driver/Src/stm32f4xx_hal_tim_ex.o" --specs=nano.specs -mfpu=fpv4-sp-d16 -mfloat-abi=hard -mthumb -o "Drivers/STM32F4xx_HAL_Driver/Src/stm32f4xx_hal_tim_ex.o"
arm-none-eabi-gcc "../Drivers/STM32F4xx_HAL_Driver/Src/stm32f4xx_hal_uart.c" -mcpu=cortex-m4 -std=gnu11 -g3 -DDEBUG -DUSE_HAL_DRIVER -DSTM32F427xx -c -I../Core/Inc -I../Drivers/STM32F4xx_HAL_Driver/Inc -I../Drivers/STM32F4xx_HAL_Driver/Inc/Legacy -I../Drivers/CMSIS/Device/ST/STM32F4xx/Include -I../Drivers/CMSIS/Include -O0 -ffunction-sections -fdata-sections -Wall -fstack-usage -MMD -MP -MF"Drivers/STM32F4xx_HAL_Driver/Src/stm32f4xx_hal_uart.d" -MT"Drivers/STM32F4xx_HAL_Driver/Src/stm32f4xx_hal_uart.o" --specs=nano.specs -mfpu=fpv4-sp-d16 -mfloat-abi=hard -mthumb -o "Drivers/STM32F4xx_HAL_Driver/Src/stm32f4xx_hal_uart.o"
arm-none-eabi-gcc -mcpu=cortex-m4 -g3 -DDEBUG -c -x assembler-with-cpp -MMD -MP -MF"Core/Startup/startup_stm32f427vitx.d" -MT"Core/Startup/startup_stm32f427vitx.o" --specs=nano.specs -mfpu=fpv4-sp-d16 -mfloat-abi=hard -mthumb -o "Core/Startup/startup_stm32f427vitx.o" "../Core/Startup/startup_stm32f427vitx.s"
arm-none-eabi-gcc "../Core/Src/gpio.c" -mcpu=cortex-m4 -std=gnu11 -g3 -DDEBUG -DUSE_HAL_DRIVER -DSTM32F427xx -c -I../Core/Inc -I../Drivers/STM32F4xx_HAL_Driver/Inc -I../Drivers/STM32F4xx_HAL_Driver/Inc/Legacy -I../Drivers/CMSIS/Device/ST/STM32F4xx/Include -I../Drivers/CMSIS/Include -O0 -ffunction-sections -fdata-sections -Wall -fstack-usage -MMD -MP -MF"Core/Src/gpio.d" -MT"Core/Src/gpio.o" --specs=nano.specs -mfpu=fpv4-sp-d16 -mfloat-abi=hard -mthumb -o "Core/Src/gpio.o"
arm-none-eabi-gcc "../Core/Src/i2c.c" -mcpu=cortex-m4 -std=gnu11 -g3 -DDEBUG -DUSE_HAL_DRIVER -DSTM32F427xx -c -I../Core/Inc -I../Drivers/STM32F4xx_HAL_Driver/Inc -I../Drivers/STM32F4xx_HAL_Driver/Inc/Legacy -I../Drivers/CMSIS/Device/ST/STM32F4xx/Include -I../Drivers/CMSIS/Include -O0 -ffunction-sections -fdata-sections -Wall -fstack-usage -MMD -MP -MF"Core/Src/i2c.d" -MT"Core/Src/i2c.o" --specs=nano.specs -mfpu=fpv4-sp-d16 -mfloat-abi=hard -mthumb -o "Core/Src/i2c.o"
arm-none-eabi-gcc "../Core/Src/main.c" -mcpu=cortex-m4 -std=gnu11 -g3 -DDEBUG -DUSE_HAL_DRIVER -DSTM32F427xx -c -I../Core/Inc -I../Drivers/STM32F4xx_HAL_Driver/Inc -I../Drivers/STM32F4xx_HAL_Driver/Inc/Legacy -I../Drivers/CMSIS/Device/ST/STM32F4xx/Include -I../Drivers/CMSIS/Include -O0 -ffunction-sections -fdata-sections -Wall -fstack-usage -MMD -MP -MF"Core/Src/main.d" -MT"Core/Src/main.o" --specs=nano.specs -mfpu=fpv4-sp-d16 -mfloat-abi=hard -mthumb -o "Core/Src/main.o"
arm-none-eabi-gcc "../Core/Src/stm32f4xx_hal_msp.c" -mcpu=cortex-m4 -std=gnu11 -g3 -DDEBUG -DUSE_HAL_DRIVER -DSTM32F427xx -c -I../Core/Inc -I../Drivers/STM32F4xx_HAL_Driver/Inc -I../Drivers/STM32F4xx_HAL_Driver/Inc/Legacy -I../Drivers/CMSIS/Device/ST/STM32F4xx/Include -I../Drivers/CMSIS/Include -O0 -ffunction-sections -fdata-sections -Wall -fstack-usage -MMD -MP -MF"Core/Src/stm32f4xx_hal_msp.d" -MT"Core/Src/stm32f4xx_hal_msp.o" --specs=nano.specs -mfpu=fpv4-sp-d16 -mfloat-abi=hard -mthumb -o "Core/Src/stm32f4xx_hal_msp.o"
arm-none-eabi-gcc "../Core/Src/stm32f4xx_it.c" -mcpu=cortex-m4 -std=gnu11 -g3 -DDEBUG -DUSE_HAL_DRIVER -DSTM32F427xx -c -I../Core/Inc -I../Drivers/STM32F4xx_HAL_Driver/Inc -I../Drivers/STM32F4xx_HAL_Driver/Inc/Legacy -I../Drivers/CMSIS/Device/ST/STM32F4xx/Include -I../Drivers/CMSIS/Include -O0 -ffunction-sections -fdata-sections -Wall -fstack-usage -MMD -MP -MF"Core/Src/stm32f4xx_it.d" -MT"Core/Src/stm32f4xx_it.o" --specs=nano.specs -mfpu=fpv4-sp-d16 -mfloat-abi=hard -mthumb -o "Core/Src/stm32f4xx_it.o"
arm-none-eabi-gcc "../Core/Src/syscalls.c" -mcpu=cortex-m4 -std=gnu11 -g3 -DDEBUG -DUSE_HAL_DRIVER -DSTM32F427xx -c -I../Core/Inc -I../Drivers/STM32F4xx_HAL_Driver/Inc -I../Drivers/STM32F4xx_HAL_Driver/Inc/Legacy -I../Drivers/CMSIS/Device/ST/STM32F4xx/Include -I../Drivers/CMSIS/Include -O0 -ffunction-sections -fdata-sections -Wall -fstack-usage -MMD -MP -MF"Core/Src/syscalls.d" -MT"Core/Src/syscalls.o" --specs=nano.specs -mfpu=fpv4-sp-d16 -mfloat-abi=hard -mthumb -o "Core/Src/syscalls.o"
arm-none-eabi-gcc "../Core/Src/sysmem.c" -mcpu=cortex-m4 -std=gnu11 -g3 -DDEBUG -DUSE_HAL_DRIVER -DSTM32F427xx -c -I../Core/Inc -I../Drivers/STM32F4xx_HAL_Driver/Inc -I../Drivers/STM32F4xx_HAL_Driver/Inc/Legacy -I../Drivers/CMSIS/Device/ST/STM32F4xx/Include -I../Drivers/CMSIS/Include -O0 -ffunction-sections -fdata-sections -Wall -fstack-usage -MMD -MP -MF"Core/Src/sysmem.d" -MT"Core/Src/sysmem.o" --specs=nano.specs -mfpu=fpv4-sp-d16 -mfloat-abi=hard -mthumb -o "Core/Src/sysmem.o"
arm-none-eabi-gcc "../Core/Src/system_stm32f4xx.c" -mcpu=cortex-m4 -std=gnu11 -g3 -DDEBUG -DUSE_HAL_DRIVER -DSTM32F427xx -c -I../Core/Inc -I../Drivers/STM32F4xx_HAL_Driver/Inc -I../Drivers/STM32F4xx_HAL_Driver/Inc/Legacy -I../Drivers/CMSIS/Device/ST/STM32F4xx/Include -I../Drivers/CMSIS/Include -O0 -ffunction-sections -fdata-sections -Wall -fstack-usage -MMD -MP -MF"Core/Src/system_stm32f4xx.d" -MT"Core/Src/system_stm32f4xx.o" --specs=nano.specs -mfpu=fpv4-sp-d16 -mfloat-abi=hard -mthumb -o "Core/Src/system_stm32f4xx.o"
arm-none-eabi-gcc "../Core/Src/tim.c" -mcpu=cortex-m4 -std=gnu11 -g3 -DDEBUG -DUSE_HAL_DRIVER -DSTM32F427xx -c -I../Core/Inc -I../Drivers/STM32F4xx_HAL_Driver/Inc -I../Drivers/STM32F4xx_HAL_Driver/Inc/Legacy -I../Drivers/CMSIS/Device/ST/STM32F4xx/Include -I../Drivers/CMSIS/Include -O0 -ffunction-sections -fdata-sections -Wall -fstack-usage -MMD -MP -MF"Core/Src/tim.d" -MT"Core/Src/tim.o" --specs=nano.specs -mfpu=fpv4-sp-d16 -mfloat-abi=hard -mthumb -o "Core/Src/tim.o"
arm-none-eabi-gcc "../Core/Src/usart.c" -mcpu=cortex-m4 -std=gnu11 -g3 -DDEBUG -DUSE_HAL_DRIVER -DSTM32F427xx -c -I../Core/Inc -I../Drivers/STM32F4xx_HAL_Driver/Inc -I../Drivers/STM32F4xx_HAL_Driver/Inc/Legacy -I../Drivers/CMSIS/Device/ST/STM32F4xx/Include -I../Drivers/CMSIS/Include -O0 -ffunction-sections -fdata-sections -Wall -fstack-usage -MMD -MP -MF"Core/Src/usart.d" -MT"Core/Src/usart.o" --specs=nano.specs -mfpu=fpv4-sp-d16 -mfloat-abi=hard -mthumb -o "Core/Src/usart.o"
arm-none-eabi-gcc -o "lab_4.elf" @"objects.list"   -mcpu=cortex-m4 -T"C:\Users\toric\Downloads\lab_4\lab_4\STM32F427VITX_FLASH.ld" --specs=nosys.specs -Wl,-Map="lab_4.map" -Wl,--gc-sections -static --specs=nano.specs -mfpu=fpv4-sp-d16 -mfloat-abi=hard -mthumb -Wl,--start-group -lc -lm -Wl,--end-group
Finished building target: lab_4.elf
 
arm-none-eabi-size   lab_4.elf 
arm-none-eabi-objdump -h -S  lab_4.elf  > "lab_4.list"
   text	   data	    bss	    dec	    hex	filename
  22704	    632	   1992	  25328	   62f0	lab_4.elf
Finished building: default.size.stdout
 
Finished building: lab_4.list
 
13:58:51 **** Incremental Build of configuration Debug for project lab_4 ****
make -j8 all 
arm-none-eabi-size   lab_4.elf 
   text	   data	    bss	    dec	    hex	filename
  22704	    632	   1992	  25328	   62f0	lab_4.elf
Finished building: default.size.stdout
 
13:59:09 **** Incremental Build of configuration Debug for project lab_4 ****
make -j8 all 
arm-none-eabi-size   lab_4.elf 
   text	   data	    bss	    dec	    hex	filename
  22704	    632	   1992	  25328	   62f0	lab_4.elf
Finished building: default.size.stdout
 
14:03:57 **** Incremental Build of configuration Debug for project lab_4 ****
make -j8 all 
arm-none-eabi-gcc "../Core/Src/main.c" -mcpu=cortex-m4 -std=gnu11 -g3 -DDEBUG -DUSE_HAL_DRIVER -DSTM32F427xx -c -I../Core/Inc -I../Drivers/STM32F4xx_HAL_Driver/Inc -I../Drivers/STM32F4xx_HAL_Driver/Inc/Legacy -I../Drivers/CMSIS/Device/ST/STM32F4xx/Include -I../Drivers/CMSIS/Include -O0 -ffunction-sections -fdata-sections -Wall -fstack-usage -MMD -MP -MF"Core/Src/main.d" -MT"Core/Src/main.o" --specs=nano.specs -mfpu=fpv4-sp-d16 -mfloat-abi=hard -mthumb -o "Core/Src/main.o"
../Core/Src/main.c: In function 'main':
../Core/Src/main.c:157:5: warning: implicit declaration of function 'SystemClock_Config'; did you mean 'SysTick_Config'? [-Wimplicit-function-declaration]
  157 |     SystemClock_Config();
      |     ^~~~~~~~~~~~~~~~~~
      |     SysTick_Config
arm-none-eabi-gcc -o "lab_4.elf" @"objects.list"   -mcpu=cortex-m4 -T"C:\Users\toric\Downloads\lab_4\lab_4\STM32F427VITX_FLASH.ld" --specs=nosys.specs -Wl,-Map="lab_4.map" -Wl,--gc-sections -static --specs=nano.specs -mfpu=fpv4-sp-d16 -mfloat-abi=hard -mthumb -Wl,--start-group -lc -lm -Wl,--end-group
c:\st\stm32cubeide_1.9.0\stm32cubeide\plugins\com.st.stm32cube.ide.mcu.externaltools.gnu-tools-for-stm32.10.3-2021.10.win32_1.0.0.202111181127\tools\arm-none-eabi\bin\ld.exe: ./Core/Src/i2c.o: in function `MX_I2C1_Init':
C:/Users/toric/Downloads/lab_4/lab_4/Debug/../Core/Src/i2c.c:51: undefined reference to `Error_Handler'
c:\st\stm32cubeide_1.9.0\stm32cubeide\plugins\com.st.stm32cube.ide.mcu.externaltools.gnu-tools-for-stm32.10.3-2021.10.win32_1.0.0.202111181127\tools\arm-none-eabi\bin\ld.exe: C:/Users/toric/Downloads/lab_4/lab_4/Debug/../Core/Src/i2c.c:58: undefined reference to `Error_Handler'
c:\st\stm32cubeide_1.9.0\stm32cubeide\plugins\com.st.stm32cube.ide.mcu.externaltools.gnu-tools-for-stm32.10.3-2021.10.win32_1.0.0.202111181127\tools\arm-none-eabi\bin\ld.exe: C:/Users/toric/Downloads/lab_4/lab_4/Debug/../Core/Src/i2c.c:65: undefined reference to `Error_Handler'
c:\st\stm32cubeide_1.9.0\stm32cubeide\plugins\com.st.stm32cube.ide.mcu.externaltools.gnu-tools-for-stm32.10.3-2021.10.win32_1.0.0.202111181127\tools\arm-none-eabi\bin\ld.exe: ./Core/Src/main.o: in function `main':
C:/Users/toric/Downloads/lab_4/lab_4/Debug/../Core/Src/main.c:157: undefined reference to `SystemClock_Config'
c:\st\stm32cubeide_1.9.0\stm32cubeide\plugins\com.st.stm32cube.ide.mcu.externaltools.gnu-tools-for-stm32.10.3-2021.10.win32_1.0.0.202111181127\tools\arm-none-eabi\bin\ld.exe: ./Core/Src/tim.o: in function `MX_TIM1_Init':
C:/Users/toric/Downloads/lab_4/lab_4/Debug/../Core/Src/tim.c:55: undefined reference to `Error_Handler'
c:\st\stm32cubeide_1.9.0\stm32cubeide\plugins\com.st.stm32cube.ide.mcu.externaltools.gnu-tools-for-stm32.10.3-2021.10.win32_1.0.0.202111181127\tools\arm-none-eabi\bin\ld.exe: C:/Users/toric/Downloads/lab_4/lab_4/Debug/../Core/Src/tim.c:61: undefined reference to `Error_Handler'
c:\st\stm32cubeide_1.9.0\stm32cubeide\plugins\com.st.stm32cube.ide.mcu.externaltools.gnu-tools-for-stm32.10.3-2021.10.win32_1.0.0.202111181127\tools\arm-none-eabi\bin\ld.exe: C:/Users/toric/Downloads/lab_4/lab_4/Debug/../Core/Src/tim.c:72: undefined reference to `Error_Handler'
c:\st\stm32cubeide_1.9.0\stm32cubeide\plugins\com.st.stm32cube.ide.mcu.externaltools.gnu-tools-for-stm32.10.3-2021.10.win32_1.0.0.202111181127\tools\arm-none-eabi\bin\ld.exe: C:/Users/toric/Downloads/lab_4/lab_4/Debug/../Core/Src/tim.c:83: undefined reference to `Error_Handler'
c:\st\stm32cubeide_1.9.0\stm32cubeide\plugins\com.st.stm32cube.ide.mcu.externaltools.gnu-tools-for-stm32.10.3-2021.10.win32_1.0.0.202111181127\tools\arm-none-eabi\bin\ld.exe: ./Core/Src/usart.o: in function `MX_USART6_UART_Init':
C:/Users/toric/Downloads/lab_4/lab_4/Debug/../Core/Src/usart.c:51: undefined reference to `Error_Handler'
collect2.exe: error: ld returned 1 exit status
make: *** [makefile:64: lab_4.elf] Error 1
"make -j8 all" terminated with exit code 2. Build might be incomplete.
14:05:16 **** Incremental Build of configuration Debug for project lab_4 ****
make -j8 all 
arm-none-eabi-gcc "../Core/Src/main.c" -mcpu=cortex-m4 -std=gnu11 -g3 -DDEBUG -DUSE_HAL_DRIVER -DSTM32F427xx -c -I../Core/Inc -I../Drivers/STM32F4xx_HAL_Driver/Inc -I../Drivers/STM32F4xx_HAL_Driver/Inc/Legacy -I../Drivers/CMSIS/Device/ST/STM32F4xx/Include -I../Drivers/CMSIS/Include -O0 -ffunction-sections -fdata-sections -Wall -fstack-usage -MMD -MP -MF"Core/Src/main.d" -MT"Core/Src/main.o" --specs=nano.specs -mfpu=fpv4-sp-d16 -mfloat-abi=hard -mthumb -o "Core/Src/main.o"
../Core/Src/main.c: In function 'main':
../Core/Src/main.c:157:5: warning: implicit declaration of function 'SystemClock_Config'; did you mean 'SysTick_Config'? [-Wimplicit-function-declaration]
  157 |     SystemClock_Config();
      |     ^~~~~~~~~~~~~~~~~~
      |     SysTick_Config
../Core/Src/main.c: At top level:
../Core/Src/main.c:188:6: warning: conflicting types for 'SystemClock_Config'
  188 | void SystemClock_Config(void)
      |      ^~~~~~~~~~~~~~~~~~
../Core/Src/main.c:157:5: note: previous implicit declaration of 'SystemClock_Config' was here
  157 |     SystemClock_Config();
      |     ^~~~~~~~~~~~~~~~~~
arm-none-eabi-gcc -o "lab_4.elf" @"objects.list"   -mcpu=cortex-m4 -T"C:\Users\toric\Downloads\lab_4\lab_4\STM32F427VITX_FLASH.ld" --specs=nosys.specs -Wl,-Map="lab_4.map" -Wl,--gc-sections -static --specs=nano.specs -mfpu=fpv4-sp-d16 -mfloat-abi=hard -mthumb -Wl,--start-group -lc -lm -Wl,--end-group
Finished building target: lab_4.elf
 
arm-none-eabi-size   lab_4.elf 
arm-none-eabi-objdump -h -S  lab_4.elf  > "lab_4.list"
   text	   data	    bss	    dec	    hex	filename
  23536	    284	   2060	  25880	   6518	lab_4.elf
Finished building: default.size.stdout
 
Finished building: lab_4.list
 
14:05:50 **** Incremental Build of configuration Debug for project lab_4 ****
make -j8 all 
arm-none-eabi-size   lab_4.elf 
   text	   data	    bss	    dec	    hex	filename
  23536	    284	   2060	  25880	   6518	lab_4.elf
Finished building: default.size.stdout
 
14:08:01 **** Incremental Build of configuration Debug for project lab_4 ****
make -j8 all 
arm-none-eabi-gcc "../Core/Src/main.c" -mcpu=cortex-m4 -std=gnu11 -g3 -DDEBUG -DUSE_HAL_DRIVER -DSTM32F427xx -c -I../Core/Inc -I../Drivers/STM32F4xx_HAL_Driver/Inc -I../Drivers/STM32F4xx_HAL_Driver/Inc/Legacy -I../Drivers/CMSIS/Device/ST/STM32F4xx/Include -I../Drivers/CMSIS/Include -O0 -ffunction-sections -fdata-sections -Wall -fstack-usage -MMD -MP -MF"Core/Src/main.d" -MT"Core/Src/main.o" --specs=nano.specs -mfpu=fpv4-sp-d16 -mfloat-abi=hard -mthumb -o "Core/Src/main.o"
../Core/Src/main.c: In function 'SystemClock_Config':
../Core/Src/main.c:434: warning: "CLOCK_SCALED_FREQUENCY" redefined
  434 | #define CLOCK_SCALED_FREQUENCY 1000000
      | 
../Core/Src/main.c:42: note: this is the location of the previous definition
   42 | #define CLOCK_SCALED_FREQUENCY 1000000U
      | 
../Core/Src/main.c:435: warning: "LED_PWM_FREQUENCY" redefined
  435 | #define LED_PWM_FREQUENCY  500
      | 
../Core/Src/main.c:43: note: this is the location of the previous definition
   43 | #define LED_PWM_FREQUENCY  500U
      | 
../Core/Src/main.c:899:5: warning: 'main' is normally a non-static function [-Wmain]
  899 | int main(void)
      |     ^~~~
../Core/Src/main.c:952:6: error: redefinition of 'SystemClock_Config'
  952 | void SystemClock_Config(void)
      |      ^~~~~~~~~~~~~~~~~~
../Core/Src/main.c:350:6: note: previous definition of 'SystemClock_Config' was here
  350 | void SystemClock_Config(void)
      |      ^~~~~~~~~~~~~~~~~~
../Core/Src/main.c:475:6: warning: unused variable 'buf_char' [-Wunused-variable]
  475 | char buf_char[2] = {'\0', '\0'};
      |      ^~~~~~~~
At top level:
../Core/Src/main.c:952:6: warning: 'SystemClock_Config' defined but not used [-Wunused-function]
  952 | void SystemClock_Config(void)
      |      ^~~~~~~~~~~~~~~~~~
../Core/Src/main.c:899:5: warning: 'main' defined but not used [-Wunused-function]
  899 | int main(void)
      |     ^~~~
../Core/Src/main.c:866:6: warning: 'HAL_TIM_PeriodElapsedCallback' defined but not used [-Wunused-function]
  866 | void HAL_TIM_PeriodElapsedCallback(TIM_HandleTypeDef *htim) {
      |      ^~~~~~~~~~~~~~~~~~~~~~~~~~~~~
../Core/Src/main.c:787:6: warning: 'play_melody' defined but not used [-Wunused-function]
  787 | void play_melody(const Note_t *melody, uint16_t length) {
      |      ^~~~~~~~~~~
../Core/Src/main.c:118:13: warning: 'uart_write_newline' defined but not used [-Wunused-function]
  118 | static void uart_write_newline(void) {
      |             ^~~~~~~~~~~~~~~~~~
../Core/Src/main.c:94:17: warning: 'noteTimer' defined but not used [-Wunused-variable]
   94 | static uint32_t noteTimer = 0; // ms counter for current note duration
      |                 ^~~~~~~~~
make: *** [Core/Src/subdir.mk:46: Core/Src/main.o] Error 1
"make -j8 all" terminated with exit code 2. Build might be incomplete.
14:09:16 **** Incremental Build of configuration Debug for project lab_4 ****
make -j8 all 
arm-none-eabi-gcc "../Core/Src/main.c" -mcpu=cortex-m4 -std=gnu11 -g3 -DDEBUG -DUSE_HAL_DRIVER -DSTM32F427xx -c -I../Core/Inc -I../Drivers/STM32F4xx_HAL_Driver/Inc -I../Drivers/STM32F4xx_HAL_Driver/Inc/Legacy -I../Drivers/CMSIS/Device/ST/STM32F4xx/Include -I../Drivers/CMSIS/Include -O0 -ffunction-sections -fdata-sections -Wall -fstack-usage -MMD -MP -MF"Core/Src/main.d" -MT"Core/Src/main.o" --specs=nano.specs -mfpu=fpv4-sp-d16 -mfloat-abi=hard -mthumb -o "Core/Src/main.o"
../Core/Src/main.c: In function 'SystemClock_Config':
../Core/Src/main.c:434: warning: "CLOCK_SCALED_FREQUENCY" redefined
  434 | #define CLOCK_SCALED_FREQUENCY 1000000
      | 
../Core/Src/main.c:42: note: this is the location of the previous definition
   42 | #define CLOCK_SCALED_FREQUENCY 1000000U
      | 
../Core/Src/main.c:435: warning: "LED_PWM_FREQUENCY" redefined
  435 | #define LED_PWM_FREQUENCY  500
      | 
../Core/Src/main.c:43: note: this is the location of the previous definition
   43 | #define LED_PWM_FREQUENCY  500U
      | 
../Core/Src/main.c:899:5: warning: 'main' is normally a non-static function [-Wmain]
  899 | int main(void)
      |     ^~~~
../Core/Src/main.c:952:6: error: redefinition of 'SystemClock_Config'
  952 | void SystemClock_Config(void)
      |      ^~~~~~~~~~~~~~~~~~
../Core/Src/main.c:350:6: note: previous definition of 'SystemClock_Config' was here
  350 | void SystemClock_Config(void)
      |      ^~~~~~~~~~~~~~~~~~
../Core/Src/main.c:475:6: warning: unused variable 'buf_char' [-Wunused-variable]
  475 | char buf_char[2] = {'\0', '\0'};
      |      ^~~~~~~~
At top level:
../Core/Src/main.c:952:6: warning: 'SystemClock_Config' defined but not used [-Wunused-function]
  952 | void SystemClock_Config(void)
      |      ^~~~~~~~~~~~~~~~~~
../Core/Src/main.c:899:5: warning: 'main' defined but not used [-Wunused-function]
  899 | int main(void)
      |     ^~~~
../Core/Src/main.c:866:6: warning: 'HAL_TIM_PeriodElapsedCallback' defined but not used [-Wunused-function]
  866 | void HAL_TIM_PeriodElapsedCallback(TIM_HandleTypeDef *htim) {
      |      ^~~~~~~~~~~~~~~~~~~~~~~~~~~~~
../Core/Src/main.c:787:6: warning: 'play_melody' defined but not used [-Wunused-function]
  787 | void play_melody(const Note_t *melody, uint16_t length) {
      |      ^~~~~~~~~~~
../Core/Src/main.c:118:13: warning: 'uart_write_newline' defined but not used [-Wunused-function]
  118 | static void uart_write_newline(void) {
      |             ^~~~~~~~~~~~~~~~~~
../Core/Src/main.c:94:17: warning: 'noteTimer' defined but not used [-Wunused-variable]
   94 | static uint32_t noteTimer = 0; // ms counter for current note duration
      |                 ^~~~~~~~~
make: *** [Core/Src/subdir.mk:46: Core/Src/main.o] Error 1
"make -j8 all" terminated with exit code 2. Build might be incomplete.
14:09:38 **** Incremental Build of configuration Debug for project lab_4 ****
make -j8 all 
arm-none-eabi-gcc "../Core/Src/main.c" -mcpu=cortex-m4 -std=gnu11 -g3 -DDEBUG -DUSE_HAL_DRIVER -DSTM32F427xx -c -I../Core/Inc -I../Drivers/STM32F4xx_HAL_Driver/Inc -I../Drivers/STM32F4xx_HAL_Driver/Inc/Legacy -I../Drivers/CMSIS/Device/ST/STM32F4xx/Include -I../Drivers/CMSIS/Include -O0 -ffunction-sections -fdata-sections -Wall -fstack-usage -MMD -MP -MF"Core/Src/main.d" -MT"Core/Src/main.o" --specs=nano.specs -mfpu=fpv4-sp-d16 -mfloat-abi=hard -mthumb -o "Core/Src/main.o"
../Core/Src/main.c: In function 'main':
../Core/Src/main.c:319:2: warning: implicit declaration of function 'SystemClock_Config'; did you mean 'SysTick_Config'? [-Wimplicit-function-declaration]
  319 |  SystemClock_Config();
      |  ^~~~~~~~~~~~~~~~~~
      |  SysTick_Config
../Core/Src/main.c: At top level:
../Core/Src/main.c:350:6: warning: conflicting types for 'SystemClock_Config'
  350 | void SystemClock_Config(void)
      |      ^~~~~~~~~~~~~~~~~~
../Core/Src/main.c:319:2: note: previous implicit declaration of 'SystemClock_Config' was here
  319 |  SystemClock_Config();
      |  ^~~~~~~~~~~~~~~~~~
../Core/Src/main.c: In function 'SystemClock_Config':
../Core/Src/main.c:434: warning: "CLOCK_SCALED_FREQUENCY" redefined
  434 | #define CLOCK_SCALED_FREQUENCY 1000000
      | 
../Core/Src/main.c:42: note: this is the location of the previous definition
   42 | #define CLOCK_SCALED_FREQUENCY 1000000U
      | 
../Core/Src/main.c:435: warning: "LED_PWM_FREQUENCY" redefined
  435 | #define LED_PWM_FREQUENCY  500
      | 
../Core/Src/main.c:43: note: this is the location of the previous definition
   43 | #define LED_PWM_FREQUENCY  500U
      | 
../Core/Src/main.c:899:5: warning: 'main' is normally a non-static function [-Wmain]
  899 | int main(void)
      |     ^~~~
../Core/Src/main.c:952:6: error: redefinition of 'SystemClock_Config'
  952 | void SystemClock_Config(void)
      |      ^~~~~~~~~~~~~~~~~~
../Core/Src/main.c:350:6: note: previous definition of 'SystemClock_Config' was here
  350 | void SystemClock_Config(void)
      |      ^~~~~~~~~~~~~~~~~~
../Core/Src/main.c:475:6: warning: unused variable 'buf_char' [-Wunused-variable]
  475 | char buf_char[2] = {'\0', '\0'};
      |      ^~~~~~~~
At top level:
../Core/Src/main.c:952:6: warning: 'SystemClock_Config' defined but not used [-Wunused-function]
  952 | void SystemClock_Config(void)
      |      ^~~~~~~~~~~~~~~~~~
../Core/Src/main.c:899:5: warning: 'main' defined but not used [-Wunused-function]
  899 | int main(void)
      |     ^~~~
../Core/Src/main.c:866:6: warning: 'HAL_TIM_PeriodElapsedCallback' defined but not used [-Wunused-function]
  866 | void HAL_TIM_PeriodElapsedCallback(TIM_HandleTypeDef *htim) {
      |      ^~~~~~~~~~~~~~~~~~~~~~~~~~~~~
../Core/Src/main.c:787:6: warning: 'play_melody' defined but not used [-Wunused-function]
  787 | void play_melody(const Note_t *melody, uint16_t length) {
      |      ^~~~~~~~~~~
../Core/Src/main.c:118:13: warning: 'uart_write_newline' defined but not used [-Wunused-function]
  118 | static void uart_write_newline(void) {
      |             ^~~~~~~~~~~~~~~~~~
../Core/Src/main.c:94:17: warning: 'noteTimer' defined but not used [-Wunused-variable]
   94 | static uint32_t noteTimer = 0; // ms counter for current note duration
      |                 ^~~~~~~~~
make: *** [Core/Src/subdir.mk:46: Core/Src/main.o] Error 1
"make -j8 all" terminated with exit code 2. Build might be incomplete.
14:10:59 **** Incremental Build of configuration Debug for project lab_4 ****
make -j8 all 
arm-none-eabi-gcc "../Core/Src/main.c" -mcpu=cortex-m4 -std=gnu11 -g3 -DDEBUG -DUSE_HAL_DRIVER -DSTM32F427xx -c -I../Core/Inc -I../Drivers/STM32F4xx_HAL_Driver/Inc -I../Drivers/STM32F4xx_HAL_Driver/Inc/Legacy -I../Drivers/CMSIS/Device/ST/STM32F4xx/Include -I../Drivers/CMSIS/Include -O0 -ffunction-sections -fdata-sections -Wall -fstack-usage -MMD -MP -MF"Core/Src/main.d" -MT"Core/Src/main.o" --specs=nano.specs -mfpu=fpv4-sp-d16 -mfloat-abi=hard -mthumb -o "Core/Src/main.o"
../Core/Src/main.c:155:13: warning: 'uart_write_newline' defined but not used [-Wunused-function]
  155 | static void uart_write_newline(void) {
      |             ^~~~~~~~~~~~~~~~~~
arm-none-eabi-gcc -o "lab_4.elf" @"objects.list"   -mcpu=cortex-m4 -T"C:\Users\toric\Downloads\lab_4\lab_4\STM32F427VITX_FLASH.ld" --specs=nosys.specs -Wl,-Map="lab_4.map" -Wl,--gc-sections -static --specs=nano.specs -mfpu=fpv4-sp-d16 -mfloat-abi=hard -mthumb -Wl,--start-group -lc -lm -Wl,--end-group
Finished building target: lab_4.elf
 
arm-none-eabi-size   lab_4.elf 
arm-none-eabi-objdump -h -S  lab_4.elf  > "lab_4.list"
   text	   data	    bss	    dec	    hex	filename
  25920	    656	   2216	  28792	   7078	lab_4.elf
Finished building: default.size.stdout
 
Finished building: lab_4.list
 
14:11:18 **** Incremental Build of configuration Debug for project lab_4 ****
make -j8 all 
arm-none-eabi-size   lab_4.elf 
   text	   data	    bss	    dec	    hex	filename
  25920	    656	   2216	  28792	   7078	lab_4.elf
Finished building: default.size.stdout
 
14:18:51 **** Incremental Build of configuration Debug for project lab_4 ****
make -j8 all 
arm-none-eabi-gcc "../Core/Src/main.c" -mcpu=cortex-m4 -std=gnu11 -g3 -DDEBUG -DUSE_HAL_DRIVER -DSTM32F427xx -c -I../Core/Inc -I../Drivers/STM32F4xx_HAL_Driver/Inc -I../Drivers/STM32F4xx_HAL_Driver/Inc/Legacy -I../Drivers/CMSIS/Device/ST/STM32F4xx/Include -I../Drivers/CMSIS/Include -O0 -ffunction-sections -fdata-sections -Wall -fstack-usage -MMD -MP -MF"Core/Src/main.d" -MT"Core/Src/main.o" --specs=nano.specs -mfpu=fpv4-sp-d16 -mfloat-abi=hard -mthumb -o "Core/Src/main.o"
../Core/Src/main.c:138:13: warning: 'uart_write_newline' defined but not used [-Wunused-function]
  138 | static void uart_write_newline(void) {
      |             ^~~~~~~~~~~~~~~~~~
arm-none-eabi-gcc -o "lab_4.elf" @"objects.list"   -mcpu=cortex-m4 -T"C:\Users\toric\Downloads\lab_4\lab_4\STM32F427VITX_FLASH.ld" --specs=nosys.specs -Wl,-Map="lab_4.map" -Wl,--gc-sections -static --specs=nano.specs -mfpu=fpv4-sp-d16 -mfloat-abi=hard -mthumb -Wl,--start-group -lc -lm -Wl,--end-group
Finished building target: lab_4.elf
 
arm-none-eabi-size   lab_4.elf 
arm-none-eabi-objdump -h -S  lab_4.elf  > "lab_4.list"
   text	   data	    bss	    dec	    hex	filename
  25940	    656	   2216	  28812	   708c	lab_4.elf
Finished building: default.size.stdout
 
Finished building: lab_4.list
 
14:19:29 **** Incremental Build of configuration Debug for project lab_4 ****
make -j8 all 
arm-none-eabi-size   lab_4.elf 
   text	   data	    bss	    dec	    hex	filename
  25940	    656	   2216	  28812	   708c	lab_4.elf
Finished building: default.size.stdout
 
14:20:07 **** Incremental Build of configuration Debug for project lab_4 ****
make -j8 all 
arm-none-eabi-size   lab_4.elf 
   text	   data	    bss	    dec	    hex	filename
  25940	    656	   2216	  28812	   708c	lab_4.elf
Finished building: default.size.stdout
 
14:20:39 **** Incremental Build of configuration Debug for project lab_4 ****
make -j8 all 
arm-none-eabi-size   lab_4.elf 
   text	   data	    bss	    dec	    hex	filename
  25940	    656	   2216	  28812	   708c	lab_4.elf
Finished building: default.size.stdout
 
14:47:36 **** Incremental Build of configuration Debug for project lab_4 ****
make -j8 all 
arm-none-eabi-gcc "../Core/Src/main.c" -mcpu=cortex-m4 -std=gnu11 -g3 -DDEBUG -DUSE_HAL_DRIVER -DSTM32F427xx -c -I../Core/Inc -I../Drivers/STM32F4xx_HAL_Driver/Inc -I../Drivers/STM32F4xx_HAL_Driver/Inc/Legacy -I../Drivers/CMSIS/Device/ST/STM32F4xx/Include -I../Drivers/CMSIS/Include -O0 -ffunction-sections -fdata-sections -Wall -fstack-usage -MMD -MP -MF"Core/Src/main.d" -MT"Core/Src/main.o" --specs=nano.specs -mfpu=fpv4-sp-d16 -mfloat-abi=hard -mthumb -o "Core/Src/main.o"
../Core/Src/main.c:175:13: warning: 'uart_write_newline' defined but not used [-Wunused-function]
  175 | static void uart_write_newline(void) {
      |             ^~~~~~~~~~~~~~~~~~
arm-none-eabi-gcc -o "lab_4.elf" @"objects.list"   -mcpu=cortex-m4 -T"C:\Users\toric\Downloads\lab_4\lab_4\STM32F427VITX_FLASH.ld" --specs=nosys.specs -Wl,-Map="lab_4.map" -Wl,--gc-sections -static --specs=nano.specs -mfpu=fpv4-sp-d16 -mfloat-abi=hard -mthumb -Wl,--start-group -lc -lm -Wl,--end-group
Finished building target: lab_4.elf
 
arm-none-eabi-size   lab_4.elf 
arm-none-eabi-objdump -h -S  lab_4.elf  > "lab_4.list"
   text	   data	    bss	    dec	    hex	filename
  26200	    652	   2212	  29064	   7188	lab_4.elf
Finished building: default.size.stdout
 
Finished building: lab_4.list
 
14:47:51 **** Incremental Build of configuration Debug for project lab_4 ****
make -j8 all 
arm-none-eabi-size   lab_4.elf 
   text	   data	    bss	    dec	    hex	filename
  26200	    652	   2212	  29064	   7188	lab_4.elf
Finished building: default.size.stdout
 
15:16:58 **** Incremental Build of configuration Debug for project lab_4 ****
make -j8 all 
arm-none-eabi-gcc "../Core/Src/main.c" -mcpu=cortex-m4 -std=gnu11 -g3 -DDEBUG -DUSE_HAL_DRIVER -DSTM32F427xx -c -I../Core/Inc -I../Drivers/STM32F4xx_HAL_Driver/Inc -I../Drivers/STM32F4xx_HAL_Driver/Inc/Legacy -I../Drivers/CMSIS/Device/ST/STM32F4xx/Include -I../Drivers/CMSIS/Include -O0 -ffunction-sections -fdata-sections -Wall -fstack-usage -MMD -MP -MF"Core/Src/main.d" -MT"Core/Src/main.o" --specs=nano.specs -mfpu=fpv4-sp-d16 -mfloat-abi=hard -mthumb -o "Core/Src/main.o"
../Core/Src/main.c:175:13: warning: 'uart_write_newline' defined but not used [-Wunused-function]
  175 | static void uart_write_newline(void) {
      |             ^~~~~~~~~~~~~~~~~~
../Core/Src/main.c:148:19: warning: 'difficulty' defined but not used [-Wunused-variable]
  148 | static Difficulty difficulty = EASY;
      |                   ^~~~~~~~~~
../Core/Src/main.c:147:17: warning: 'note_mode' defined but not used [-Wunused-variable]
  147 | static NoteMode note_mode = ALL;
      |                 ^~~~~~~~~
arm-none-eabi-gcc -o "lab_4.elf" @"objects.list"   -mcpu=cortex-m4 -T"C:\Users\toric\Downloads\lab_4\lab_4\STM32F427VITX_FLASH.ld" --specs=nosys.specs -Wl,-Map="lab_4.map" -Wl,--gc-sections -static --specs=nano.specs -mfpu=fpv4-sp-d16 -mfloat-abi=hard -mthumb -Wl,--start-group -lc -lm -Wl,--end-group
Finished building target: lab_4.elf
 
arm-none-eabi-size   lab_4.elf 
arm-none-eabi-objdump -h -S  lab_4.elf  > "lab_4.list"
   text	   data	    bss	    dec	    hex	filename
  26152	    460	   2212	  28824	   7098	lab_4.elf
Finished building: default.size.stdout
 
Finished building: lab_4.list
 
15:24:21 **** Incremental Build of configuration Debug for project lab_4 ****
make -j8 all 
arm-none-eabi-gcc "../Core/Src/main.c" -mcpu=cortex-m4 -std=gnu11 -g3 -DDEBUG -DUSE_HAL_DRIVER -DSTM32F427xx -c -I../Core/Inc -I../Drivers/STM32F4xx_HAL_Driver/Inc -I../Drivers/STM32F4xx_HAL_Driver/Inc/Legacy -I../Drivers/CMSIS/Device/ST/STM32F4xx/Include -I../Drivers/CMSIS/Include -O0 -ffunction-sections -fdata-sections -Wall -fstack-usage -MMD -MP -MF"Core/Src/main.d" -MT"Core/Src/main.o" --specs=nano.specs -mfpu=fpv4-sp-d16 -mfloat-abi=hard -mthumb -o "Core/Src/main.o"
../Core/Src/main.c: In function 'startMelody':
../Core/Src/main.c:318:16: error: 'tempMelody' undeclared (first use in this function); did you mean 'melody'?
  318 |         memcpy(tempMelody, userMelody, length * sizeof(Note_t));
      |                ^~~~~~~~~~
      |                melody
../Core/Src/main.c:318:16: note: each undeclared identifier is reported only once for each function it appears in
At top level:
../Core/Src/main.c:175:13: warning: 'uart_write_newline' defined but not used [-Wunused-function]
  175 | static void uart_write_newline(void) {
      |             ^~~~~~~~~~~~~~~~~~
../Core/Src/main.c:148:19: warning: 'difficulty' defined but not used [-Wunused-variable]
  148 | static Difficulty difficulty = EASY;
      |                   ^~~~~~~~~~
../Core/Src/main.c:147:17: warning: 'note_mode' defined but not used [-Wunused-variable]
  147 | static NoteMode note_mode = ALL;
      |                 ^~~~~~~~~
make: *** [Core/Src/subdir.mk:46: Core/Src/main.o] Error 1
"make -j8 all" terminated with exit code 2. Build might be incomplete.
15:25:05 **** Incremental Build of configuration Debug for project lab_4 ****
make -j8 all 
arm-none-eabi-gcc "../Core/Src/main.c" -mcpu=cortex-m4 -std=gnu11 -g3 -DDEBUG -DUSE_HAL_DRIVER -DSTM32F427xx -c -I../Core/Inc -I../Drivers/STM32F4xx_HAL_Driver/Inc -I../Drivers/STM32F4xx_HAL_Driver/Inc/Legacy -I../Drivers/CMSIS/Device/ST/STM32F4xx/Include -I../Drivers/CMSIS/Include -O0 -ffunction-sections -fdata-sections -Wall -fstack-usage -MMD -MP -MF"Core/Src/main.d" -MT"Core/Src/main.o" --specs=nano.specs -mfpu=fpv4-sp-d16 -mfloat-abi=hard -mthumb -o "Core/Src/main.o"
../Core/Src/main.c:175:13: warning: 'uart_write_newline' defined but not used [-Wunused-function]
  175 | static void uart_write_newline(void) {
      |             ^~~~~~~~~~~~~~~~~~
../Core/Src/main.c:148:19: warning: 'difficulty' defined but not used [-Wunused-variable]
  148 | static Difficulty difficulty = EASY;
      |                   ^~~~~~~~~~
../Core/Src/main.c:147:17: warning: 'note_mode' defined but not used [-Wunused-variable]
  147 | static NoteMode note_mode = ALL;
      |                 ^~~~~~~~~
arm-none-eabi-gcc -o "lab_4.elf" @"objects.list"   -mcpu=cortex-m4 -T"C:\Users\toric\Downloads\lab_4\lab_4\STM32F427VITX_FLASH.ld" --specs=nosys.specs -Wl,-Map="lab_4.map" -Wl,--gc-sections -static --specs=nano.specs -mfpu=fpv4-sp-d16 -mfloat-abi=hard -mthumb -Wl,--start-group -lc -lm -Wl,--end-group
Finished building target: lab_4.elf
 
arm-none-eabi-size   lab_4.elf 
arm-none-eabi-objdump -h -S  lab_4.elf  > "lab_4.list"
   text	   data	    bss	    dec	    hex	filename
  26164	    460	   2212	  28836	   70a4	lab_4.elf
Finished building: default.size.stdout
 
Finished building: lab_4.list
 
10:41:14 **** Incremental Build of configuration Debug for project lab_4 ****
make -j8 all 
arm-none-eabi-gcc "../Core/Src/main.c" -mcpu=cortex-m4 -std=gnu11 -g3 -DDEBUG -DUSE_HAL_DRIVER -DSTM32F427xx -c -I../Core/Inc -I../Drivers/STM32F4xx_HAL_Driver/Inc -I../Drivers/STM32F4xx_HAL_Driver/Inc/Legacy -I../Drivers/CMSIS/Device/ST/STM32F4xx/Include -I../Drivers/CMSIS/Include -O0 -ffunction-sections -fdata-sections -Wall -fstack-usage -MMD -MP -MF"Core/Src/main.d" -MT"Core/Src/main.o" --specs=nano.specs -mfpu=fpv4-sp-d16 -mfloat-abi=hard -mthumb -o "Core/Src/main.o"
../Core/Src/main.c:144:13: warning: 'stopNote' used but never defined
  144 | static void stopNote(void);
      |             ^~~~~~~~
arm-none-eabi-gcc -o "lab_4.elf" @"objects.list"   -mcpu=cortex-m4 -T"C:\Users\toric\Downloads\lab_4\lab_4\STM32F427VITX_FLASH.ld" --specs=nosys.specs -Wl,-Map="lab_4.map" -Wl,--gc-sections -static --specs=nano.specs -mfpu=fpv4-sp-d16 -mfloat-abi=hard -mthumb -Wl,--start-group -lc -lm -Wl,--end-group
c:\st\stm32cubeide_1.9.0\stm32cubeide\plugins\com.st.stm32cube.ide.mcu.externaltools.gnu-tools-for-stm32.10.3-2021.10.win32_1.0.0.202111181127\tools\arm-none-eabi\bin\ld.exe: ./Core/Src/main.o: in function `stop_melody':
C:/Users/toric/Downloads/lab_4/lab_4/Debug/../Core/Src/main.c:301: undefined reference to `stopNote'
collect2.exe: error: ld returned 1 exit status
make: *** [makefile:64: lab_4.elf] Error 1
"make -j8 all" terminated with exit code 2. Build might be incomplete.
10:41:41 **** Incremental Build of configuration Debug for project lab_4 ****
make -j8 all 
arm-none-eabi-gcc "../Core/Src/main.c" -mcpu=cortex-m4 -std=gnu11 -g3 -DDEBUG -DUSE_HAL_DRIVER -DSTM32F427xx -c -I../Core/Inc -I../Drivers/STM32F4xx_HAL_Driver/Inc -I../Drivers/STM32F4xx_HAL_Driver/Inc/Legacy -I../Drivers/CMSIS/Device/ST/STM32F4xx/Include -I../Drivers/CMSIS/Include -O0 -ffunction-sections -fdata-sections -Wall -fstack-usage -MMD -MP -MF"Core/Src/main.d" -MT"Core/Src/main.o" --specs=nano.specs -mfpu=fpv4-sp-d16 -mfloat-abi=hard -mthumb -o "Core/Src/main.o"
../Core/Src/main.c:144:13: warning: 'stopNote' declared 'static' but never defined [-Wunused-function]
  144 | static void stopNote(void);
      |             ^~~~~~~~
arm-none-eabi-gcc -o "lab_4.elf" @"objects.list"   -mcpu=cortex-m4 -T"C:\Users\toric\Downloads\lab_4\lab_4\STM32F427VITX_FLASH.ld" --specs=nosys.specs -Wl,-Map="lab_4.map" -Wl,--gc-sections -static --specs=nano.specs -mfpu=fpv4-sp-d16 -mfloat-abi=hard -mthumb -Wl,--start-group -lc -lm -Wl,--end-group
Finished building target: lab_4.elf
 
arm-none-eabi-size   lab_4.elf 
arm-none-eabi-objdump -h -S  lab_4.elf  > "lab_4.list"
   text	   data	    bss	    dec	    hex	filename
  26116	    460	   2212	  28788	   7074	lab_4.elf
Finished building: default.size.stdout
 
Finished building: lab_4.list
 
10:41:54 **** Incremental Build of configuration Debug for project lab_4 ****
make -j8 all 
arm-none-eabi-gcc "../Core/Src/main.c" -mcpu=cortex-m4 -std=gnu11 -g3 -DDEBUG -DUSE_HAL_DRIVER -DSTM32F427xx -c -I../Core/Inc -I../Drivers/STM32F4xx_HAL_Driver/Inc -I../Drivers/STM32F4xx_HAL_Driver/Inc/Legacy -I../Drivers/CMSIS/Device/ST/STM32F4xx/Include -I../Drivers/CMSIS/Include -O0 -ffunction-sections -fdata-sections -Wall -fstack-usage -MMD -MP -MF"Core/Src/main.d" -MT"Core/Src/main.o" --specs=nano.specs -mfpu=fpv4-sp-d16 -mfloat-abi=hard -mthumb -o "Core/Src/main.o"
arm-none-eabi-gcc -o "lab_4.elf" @"objects.list"   -mcpu=cortex-m4 -T"C:\Users\toric\Downloads\lab_4\lab_4\STM32F427VITX_FLASH.ld" --specs=nosys.specs -Wl,-Map="lab_4.map" -Wl,--gc-sections -static --specs=nano.specs -mfpu=fpv4-sp-d16 -mfloat-abi=hard -mthumb -Wl,--start-group -lc -lm -Wl,--end-group
Finished building target: lab_4.elf
 
arm-none-eabi-size   lab_4.elf 
arm-none-eabi-objdump -h -S  lab_4.elf  > "lab_4.list"
   text	   data	    bss	    dec	    hex	filename
  26116	    460	   2212	  28788	   7074	lab_4.elf
Finished building: default.size.stdout
 
Finished building: lab_4.list
 
10:51:32 **** Incremental Build of configuration Debug for project lab_4 ****
make -j8 all 
arm-none-eabi-gcc "../Core/Src/main.c" -mcpu=cortex-m4 -std=gnu11 -g3 -DDEBUG -DUSE_HAL_DRIVER -DSTM32F427xx -c -I../Core/Inc -I../Drivers/STM32F4xx_HAL_Driver/Inc -I../Drivers/STM32F4xx_HAL_Driver/Inc/Legacy -I../Drivers/CMSIS/Device/ST/STM32F4xx/Include -I../Drivers/CMSIS/Include -O0 -ffunction-sections -fdata-sections -Wall -fstack-usage -MMD -MP -MF"Core/Src/main.d" -MT"Core/Src/main.o" --specs=nano.specs -mfpu=fpv4-sp-d16 -mfloat-abi=hard -mthumb -o "Core/Src/main.o"
arm-none-eabi-gcc -o "lab_4.elf" @"objects.list"   -mcpu=cortex-m4 -T"C:\Users\toric\Downloads\lab_4\lab_4\STM32F427VITX_FLASH.ld" --specs=nosys.specs -Wl,-Map="lab_4.map" -Wl,--gc-sections -static --specs=nano.specs -mfpu=fpv4-sp-d16 -mfloat-abi=hard -mthumb -Wl,--start-group -lc -lm -Wl,--end-group
Finished building target: lab_4.elf
 
arm-none-eabi-size   lab_4.elf 
arm-none-eabi-objdump -h -S  lab_4.elf  > "lab_4.list"
   text	   data	    bss	    dec	    hex	filename
  26116	    460	   2212	  28788	   7074	lab_4.elf
Finished building: default.size.stdout
 
Finished building: lab_4.list
 
12:03:34 **** Incremental Build of configuration Debug for project lab_4 ****
make -j8 all 
arm-none-eabi-size   lab_4.elf 
   text	   data	    bss	    dec	    hex	filename
  26116	    460	   2212	  28788	   7074	lab_4.elf
Finished building: default.size.stdout
 
