15:35:22 **** Build of configuration Debug for project lab-3 ****
make -j8 all 
arm-none-eabi-gcc "../Drivers/STM32F4xx_HAL_Driver/Src/stm32f4xx_hal.c" -mcpu=cortex-m4 -std=gnu11 -g3 -DDEBUG -DUSE_HAL_DRIVER -DSTM32F427xx -c -I../Core/Inc -I../Drivers/STM32F4xx_HAL_Driver/Inc -I../Drivers/STM32F4xx_HAL_Driver/Inc/Legacy -I../Drivers/CMSIS/Device/ST/STM32F4xx/Include -I../Drivers/CMSIS/Include -O0 -ffunction-sections -fdata-sections -Wall -fstack-usage -MMD -MP -MF"Drivers/STM32F4xx_HAL_Driver/Src/stm32f4xx_hal.d" -MT"Drivers/STM32F4xx_HAL_Driver/Src/stm32f4xx_hal.o" --specs=nano.specs -mfpu=fpv4-sp-d16 -mfloat-abi=hard -mthumb -o "Drivers/STM32F4xx_HAL_Driver/Src/stm32f4xx_hal.o"
arm-none-eabi-gcc "../Drivers/STM32F4xx_HAL_Driver/Src/stm32f4xx_hal_cortex.c" -mcpu=cortex-m4 -std=gnu11 -g3 -DDEBUG -DUSE_HAL_DRIVER -DSTM32F427xx -c -I../Core/Inc -I../Drivers/STM32F4xx_HAL_Driver/Inc -I../Drivers/STM32F4xx_HAL_Driver/Inc/Legacy -I../Drivers/CMSIS/Device/ST/STM32F4xx/Include -I../Drivers/CMSIS/Include -O0 -ffunction-sections -fdata-sections -Wall -fstack-usage -MMD -MP -MF"Drivers/STM32F4xx_HAL_Driver/Src/stm32f4xx_hal_cortex.d" -MT"Drivers/STM32F4xx_HAL_Driver/Src/stm32f4xx_hal_cortex.o" --specs=nano.specs -mfpu=fpv4-sp-d16 -mfloat-abi=hard -mthumb -o "Drivers/STM32F4xx_HAL_Driver/Src/stm32f4xx_hal_cortex.o"
arm-none-eabi-gcc "../Drivers/STM32F4xx_HAL_Driver/Src/stm32f4xx_hal_dma.c" -mcpu=cortex-m4 -std=gnu11 -g3 -DDEBUG -DUSE_HAL_DRIVER -DSTM32F427xx -c -I../Core/Inc -I../Drivers/STM32F4xx_HAL_Driver/Inc -I../Drivers/STM32F4xx_HAL_Driver/Inc/Legacy -I../Drivers/CMSIS/Device/ST/STM32F4xx/Include -I../Drivers/CMSIS/Include -O0 -ffunction-sections -fdata-sections -Wall -fstack-usage -MMD -MP -MF"Drivers/STM32F4xx_HAL_Driver/Src/stm32f4xx_hal_dma.d" -MT"Drivers/STM32F4xx_HAL_Driver/Src/stm32f4xx_hal_dma.o" --specs=nano.specs -mfpu=fpv4-sp-d16 -mfloat-abi=hard -mthumb -o "Drivers/STM32F4xx_HAL_Driver/Src/stm32f4xx_hal_dma.o"
arm-none-eabi-gcc "../Drivers/STM32F4xx_HAL_Driver/Src/stm32f4xx_hal_dma_ex.c" -mcpu=cortex-m4 -std=gnu11 -g3 -DDEBUG -DUSE_HAL_DRIVER -DSTM32F427xx -c -I../Core/Inc -I../Drivers/STM32F4xx_HAL_Driver/Inc -I../Drivers/STM32F4xx_HAL_Driver/Inc/Legacy -I../Drivers/CMSIS/Device/ST/STM32F4xx/Include -I../Drivers/CMSIS/Include -O0 -ffunction-sections -fdata-sections -Wall -fstack-usage -MMD -MP -MF"Drivers/STM32F4xx_HAL_Driver/Src/stm32f4xx_hal_dma_ex.d" -MT"Drivers/STM32F4xx_HAL_Driver/Src/stm32f4xx_hal_dma_ex.o" --specs=nano.specs -mfpu=fpv4-sp-d16 -mfloat-abi=hard -mthumb -o "Drivers/STM32F4xx_HAL_Driver/Src/stm32f4xx_hal_dma_ex.o"
arm-none-eabi-gcc "../Drivers/STM32F4xx_HAL_Driver/Src/stm32f4xx_hal_exti.c" -mcpu=cortex-m4 -std=gnu11 -g3 -DDEBUG -DUSE_HAL_DRIVER -DSTM32F427xx -c -I../Core/Inc -I../Drivers/STM32F4xx_HAL_Driver/Inc -I../Drivers/STM32F4xx_HAL_Driver/Inc/Legacy -I../Drivers/CMSIS/Device/ST/STM32F4xx/Include -I../Drivers/CMSIS/Include -O0 -ffunction-sections -fdata-sections -Wall -fstack-usage -MMD -MP -MF"Drivers/STM32F4xx_HAL_Driver/Src/stm32f4xx_hal_exti.d" -MT"Drivers/STM32F4xx_HAL_Driver/Src/stm32f4xx_hal_exti.o" --specs=nano.specs -mfpu=fpv4-sp-d16 -mfloat-abi=hard -mthumb -o "Drivers/STM32F4xx_HAL_Driver/Src/stm32f4xx_hal_exti.o"
arm-none-eabi-gcc "../Drivers/STM32F4xx_HAL_Driver/Src/stm32f4xx_hal_flash.c" -mcpu=cortex-m4 -std=gnu11 -g3 -DDEBUG -DUSE_HAL_DRIVER -DSTM32F427xx -c -I../Core/Inc -I../Drivers/STM32F4xx_HAL_Driver/Inc -I../Drivers/STM32F4xx_HAL_Driver/Inc/Legacy -I../Drivers/CMSIS/Device/ST/STM32F4xx/Include -I../Drivers/CMSIS/Include -O0 -ffunction-sections -fdata-sections -Wall -fstack-usage -MMD -MP -MF"Drivers/STM32F4xx_HAL_Driver/Src/stm32f4xx_hal_flash.d" -MT"Drivers/STM32F4xx_HAL_Driver/Src/stm32f4xx_hal_flash.o" --specs=nano.specs -mfpu=fpv4-sp-d16 -mfloat-abi=hard -mthumb -o "Drivers/STM32F4xx_HAL_Driver/Src/stm32f4xx_hal_flash.o"
arm-none-eabi-gcc "../Drivers/STM32F4xx_HAL_Driver/Src/stm32f4xx_hal_flash_ex.c" -mcpu=cortex-m4 -std=gnu11 -g3 -DDEBUG -DUSE_HAL_DRIVER -DSTM32F427xx -c -I../Core/Inc -I../Drivers/STM32F4xx_HAL_Driver/Inc -I../Drivers/STM32F4xx_HAL_Driver/Inc/Legacy -I../Drivers/CMSIS/Device/ST/STM32F4xx/Include -I../Drivers/CMSIS/Include -O0 -ffunction-sections -fdata-sections -Wall -fstack-usage -MMD -MP -MF"Drivers/STM32F4xx_HAL_Driver/Src/stm32f4xx_hal_flash_ex.d" -MT"Drivers/STM32F4xx_HAL_Driver/Src/stm32f4xx_hal_flash_ex.o" --specs=nano.specs -mfpu=fpv4-sp-d16 -mfloat-abi=hard -mthumb -o "Drivers/STM32F4xx_HAL_Driver/Src/stm32f4xx_hal_flash_ex.o"
arm-none-eabi-gcc "../Drivers/STM32F4xx_HAL_Driver/Src/stm32f4xx_hal_flash_ramfunc.c" -mcpu=cortex-m4 -std=gnu11 -g3 -DDEBUG -DUSE_HAL_DRIVER -DSTM32F427xx -c -I../Core/Inc -I../Drivers/STM32F4xx_HAL_Driver/Inc -I../Drivers/STM32F4xx_HAL_Driver/Inc/Legacy -I../Drivers/CMSIS/Device/ST/STM32F4xx/Include -I../Drivers/CMSIS/Include -O0 -ffunction-sections -fdata-sections -Wall -fstack-usage -MMD -MP -MF"Drivers/STM32F4xx_HAL_Driver/Src/stm32f4xx_hal_flash_ramfunc.d" -MT"Drivers/STM32F4xx_HAL_Driver/Src/stm32f4xx_hal_flash_ramfunc.o" --specs=nano.specs -mfpu=fpv4-sp-d16 -mfloat-abi=hard -mthumb -o "Drivers/STM32F4xx_HAL_Driver/Src/stm32f4xx_hal_flash_ramfunc.o"
arm-none-eabi-gcc "../Drivers/STM32F4xx_HAL_Driver/Src/stm32f4xx_hal_gpio.c" -mcpu=cortex-m4 -std=gnu11 -g3 -DDEBUG -DUSE_HAL_DRIVER -DSTM32F427xx -c -I../Core/Inc -I../Drivers/STM32F4xx_HAL_Driver/Inc -I../Drivers/STM32F4xx_HAL_Driver/Inc/Legacy -I../Drivers/CMSIS/Device/ST/STM32F4xx/Include -I../Drivers/CMSIS/Include -O0 -ffunction-sections -fdata-sections -Wall -fstack-usage -MMD -MP -MF"Drivers/STM32F4xx_HAL_Driver/Src/stm32f4xx_hal_gpio.d" -MT"Drivers/STM32F4xx_HAL_Driver/Src/stm32f4xx_hal_gpio.o" --specs=nano.specs -mfpu=fpv4-sp-d16 -mfloat-abi=hard -mthumb -o "Drivers/STM32F4xx_HAL_Driver/Src/stm32f4xx_hal_gpio.o"
arm-none-eabi-gcc "../Drivers/STM32F4xx_HAL_Driver/Src/stm32f4xx_hal_pwr.c" -mcpu=cortex-m4 -std=gnu11 -g3 -DDEBUG -DUSE_HAL_DRIVER -DSTM32F427xx -c -I../Core/Inc -I../Drivers/STM32F4xx_HAL_Driver/Inc -I../Drivers/STM32F4xx_HAL_Driver/Inc/Legacy -I../Drivers/CMSIS/Device/ST/STM32F4xx/Include -I../Drivers/CMSIS/Include -O0 -ffunction-sections -fdata-sections -Wall -fstack-usage -MMD -MP -MF"Drivers/STM32F4xx_HAL_Driver/Src/stm32f4xx_hal_pwr.d" -MT"Drivers/STM32F4xx_HAL_Driver/Src/stm32f4xx_hal_pwr.o" --specs=nano.specs -mfpu=fpv4-sp-d16 -mfloat-abi=hard -mthumb -o "Drivers/STM32F4xx_HAL_Driver/Src/stm32f4xx_hal_pwr.o"
arm-none-eabi-gcc "../Drivers/STM32F4xx_HAL_Driver/Src/stm32f4xx_hal_pwr_ex.c" -mcpu=cortex-m4 -std=gnu11 -g3 -DDEBUG -DUSE_HAL_DRIVER -DSTM32F427xx -c -I../Core/Inc -I../Drivers/STM32F4xx_HAL_Driver/Inc -I../Drivers/STM32F4xx_HAL_Driver/Inc/Legacy -I../Drivers/CMSIS/Device/ST/STM32F4xx/Include -I../Drivers/CMSIS/Include -O0 -ffunction-sections -fdata-sections -Wall -fstack-usage -MMD -MP -MF"Drivers/STM32F4xx_HAL_Driver/Src/stm32f4xx_hal_pwr_ex.d" -MT"Drivers/STM32F4xx_HAL_Driver/Src/stm32f4xx_hal_pwr_ex.o" --specs=nano.specs -mfpu=fpv4-sp-d16 -mfloat-abi=hard -mthumb -o "Drivers/STM32F4xx_HAL_Driver/Src/stm32f4xx_hal_pwr_ex.o"
arm-none-eabi-gcc "../Drivers/STM32F4xx_HAL_Driver/Src/stm32f4xx_hal_rcc.c" -mcpu=cortex-m4 -std=gnu11 -g3 -DDEBUG -DUSE_HAL_DRIVER -DSTM32F427xx -c -I../Core/Inc -I../Drivers/STM32F4xx_HAL_Driver/Inc -I../Drivers/STM32F4xx_HAL_Driver/Inc/Legacy -I../Drivers/CMSIS/Device/ST/STM32F4xx/Include -I../Drivers/CMSIS/Include -O0 -ffunction-sections -fdata-sections -Wall -fstack-usage -MMD -MP -MF"Drivers/STM32F4xx_HAL_Driver/Src/stm32f4xx_hal_rcc.d" -MT"Drivers/STM32F4xx_HAL_Driver/Src/stm32f4xx_hal_rcc.o" --specs=nano.specs -mfpu=fpv4-sp-d16 -mfloat-abi=hard -mthumb -o "Drivers/STM32F4xx_HAL_Driver/Src/stm32f4xx_hal_rcc.o"
arm-none-eabi-gcc "../Drivers/STM32F4xx_HAL_Driver/Src/stm32f4xx_hal_rcc_ex.c" -mcpu=cortex-m4 -std=gnu11 -g3 -DDEBUG -DUSE_HAL_DRIVER -DSTM32F427xx -c -I../Core/Inc -I../Drivers/STM32F4xx_HAL_Driver/Inc -I../Drivers/STM32F4xx_HAL_Driver/Inc/Legacy -I../Drivers/CMSIS/Device/ST/STM32F4xx/Include -I../Drivers/CMSIS/Include -O0 -ffunction-sections -fdata-sections -Wall -fstack-usage -MMD -MP -MF"Drivers/STM32F4xx_HAL_Driver/Src/stm32f4xx_hal_rcc_ex.d" -MT"Drivers/STM32F4xx_HAL_Driver/Src/stm32f4xx_hal_rcc_ex.o" --specs=nano.specs -mfpu=fpv4-sp-d16 -mfloat-abi=hard -mthumb -o "Drivers/STM32F4xx_HAL_Driver/Src/stm32f4xx_hal_rcc_ex.o"
arm-none-eabi-gcc "../Drivers/STM32F4xx_HAL_Driver/Src/stm32f4xx_hal_tim.c" -mcpu=cortex-m4 -std=gnu11 -g3 -DDEBUG -DUSE_HAL_DRIVER -DSTM32F427xx -c -I../Core/Inc -I../Drivers/STM32F4xx_HAL_Driver/Inc -I../Drivers/STM32F4xx_HAL_Driver/Inc/Legacy -I../Drivers/CMSIS/Device/ST/STM32F4xx/Include -I../Drivers/CMSIS/Include -O0 -ffunction-sections -fdata-sections -Wall -fstack-usage -MMD -MP -MF"Drivers/STM32F4xx_HAL_Driver/Src/stm32f4xx_hal_tim.d" -MT"Drivers/STM32F4xx_HAL_Driver/Src/stm32f4xx_hal_tim.o" --specs=nano.specs -mfpu=fpv4-sp-d16 -mfloat-abi=hard -mthumb -o "Drivers/STM32F4xx_HAL_Driver/Src/stm32f4xx_hal_tim.o"
arm-none-eabi-gcc "../Drivers/STM32F4xx_HAL_Driver/Src/stm32f4xx_hal_tim_ex.c" -mcpu=cortex-m4 -std=gnu11 -g3 -DDEBUG -DUSE_HAL_DRIVER -DSTM32F427xx -c -I../Core/Inc -I../Drivers/STM32F4xx_HAL_Driver/Inc -I../Drivers/STM32F4xx_HAL_Driver/Inc/Legacy -I../Drivers/CMSIS/Device/ST/STM32F4xx/Include -I../Drivers/CMSIS/Include -O0 -ffunction-sections -fdata-sections -Wall -fstack-usage -MMD -MP -MF"Drivers/STM32F4xx_HAL_Driver/Src/stm32f4xx_hal_tim_ex.d" -MT"Drivers/STM32F4xx_HAL_Driver/Src/stm32f4xx_hal_tim_ex.o" --specs=nano.specs -mfpu=fpv4-sp-d16 -mfloat-abi=hard -mthumb -o "Drivers/STM32F4xx_HAL_Driver/Src/stm32f4xx_hal_tim_ex.o"
arm-none-eabi-gcc "../Drivers/STM32F4xx_HAL_Driver/Src/stm32f4xx_hal_uart.c" -mcpu=cortex-m4 -std=gnu11 -g3 -DDEBUG -DUSE_HAL_DRIVER -DSTM32F427xx -c -I../Core/Inc -I../Drivers/STM32F4xx_HAL_Driver/Inc -I../Drivers/STM32F4xx_HAL_Driver/Inc/Legacy -I../Drivers/CMSIS/Device/ST/STM32F4xx/Include -I../Drivers/CMSIS/Include -O0 -ffunction-sections -fdata-sections -Wall -fstack-usage -MMD -MP -MF"Drivers/STM32F4xx_HAL_Driver/Src/stm32f4xx_hal_uart.d" -MT"Drivers/STM32F4xx_HAL_Driver/Src/stm32f4xx_hal_uart.o" --specs=nano.specs -mfpu=fpv4-sp-d16 -mfloat-abi=hard -mthumb -o "Drivers/STM32F4xx_HAL_Driver/Src/stm32f4xx_hal_uart.o"
arm-none-eabi-gcc -mcpu=cortex-m4 -g3 -DDEBUG -c -x assembler-with-cpp -MMD -MP -MF"Core/Startup/startup_stm32f427vitx.d" -MT"Core/Startup/startup_stm32f427vitx.o" --specs=nano.specs -mfpu=fpv4-sp-d16 -mfloat-abi=hard -mthumb -o "Core/Startup/startup_stm32f427vitx.o" "../Core/Startup/startup_stm32f427vitx.s"
arm-none-eabi-gcc "../Core/Src/gpio.c" -mcpu=cortex-m4 -std=gnu11 -g3 -DDEBUG -DUSE_HAL_DRIVER -DSTM32F427xx -c -I../Core/Inc -I../Drivers/STM32F4xx_HAL_Driver/Inc -I../Drivers/STM32F4xx_HAL_Driver/Inc/Legacy -I../Drivers/CMSIS/Device/ST/STM32F4xx/Include -I../Drivers/CMSIS/Include -O0 -ffunction-sections -fdata-sections -Wall -fstack-usage -MMD -MP -MF"Core/Src/gpio.d" -MT"Core/Src/gpio.o" --specs=nano.specs -mfpu=fpv4-sp-d16 -mfloat-abi=hard -mthumb -o "Core/Src/gpio.o"
arm-none-eabi-gcc "../Core/Src/main.c" -mcpu=cortex-m4 -std=gnu11 -g3 -DDEBUG -DUSE_HAL_DRIVER -DSTM32F427xx -c -I../Core/Inc -I../Drivers/STM32F4xx_HAL_Driver/Inc -I../Drivers/STM32F4xx_HAL_Driver/Inc/Legacy -I../Drivers/CMSIS/Device/ST/STM32F4xx/Include -I../Drivers/CMSIS/Include -O0 -ffunction-sections -fdata-sections -Wall -fstack-usage -MMD -MP -MF"Core/Src/main.d" -MT"Core/Src/main.o" --specs=nano.specs -mfpu=fpv4-sp-d16 -mfloat-abi=hard -mthumb -o "Core/Src/main.o"
arm-none-eabi-gcc "../Core/Src/stm32f4xx_hal_msp.c" -mcpu=cortex-m4 -std=gnu11 -g3 -DDEBUG -DUSE_HAL_DRIVER -DSTM32F427xx -c -I../Core/Inc -I../Drivers/STM32F4xx_HAL_Driver/Inc -I../Drivers/STM32F4xx_HAL_Driver/Inc/Legacy -I../Drivers/CMSIS/Device/ST/STM32F4xx/Include -I../Drivers/CMSIS/Include -O0 -ffunction-sections -fdata-sections -Wall -fstack-usage -MMD -MP -MF"Core/Src/stm32f4xx_hal_msp.d" -MT"Core/Src/stm32f4xx_hal_msp.o" --specs=nano.specs -mfpu=fpv4-sp-d16 -mfloat-abi=hard -mthumb -o "Core/Src/stm32f4xx_hal_msp.o"
arm-none-eabi-gcc "../Core/Src/stm32f4xx_it.c" -mcpu=cortex-m4 -std=gnu11 -g3 -DDEBUG -DUSE_HAL_DRIVER -DSTM32F427xx -c -I../Core/Inc -I../Drivers/STM32F4xx_HAL_Driver/Inc -I../Drivers/STM32F4xx_HAL_Driver/Inc/Legacy -I../Drivers/CMSIS/Device/ST/STM32F4xx/Include -I../Drivers/CMSIS/Include -O0 -ffunction-sections -fdata-sections -Wall -fstack-usage -MMD -MP -MF"Core/Src/stm32f4xx_it.d" -MT"Core/Src/stm32f4xx_it.o" --specs=nano.specs -mfpu=fpv4-sp-d16 -mfloat-abi=hard -mthumb -o "Core/Src/stm32f4xx_it.o"
arm-none-eabi-gcc "../Core/Src/syscalls.c" -mcpu=cortex-m4 -std=gnu11 -g3 -DDEBUG -DUSE_HAL_DRIVER -DSTM32F427xx -c -I../Core/Inc -I../Drivers/STM32F4xx_HAL_Driver/Inc -I../Drivers/STM32F4xx_HAL_Driver/Inc/Legacy -I../Drivers/CMSIS/Device/ST/STM32F4xx/Include -I../Drivers/CMSIS/Include -O0 -ffunction-sections -fdata-sections -Wall -fstack-usage -MMD -MP -MF"Core/Src/syscalls.d" -MT"Core/Src/syscalls.o" --specs=nano.specs -mfpu=fpv4-sp-d16 -mfloat-abi=hard -mthumb -o "Core/Src/syscalls.o"
arm-none-eabi-gcc "../Core/Src/sysmem.c" -mcpu=cortex-m4 -std=gnu11 -g3 -DDEBUG -DUSE_HAL_DRIVER -DSTM32F427xx -c -I../Core/Inc -I../Drivers/STM32F4xx_HAL_Driver/Inc -I../Drivers/STM32F4xx_HAL_Driver/Inc/Legacy -I../Drivers/CMSIS/Device/ST/STM32F4xx/Include -I../Drivers/CMSIS/Include -O0 -ffunction-sections -fdata-sections -Wall -fstack-usage -MMD -MP -MF"Core/Src/sysmem.d" -MT"Core/Src/sysmem.o" --specs=nano.specs -mfpu=fpv4-sp-d16 -mfloat-abi=hard -mthumb -o "Core/Src/sysmem.o"
arm-none-eabi-gcc "../Core/Src/system_stm32f4xx.c" -mcpu=cortex-m4 -std=gnu11 -g3 -DDEBUG -DUSE_HAL_DRIVER -DSTM32F427xx -c -I../Core/Inc -I../Drivers/STM32F4xx_HAL_Driver/Inc -I../Drivers/STM32F4xx_HAL_Driver/Inc/Legacy -I../Drivers/CMSIS/Device/ST/STM32F4xx/Include -I../Drivers/CMSIS/Include -O0 -ffunction-sections -fdata-sections -Wall -fstack-usage -MMD -MP -MF"Core/Src/system_stm32f4xx.d" -MT"Core/Src/system_stm32f4xx.o" --specs=nano.specs -mfpu=fpv4-sp-d16 -mfloat-abi=hard -mthumb -o "Core/Src/system_stm32f4xx.o"
arm-none-eabi-gcc "../Core/Src/tim.c" -mcpu=cortex-m4 -std=gnu11 -g3 -DDEBUG -DUSE_HAL_DRIVER -DSTM32F427xx -c -I../Core/Inc -I../Drivers/STM32F4xx_HAL_Driver/Inc -I../Drivers/STM32F4xx_HAL_Driver/Inc/Legacy -I../Drivers/CMSIS/Device/ST/STM32F4xx/Include -I../Drivers/CMSIS/Include -O0 -ffunction-sections -fdata-sections -Wall -fstack-usage -MMD -MP -MF"Core/Src/tim.d" -MT"Core/Src/tim.o" --specs=nano.specs -mfpu=fpv4-sp-d16 -mfloat-abi=hard -mthumb -o "Core/Src/tim.o"
arm-none-eabi-gcc "../Core/Src/usart.c" -mcpu=cortex-m4 -std=gnu11 -g3 -DDEBUG -DUSE_HAL_DRIVER -DSTM32F427xx -c -I../Core/Inc -I../Drivers/STM32F4xx_HAL_Driver/Inc -I../Drivers/STM32F4xx_HAL_Driver/Inc/Legacy -I../Drivers/CMSIS/Device/ST/STM32F4xx/Include -I../Drivers/CMSIS/Include -O0 -ffunction-sections -fdata-sections -Wall -fstack-usage -MMD -MP -MF"Core/Src/usart.d" -MT"Core/Src/usart.o" --specs=nano.specs -mfpu=fpv4-sp-d16 -mfloat-abi=hard -mthumb -o "Core/Src/usart.o"
arm-none-eabi-gcc -o "lab-3.elf" @"objects.list"   -mcpu=cortex-m4 -T"C:\Users\toric\Downloads\lab_3\lab-3\STM32F427VITX_FLASH.ld" --specs=nosys.specs -Wl,-Map="lab-3.map" -Wl,--gc-sections -static --specs=nano.specs -mfpu=fpv4-sp-d16 -mfloat-abi=hard -mthumb -Wl,--start-group -lc -lm -Wl,--end-group
Finished building target: lab-3.elf
 
arm-none-eabi-size   lab-3.elf 
arm-none-eabi-objdump -h -S  lab-3.elf  > "lab-3.list"
   text	   data	    bss	    dec	    hex	filename
  20468	    572	   1908	  22948	   59a4	lab-3.elf
Finished building: default.size.stdout
 
Finished building: lab-3.list
 
15:37:46 **** Incremental Build of configuration Debug for project lab-3 ****
make -j8 all 
arm-none-eabi-size   lab-3.elf 
   text	   data	    bss	    dec	    hex	filename
  20468	    572	   1908	  22948	   59a4	lab-3.elf
Finished building: default.size.stdout
 
15:45:02 **** Incremental Build of configuration Debug for project lab-3 ****
make -j8 all 
arm-none-eabi-size   lab-3.elf 
   text	   data	    bss	    dec	    hex	filename
  20468	    572	   1908	  22948	   59a4	lab-3.elf
Finished building: default.size.stdout
 
15:47:07 **** Incremental Build of configuration Debug for project lab-3 ****
make -j8 all 
arm-none-eabi-size   lab-3.elf 
   text	   data	    bss	    dec	    hex	filename
  20468	    572	   1908	  22948	   59a4	lab-3.elf
Finished building: default.size.stdout
 
16:00:14 **** Incremental Build of configuration Debug for project lab-3 ****
make -j8 all 
arm-none-eabi-gcc "../Core/Src/main.c" -mcpu=cortex-m4 -std=gnu11 -g3 -DDEBUG -DUSE_HAL_DRIVER -DSTM32F427xx -c -I../Core/Inc -I../Drivers/STM32F4xx_HAL_Driver/Inc -I../Drivers/STM32F4xx_HAL_Driver/Inc/Legacy -I../Drivers/CMSIS/Device/ST/STM32F4xx/Include -I../Drivers/CMSIS/Include -O0 -ffunction-sections -fdata-sections -Wall -fstack-usage -MMD -MP -MF"Core/Src/main.d" -MT"Core/Src/main.o" --specs=nano.specs -mfpu=fpv4-sp-d16 -mfloat-abi=hard -mthumb -o "Core/Src/main.o"
../Core/Src/main.c:117:10: error: stray '\' in program
  117 |   {GREEN,\t\tLOW,\t\t100},
      |          ^
../Core/Src/main.c:117:12: error: stray '\' in program
  117 |   {GREEN,\t\tLOW,\t\t100},
      |            ^
../Core/Src/main.c:117:11: error: 't' undeclared here (not in a function)
  117 |   {GREEN,\t\tLOW,\t\t100},
      |           ^
../Core/Src/main.c:117:13: error: expected '}' before 'tLOW'
  117 |   {GREEN,\t\tLOW,\t\t100},
      |   ~         ^~~~
../Core/Src/main.c:117:18: error: stray '\' in program
  117 |   {GREEN,\t\tLOW,\t\t100},
      |                  ^
../Core/Src/main.c:117:20: error: stray '\' in program
  117 |   {GREEN,\t\tLOW,\t\t100},
      |                    ^
../Core/Src/main.c:118:10: error: stray '\' in program
  118 |   {GREEN,\t\tMEDIUM,\t\t200},
      |          ^
../Core/Src/main.c:118:12: error: stray '\' in program
  118 |   {GREEN,\t\tMEDIUM,\t\t200},
      |            ^
../Core/Src/main.c:118:13: error: expected '}' before 'tMEDIUM'
  118 |   {GREEN,\t\tMEDIUM,\t\t200},
      |   ~         ^~~~~~~
../Core/Src/main.c:118:21: error: stray '\' in program
  118 |   {GREEN,\t\tMEDIUM,\t\t200},
      |                     ^
../Core/Src/main.c:118:23: error: stray '\' in program
  118 |   {GREEN,\t\tMEDIUM,\t\t200},
      |                       ^
../Core/Src/main.c:119:10: error: stray '\' in program
  119 |   {GREEN,\t\tHIGH,\t\t300},
      |          ^
../Core/Src/main.c:119:12: error: stray '\' in program
  119 |   {GREEN,\t\tHIGH,\t\t300},
      |            ^
../Core/Src/main.c:119:13: error: expected '}' before 'tHIGH'
  119 |   {GREEN,\t\tHIGH,\t\t300},
      |   ~         ^~~~~
../Core/Src/main.c:119:19: error: stray '\' in program
  119 |   {GREEN,\t\tHIGH,\t\t300},
      |                   ^
../Core/Src/main.c:119:21: error: stray '\' in program
  119 |   {GREEN,\t\tHIGH,\t\t300},
      |                     ^
../Core/Src/main.c:120:11: error: stray '\' in program
  120 |   {YELLOW,\tLOW,\t\t400},
      |           ^
../Core/Src/main.c:120:12: error: 'tLOW' undeclared here (not in a function); did you mean 'LOW'?
  120 |   {YELLOW,\tLOW,\t\t400},
      |            ^~~~
      |            LOW
../Core/Src/main.c:120:17: error: stray '\' in program
  120 |   {YELLOW,\tLOW,\t\t400},
      |                 ^
../Core/Src/main.c:120:19: error: stray '\' in program
  120 |   {YELLOW,\tLOW,\t\t400},
      |                   ^
../Core/Src/main.c:120:20: error: expected '}' before 't400'
  120 |   {YELLOW,\tLOW,\t\t400},
      |   ~                ^~~~
../Core/Src/main.c:121:11: error: stray '\' in program
  121 |   {YELLOW,\tMEDIUM,\t\t500},
      |           ^
../Core/Src/main.c:121:12: error: 'tMEDIUM' undeclared here (not in a function); did you mean 'MEDIUM'?
  121 |   {YELLOW,\tMEDIUM,\t\t500},
      |            ^~~~~~~
      |            MEDIUM
../Core/Src/main.c:121:20: error: stray '\' in program
  121 |   {YELLOW,\tMEDIUM,\t\t500},
      |                    ^
../Core/Src/main.c:121:22: error: stray '\' in program
  121 |   {YELLOW,\tMEDIUM,\t\t500},
      |                      ^
../Core/Src/main.c:121:23: error: expected '}' before 't500'
  121 |   {YELLOW,\tMEDIUM,\t\t500},
      |   ~                   ^~~~
../Core/Src/main.c:122:11: error: stray '\' in program
  122 |   {YELLOW,\tHIGH,\t\t600},
      |           ^
../Core/Src/main.c:122:12: error: 'tHIGH' undeclared here (not in a function); did you mean 'HIGH'?
  122 |   {YELLOW,\tHIGH,\t\t600},
      |            ^~~~~
      |            HIGH
../Core/Src/main.c:122:18: error: stray '\' in program
  122 |   {YELLOW,\tHIGH,\t\t600},
      |                  ^
../Core/Src/main.c:122:20: error: stray '\' in program
  122 |   {YELLOW,\tHIGH,\t\t600},
      |                    ^
../Core/Src/main.c:122:21: error: expected '}' before 't600'
  122 |   {YELLOW,\tHIGH,\t\t600},
      |   ~                 ^~~~
../Core/Src/main.c:123:8: error: stray '\' in program
  123 |   {RED,\t\tLOW,\t\t700},
      |        ^
../Core/Src/main.c:123:10: error: stray '\' in program
  123 |   {RED,\t\tLOW,\t\t700},
      |          ^
../Core/Src/main.c:123:11: error: expected '}' before 'tLOW'
  123 |   {RED,\t\tLOW,\t\t700},
      |   ~       ^~~~
../Core/Src/main.c:123:16: error: stray '\' in program
  123 |   {RED,\t\tLOW,\t\t700},
      |                ^
../Core/Src/main.c:123:18: error: stray '\' in program
  123 |   {RED,\t\tLOW,\t\t700},
      |                  ^
../Core/Src/main.c:124:8: error: stray '\' in program
  124 |   {RED,\t\tMEDIUM,\t\t800},
      |        ^
../Core/Src/main.c:124:10: error: stray '\' in program
  124 |   {RED,\t\tMEDIUM,\t\t800},
      |          ^
../Core/Src/main.c:124:11: error: expected '}' before 'tMEDIUM'
  124 |   {RED,\t\tMEDIUM,\t\t800},
      |   ~       ^~~~~~~
../Core/Src/main.c:124:19: error: stray '\' in program
  124 |   {RED,\t\tMEDIUM,\t\t800},
      |                   ^
../Core/Src/main.c:124:21: error: stray '\' in program
  124 |   {RED,\t\tMEDIUM,\t\t800},
      |                     ^
../Core/Src/main.c:125:8: error: stray '\' in program
  125 |   {RED,\t\tHIGH,\t\t900}
      |        ^
../Core/Src/main.c:125:10: error: stray '\' in program
  125 |   {RED,\t\tHIGH,\t\t900}
      |          ^
../Core/Src/main.c:125:11: error: expected '}' before 'tHIGH'
  125 |   {RED,\t\tHIGH,\t\t900}
      |   ~       ^~~~~
../Core/Src/main.c:125:17: error: stray '\' in program
  125 |   {RED,\t\tHIGH,\t\t900}
      |                 ^
../Core/Src/main.c:125:19: error: stray '\' in program
  125 |   {RED,\t\tHIGH,\t\t900}
      |                   ^
../Core/Src/main.c: In function 'play_melody':
../Core/Src/main.c:181:3: warning: implicit declaration of function 'play_note' [-Wimplicit-function-declaration]
  181 |   play_note(&melody[i]);
      |   ^~~~~~~~~
../Core/Src/main.c:184:2: warning: implicit declaration of function 'stop_note' [-Wimplicit-function-declaration]
  184 |  stop_note();
      |  ^~~~~~~~~
../Core/Src/main.c: At top level:
../Core/Src/main.c:219:6: warning: conflicting types for 'play_note'
  219 | void play_note(Note *note) {
      |      ^~~~~~~~~
../Core/Src/main.c:181:3: note: previous implicit declaration of 'play_note' was here
  181 |   play_note(&melody[i]);
      |   ^~~~~~~~~
../Core/Src/main.c:234:6: warning: conflicting types for 'stop_note'
  234 | void stop_note(void) {
      |      ^~~~~~~~~
../Core/Src/main.c:184:2: note: previous implicit declaration of 'stop_note' was here
  184 |  stop_note();
      |  ^~~~~~~~~
make: *** [Core/Src/subdir.mk:43: Core/Src/main.o] Error 1
"make -j8 all" terminated with exit code 2. Build might be incomplete.
16:00:32 **** Incremental Build of configuration Debug for project lab-3 ****
make -j8 all 
arm-none-eabi-gcc "../Core/Src/main.c" -mcpu=cortex-m4 -std=gnu11 -g3 -DDEBUG -DUSE_HAL_DRIVER -DSTM32F427xx -c -I../Core/Inc -I../Drivers/STM32F4xx_HAL_Driver/Inc -I../Drivers/STM32F4xx_HAL_Driver/Inc/Legacy -I../Drivers/CMSIS/Device/ST/STM32F4xx/Include -I../Drivers/CMSIS/Include -O0 -ffunction-sections -fdata-sections -Wall -fstack-usage -MMD -MP -MF"Core/Src/main.d" -MT"Core/Src/main.o" --specs=nano.specs -mfpu=fpv4-sp-d16 -mfloat-abi=hard -mthumb -o "Core/Src/main.o"
../Core/Src/main.c:117:10: error: stray '\' in program
  117 |   {GREEN,\t\tLOW,\t\t100},
      |          ^
../Core/Src/main.c:117:12: error: stray '\' in program
  117 |   {GREEN,\t\tLOW,\t\t100},
      |            ^
../Core/Src/main.c:117:11: error: 't' undeclared here (not in a function)
  117 |   {GREEN,\t\tLOW,\t\t100},
      |           ^
../Core/Src/main.c:117:13: error: expected '}' before 'tLOW'
  117 |   {GREEN,\t\tLOW,\t\t100},
      |   ~         ^~~~
../Core/Src/main.c:117:18: error: stray '\' in program
  117 |   {GREEN,\t\tLOW,\t\t100},
      |                  ^
../Core/Src/main.c:117:20: error: stray '\' in program
  117 |   {GREEN,\t\tLOW,\t\t100},
      |                    ^
../Core/Src/main.c:118:10: error: stray '\' in program
  118 |   {GREEN,\t\tMEDIUM,\t\t200},
      |          ^
../Core/Src/main.c:118:12: error: stray '\' in program
  118 |   {GREEN,\t\tMEDIUM,\t\t200},
      |            ^
../Core/Src/main.c:118:13: error: expected '}' before 'tMEDIUM'
  118 |   {GREEN,\t\tMEDIUM,\t\t200},
      |   ~         ^~~~~~~
../Core/Src/main.c:118:21: error: stray '\' in program
  118 |   {GREEN,\t\tMEDIUM,\t\t200},
      |                     ^
../Core/Src/main.c:118:23: error: stray '\' in program
  118 |   {GREEN,\t\tMEDIUM,\t\t200},
      |                       ^
../Core/Src/main.c:119:10: error: stray '\' in program
  119 |   {GREEN,\t\tHIGH,\t\t300},
      |          ^
../Core/Src/main.c:119:12: error: stray '\' in program
  119 |   {GREEN,\t\tHIGH,\t\t300},
      |            ^
../Core/Src/main.c:119:13: error: expected '}' before 'tHIGH'
  119 |   {GREEN,\t\tHIGH,\t\t300},
      |   ~         ^~~~~
../Core/Src/main.c:119:19: error: stray '\' in program
  119 |   {GREEN,\t\tHIGH,\t\t300},
      |                   ^
../Core/Src/main.c:119:21: error: stray '\' in program
  119 |   {GREEN,\t\tHIGH,\t\t300},
      |                     ^
../Core/Src/main.c:120:11: error: stray '\' in program
  120 |   {YELLOW,\tLOW,\t\t400},
      |           ^
../Core/Src/main.c:120:12: error: 'tLOW' undeclared here (not in a function); did you mean 'LOW'?
  120 |   {YELLOW,\tLOW,\t\t400},
      |            ^~~~
      |            LOW
../Core/Src/main.c:120:17: error: stray '\' in program
  120 |   {YELLOW,\tLOW,\t\t400},
      |                 ^
../Core/Src/main.c:120:19: error: stray '\' in program
  120 |   {YELLOW,\tLOW,\t\t400},
      |                   ^
../Core/Src/main.c:120:20: error: expected '}' before 't400'
  120 |   {YELLOW,\tLOW,\t\t400},
      |   ~                ^~~~
../Core/Src/main.c:121:11: error: stray '\' in program
  121 |   {YELLOW,\tMEDIUM,\t\t500},
      |           ^
../Core/Src/main.c:121:12: error: 'tMEDIUM' undeclared here (not in a function); did you mean 'MEDIUM'?
  121 |   {YELLOW,\tMEDIUM,\t\t500},
      |            ^~~~~~~
      |            MEDIUM
../Core/Src/main.c:121:20: error: stray '\' in program
  121 |   {YELLOW,\tMEDIUM,\t\t500},
      |                    ^
../Core/Src/main.c:121:22: error: stray '\' in program
  121 |   {YELLOW,\tMEDIUM,\t\t500},
      |                      ^
../Core/Src/main.c:121:23: error: expected '}' before 't500'
  121 |   {YELLOW,\tMEDIUM,\t\t500},
      |   ~                   ^~~~
../Core/Src/main.c:122:11: error: stray '\' in program
  122 |   {YELLOW,\tHIGH,\t\t600},
      |           ^
../Core/Src/main.c:122:12: error: 'tHIGH' undeclared here (not in a function); did you mean 'HIGH'?
  122 |   {YELLOW,\tHIGH,\t\t600},
      |            ^~~~~
      |            HIGH
../Core/Src/main.c:122:18: error: stray '\' in program
  122 |   {YELLOW,\tHIGH,\t\t600},
      |                  ^
../Core/Src/main.c:122:20: error: stray '\' in program
  122 |   {YELLOW,\tHIGH,\t\t600},
      |                    ^
../Core/Src/main.c:122:21: error: expected '}' before 't600'
  122 |   {YELLOW,\tHIGH,\t\t600},
      |   ~                 ^~~~
../Core/Src/main.c:123:8: error: stray '\' in program
  123 |   {RED,\t\tLOW,\t\t700},
      |        ^
../Core/Src/main.c:123:10: error: stray '\' in program
  123 |   {RED,\t\tLOW,\t\t700},
      |          ^
../Core/Src/main.c:123:11: error: expected '}' before 'tLOW'
  123 |   {RED,\t\tLOW,\t\t700},
      |   ~       ^~~~
../Core/Src/main.c:123:16: error: stray '\' in program
  123 |   {RED,\t\tLOW,\t\t700},
      |                ^
../Core/Src/main.c:123:18: error: stray '\' in program
  123 |   {RED,\t\tLOW,\t\t700},
      |                  ^
../Core/Src/main.c:124:8: error: stray '\' in program
  124 |   {RED,\t\tMEDIUM,\t\t800},
      |        ^
../Core/Src/main.c:124:10: error: stray '\' in program
  124 |   {RED,\t\tMEDIUM,\t\t800},
      |          ^
../Core/Src/main.c:124:11: error: expected '}' before 'tMEDIUM'
  124 |   {RED,\t\tMEDIUM,\t\t800},
      |   ~       ^~~~~~~
../Core/Src/main.c:124:19: error: stray '\' in program
  124 |   {RED,\t\tMEDIUM,\t\t800},
      |                   ^
../Core/Src/main.c:124:21: error: stray '\' in program
  124 |   {RED,\t\tMEDIUM,\t\t800},
      |                     ^
../Core/Src/main.c:125:8: error: stray '\' in program
  125 |   {RED,\t\tHIGH,\t\t900}
      |        ^
../Core/Src/main.c:125:10: error: stray '\' in program
  125 |   {RED,\t\tHIGH,\t\t900}
      |          ^
../Core/Src/main.c:125:11: error: expected '}' before 'tHIGH'
  125 |   {RED,\t\tHIGH,\t\t900}
      |   ~       ^~~~~
../Core/Src/main.c:125:17: error: stray '\' in program
  125 |   {RED,\t\tHIGH,\t\t900}
      |                 ^
../Core/Src/main.c:125:19: error: stray '\' in program
  125 |   {RED,\t\tHIGH,\t\t900}
      |                   ^
../Core/Src/main.c: In function 'play_melody':
../Core/Src/main.c:181:3: warning: implicit declaration of function 'play_note' [-Wimplicit-function-declaration]
  181 |   play_note(&melody[i]);
      |   ^~~~~~~~~
../Core/Src/main.c:184:2: warning: implicit declaration of function 'stop_note' [-Wimplicit-function-declaration]
  184 |  stop_note();
      |  ^~~~~~~~~
../Core/Src/main.c: At top level:
../Core/Src/main.c:219:6: warning: conflicting types for 'play_note'
  219 | void play_note(Note *note) {
      |      ^~~~~~~~~
../Core/Src/main.c:181:3: note: previous implicit declaration of 'play_note' was here
  181 |   play_note(&melody[i]);
      |   ^~~~~~~~~
../Core/Src/main.c:234:6: warning: conflicting types for 'stop_note'
  234 | void stop_note(void) {
      |      ^~~~~~~~~
../Core/Src/main.c:184:2: note: previous implicit declaration of 'stop_note' was here
  184 |  stop_note();
      |  ^~~~~~~~~
make: *** [Core/Src/subdir.mk:43: Core/Src/main.o] Error 1
"make -j8 all" terminated with exit code 2. Build might be incomplete.
16:03:41 **** Incremental Build of configuration Debug for project lab-3 ****
make -j8 all 
arm-none-eabi-gcc "../Core/Src/gpio.c" -mcpu=cortex-m4 -std=gnu11 -g3 -DDEBUG -DUSE_HAL_DRIVER -DSTM32F427xx -c -I../Core/Inc -I../Drivers/STM32F4xx_HAL_Driver/Inc -I../Drivers/STM32F4xx_HAL_Driver/Inc/Legacy -I../Drivers/CMSIS/Device/ST/STM32F4xx/Include -I../Drivers/CMSIS/Include -O0 -ffunction-sections -fdata-sections -Wall -fstack-usage -MMD -MP -MF"Core/Src/gpio.d" -MT"Core/Src/gpio.o" --specs=nano.specs -mfpu=fpv4-sp-d16 -mfloat-abi=hard -mthumb -o "Core/Src/gpio.o"
arm-none-eabi-gcc "../Core/Src/main.c" -mcpu=cortex-m4 -std=gnu11 -g3 -DDEBUG -DUSE_HAL_DRIVER -DSTM32F427xx -c -I../Core/Inc -I../Drivers/STM32F4xx_HAL_Driver/Inc -I../Drivers/STM32F4xx_HAL_Driver/Inc/Legacy -I../Drivers/CMSIS/Device/ST/STM32F4xx/Include -I../Drivers/CMSIS/Include -O0 -ffunction-sections -fdata-sections -Wall -fstack-usage -MMD -MP -MF"Core/Src/main.d" -MT"Core/Src/main.o" --specs=nano.specs -mfpu=fpv4-sp-d16 -mfloat-abi=hard -mthumb -o "Core/Src/main.o"
arm-none-eabi-gcc "../Core/Src/stm32f4xx_hal_msp.c" -mcpu=cortex-m4 -std=gnu11 -g3 -DDEBUG -DUSE_HAL_DRIVER -DSTM32F427xx -c -I../Core/Inc -I../Drivers/STM32F4xx_HAL_Driver/Inc -I../Drivers/STM32F4xx_HAL_Driver/Inc/Legacy -I../Drivers/CMSIS/Device/ST/STM32F4xx/Include -I../Drivers/CMSIS/Include -O0 -ffunction-sections -fdata-sections -Wall -fstack-usage -MMD -MP -MF"Core/Src/stm32f4xx_hal_msp.d" -MT"Core/Src/stm32f4xx_hal_msp.o" --specs=nano.specs -mfpu=fpv4-sp-d16 -mfloat-abi=hard -mthumb -o "Core/Src/stm32f4xx_hal_msp.o"
arm-none-eabi-gcc "../Core/Src/stm32f4xx_it.c" -mcpu=cortex-m4 -std=gnu11 -g3 -DDEBUG -DUSE_HAL_DRIVER -DSTM32F427xx -c -I../Core/Inc -I../Drivers/STM32F4xx_HAL_Driver/Inc -I../Drivers/STM32F4xx_HAL_Driver/Inc/Legacy -I../Drivers/CMSIS/Device/ST/STM32F4xx/Include -I../Drivers/CMSIS/Include -O0 -ffunction-sections -fdata-sections -Wall -fstack-usage -MMD -MP -MF"Core/Src/stm32f4xx_it.d" -MT"Core/Src/stm32f4xx_it.o" --specs=nano.specs -mfpu=fpv4-sp-d16 -mfloat-abi=hard -mthumb -o "Core/Src/stm32f4xx_it.o"
arm-none-eabi-gcc "../Core/Src/tim.c" -mcpu=cortex-m4 -std=gnu11 -g3 -DDEBUG -DUSE_HAL_DRIVER -DSTM32F427xx -c -I../Core/Inc -I../Drivers/STM32F4xx_HAL_Driver/Inc -I../Drivers/STM32F4xx_HAL_Driver/Inc/Legacy -I../Drivers/CMSIS/Device/ST/STM32F4xx/Include -I../Drivers/CMSIS/Include -O0 -ffunction-sections -fdata-sections -Wall -fstack-usage -MMD -MP -MF"Core/Src/tim.d" -MT"Core/Src/tim.o" --specs=nano.specs -mfpu=fpv4-sp-d16 -mfloat-abi=hard -mthumb -o "Core/Src/tim.o"
arm-none-eabi-gcc "../Core/Src/usart.c" -mcpu=cortex-m4 -std=gnu11 -g3 -DDEBUG -DUSE_HAL_DRIVER -DSTM32F427xx -c -I../Core/Inc -I../Drivers/STM32F4xx_HAL_Driver/Inc -I../Drivers/STM32F4xx_HAL_Driver/Inc/Legacy -I../Drivers/CMSIS/Device/ST/STM32F4xx/Include -I../Drivers/CMSIS/Include -O0 -ffunction-sections -fdata-sections -Wall -fstack-usage -MMD -MP -MF"Core/Src/usart.d" -MT"Core/Src/usart.o" --specs=nano.specs -mfpu=fpv4-sp-d16 -mfloat-abi=hard -mthumb -o "Core/Src/usart.o"
In file included from ../Core/Src/stm32f4xx_hal_msp.c:22:
../Core/Inc/main.h:34:16: error: unknown type name 'Note'
   34 | void play_note(Note *note);
      |                ^~~~
In file included from ../Core/Inc/gpio.h:29,
                 from ../Core/Src/gpio.c:22:
../Core/Inc/main.h:34:16: error: unknown type name 'Note'
   34 | void play_note(Note *note);
      |                ^~~~
In file included from ../Core/Src/main.c:20:
../Core/Inc/main.h:34:16: error: unknown type name 'Note'
   34 | void play_note(Note *note);
      |                ^~~~
make: *** [Core/Src/subdir.mk:43: Core/Src/stm32f4xx_hal_msp.o] Error 1
make: *** Waiting for unfinished jobs....
In file included from ../Core/Src/stm32f4xx_it.c:21:
../Core/Inc/main.h:34:16: error: unknown type name 'Note'
   34 | void play_note(Note *note);
      |                ^~~~
make: *** [Core/Src/subdir.mk:43: Core/Src/gpio.o] Error 1
In file included from ../Core/Inc/tim.h:29,
                 from ../Core/Src/tim.c:21:
../Core/Inc/main.h:34:16: error: unknown type name 'Note'
   34 | void play_note(Note *note);
      |                ^~~~
In file included from ../Core/Inc/usart.h:29,
                 from ../Core/Src/usart.c:21:
../Core/Inc/main.h:34:16: error: unknown type name 'Note'
   34 | void play_note(Note *note);
      |                ^~~~
make: *** [Core/Src/subdir.mk:43: Core/Src/stm32f4xx_it.o] Error 1
../Core/Src/main.c: In function 'play_melody':
../Core/Src/main.c:181:3: warning: implicit declaration of function 'play_note' [-Wimplicit-function-declaration]
  181 |   play_note(&melody[i]);
      |   ^~~~~~~~~
../Core/Src/main.c: At top level:
../Core/Src/main.c:219:6: warning: conflicting types for 'play_note'
  219 | void play_note(Note *note) {
      |      ^~~~~~~~~
../Core/Src/main.c:181:3: note: previous implicit declaration of 'play_note' was here
  181 |   play_note(&melody[i]);
      |   ^~~~~~~~~
make: *** [Core/Src/subdir.mk:43: Core/Src/usart.o] Error 1
make: *** [Core/Src/subdir.mk:43: Core/Src/tim.o] Error 1
../Core/Src/main.c: In function 'finish_game':
../Core/Src/main.c:278:26: error: 'note_sequence_length' undeclared (first use in this function); did you mean 'note_sequenFce_length'?
  278 |  for (uint8_t i = 0; i < note_sequence_length; i++) {
      |                          ^~~~~~~~~~~~~~~~~~~~
      |                          note_sequenFce_length
../Core/Src/main.c:278:26: note: each undeclared identifier is reported only once for each function it appears in
../Core/Src/main.c: In function 'switch_game_mode':
../Core/Src/main.c:301:23: error: 'note_sequence_length' undeclared (first use in this function); did you mean 'note_sequenFce_length'?
  301 |    play_melody(notes, note_sequence_length);
      |                       ^~~~~~~~~~~~~~~~~~~~
      |                       note_sequenFce_length
../Core/Src/main.c: In function 'HAL_TIM_PeriodElapsedCallback':
../Core/Src/main.c:369:23: error: 'note_sequence_length' undeclared (first use in this function); did you mean 'note_sequenFce_length'?
  369 |   if (cur_note_ptr == note_sequence_length) {
      |                       ^~~~~~~~~~~~~~~~~~~~
      |                       note_sequenFce_length
../Core/Src/main.c: In function 'main':
../Core/Src/main.c:445:25: error: 'note_sequence_length' undeclared (first use in this function); did you mean 'note_sequenFce_length'?
  445 |      play_melody(notes, note_sequence_length);
      |                         ^~~~~~~~~~~~~~~~~~~~
      |                         note_sequenFce_length
make: *** [Core/Src/subdir.mk:43: Core/Src/main.o] Error 1
"make -j8 all" terminated with exit code 2. Build might be incomplete.
16:05:17 **** Incremental Build of configuration Debug for project lab-3 ****
make -j8 all 
arm-none-eabi-gcc "../Core/Src/gpio.c" -mcpu=cortex-m4 -std=gnu11 -g3 -DDEBUG -DUSE_HAL_DRIVER -DSTM32F427xx -c -I../Core/Inc -I../Drivers/STM32F4xx_HAL_Driver/Inc -I../Drivers/STM32F4xx_HAL_Driver/Inc/Legacy -I../Drivers/CMSIS/Device/ST/STM32F4xx/Include -I../Drivers/CMSIS/Include -O0 -ffunction-sections -fdata-sections -Wall -fstack-usage -MMD -MP -MF"Core/Src/gpio.d" -MT"Core/Src/gpio.o" --specs=nano.specs -mfpu=fpv4-sp-d16 -mfloat-abi=hard -mthumb -o "Core/Src/gpio.o"
arm-none-eabi-gcc "../Core/Src/main.c" -mcpu=cortex-m4 -std=gnu11 -g3 -DDEBUG -DUSE_HAL_DRIVER -DSTM32F427xx -c -I../Core/Inc -I../Drivers/STM32F4xx_HAL_Driver/Inc -I../Drivers/STM32F4xx_HAL_Driver/Inc/Legacy -I../Drivers/CMSIS/Device/ST/STM32F4xx/Include -I../Drivers/CMSIS/Include -O0 -ffunction-sections -fdata-sections -Wall -fstack-usage -MMD -MP -MF"Core/Src/main.d" -MT"Core/Src/main.o" --specs=nano.specs -mfpu=fpv4-sp-d16 -mfloat-abi=hard -mthumb -o "Core/Src/main.o"
arm-none-eabi-gcc "../Core/Src/stm32f4xx_hal_msp.c" -mcpu=cortex-m4 -std=gnu11 -g3 -DDEBUG -DUSE_HAL_DRIVER -DSTM32F427xx -c -I../Core/Inc -I../Drivers/STM32F4xx_HAL_Driver/Inc -I../Drivers/STM32F4xx_HAL_Driver/Inc/Legacy -I../Drivers/CMSIS/Device/ST/STM32F4xx/Include -I../Drivers/CMSIS/Include -O0 -ffunction-sections -fdata-sections -Wall -fstack-usage -MMD -MP -MF"Core/Src/stm32f4xx_hal_msp.d" -MT"Core/Src/stm32f4xx_hal_msp.o" --specs=nano.specs -mfpu=fpv4-sp-d16 -mfloat-abi=hard -mthumb -o "Core/Src/stm32f4xx_hal_msp.o"
arm-none-eabi-gcc "../Core/Src/stm32f4xx_it.c" -mcpu=cortex-m4 -std=gnu11 -g3 -DDEBUG -DUSE_HAL_DRIVER -DSTM32F427xx -c -I../Core/Inc -I../Drivers/STM32F4xx_HAL_Driver/Inc -I../Drivers/STM32F4xx_HAL_Driver/Inc/Legacy -I../Drivers/CMSIS/Device/ST/STM32F4xx/Include -I../Drivers/CMSIS/Include -O0 -ffunction-sections -fdata-sections -Wall -fstack-usage -MMD -MP -MF"Core/Src/stm32f4xx_it.d" -MT"Core/Src/stm32f4xx_it.o" --specs=nano.specs -mfpu=fpv4-sp-d16 -mfloat-abi=hard -mthumb -o "Core/Src/stm32f4xx_it.o"
arm-none-eabi-gcc "../Core/Src/tim.c" -mcpu=cortex-m4 -std=gnu11 -g3 -DDEBUG -DUSE_HAL_DRIVER -DSTM32F427xx -c -I../Core/Inc -I../Drivers/STM32F4xx_HAL_Driver/Inc -I../Drivers/STM32F4xx_HAL_Driver/Inc/Legacy -I../Drivers/CMSIS/Device/ST/STM32F4xx/Include -I../Drivers/CMSIS/Include -O0 -ffunction-sections -fdata-sections -Wall -fstack-usage -MMD -MP -MF"Core/Src/tim.d" -MT"Core/Src/tim.o" --specs=nano.specs -mfpu=fpv4-sp-d16 -mfloat-abi=hard -mthumb -o "Core/Src/tim.o"
arm-none-eabi-gcc "../Core/Src/usart.c" -mcpu=cortex-m4 -std=gnu11 -g3 -DDEBUG -DUSE_HAL_DRIVER -DSTM32F427xx -c -I../Core/Inc -I../Drivers/STM32F4xx_HAL_Driver/Inc -I../Drivers/STM32F4xx_HAL_Driver/Inc/Legacy -I../Drivers/CMSIS/Device/ST/STM32F4xx/Include -I../Drivers/CMSIS/Include -O0 -ffunction-sections -fdata-sections -Wall -fstack-usage -MMD -MP -MF"Core/Src/usart.d" -MT"Core/Src/usart.o" --specs=nano.specs -mfpu=fpv4-sp-d16 -mfloat-abi=hard -mthumb -o "Core/Src/usart.o"
../Core/Src/main.c: In function 'play_melody':
../Core/Src/main.c:181:3: warning: implicit declaration of function 'play_note' [-Wimplicit-function-declaration]
  181 |   play_note(&melody[i]);
      |   ^~~~~~~~~
../Core/Src/main.c:184:2: warning: implicit declaration of function 'stop_note' [-Wimplicit-function-declaration]
  184 |  stop_note();
      |  ^~~~~~~~~
../Core/Src/main.c: At top level:
../Core/Src/main.c:219:6: warning: conflicting types for 'play_note'
  219 | void play_note(Note *note) {
      |      ^~~~~~~~~
../Core/Src/main.c:181:3: note: previous implicit declaration of 'play_note' was here
  181 |   play_note(&melody[i]);
      |   ^~~~~~~~~
../Core/Src/main.c:234:6: warning: conflicting types for 'stop_note'
  234 | void stop_note(void) {
      |      ^~~~~~~~~
../Core/Src/main.c:184:2: note: previous implicit declaration of 'stop_note' was here
  184 |  stop_note();
      |  ^~~~~~~~~
../Core/Src/main.c: In function 'finish_game':
../Core/Src/main.c:278:26: error: 'note_sequence_length' undeclared (first use in this function); did you mean 'note_sequenFce_length'?
  278 |  for (uint8_t i = 0; i < note_sequence_length; i++) {
      |                          ^~~~~~~~~~~~~~~~~~~~
      |                          note_sequenFce_length
../Core/Src/main.c:278:26: note: each undeclared identifier is reported only once for each function it appears in
../Core/Src/main.c: In function 'switch_game_mode':
../Core/Src/main.c:301:23: error: 'note_sequence_length' undeclared (first use in this function); did you mean 'note_sequenFce_length'?
  301 |    play_melody(notes, note_sequence_length);
      |                       ^~~~~~~~~~~~~~~~~~~~
      |                       note_sequenFce_length
../Core/Src/main.c: In function 'HAL_TIM_PeriodElapsedCallback':
../Core/Src/main.c:369:23: error: 'note_sequence_length' undeclared (first use in this function); did you mean 'note_sequenFce_length'?
  369 |   if (cur_note_ptr == note_sequence_length) {
      |                       ^~~~~~~~~~~~~~~~~~~~
      |                       note_sequenFce_length
../Core/Src/main.c: In function 'main':
../Core/Src/main.c:445:25: error: 'note_sequence_length' undeclared (first use in this function); did you mean 'note_sequenFce_length'?
  445 |      play_melody(notes, note_sequence_length);
      |                         ^~~~~~~~~~~~~~~~~~~~
      |                         note_sequenFce_length
make: *** [Core/Src/subdir.mk:43: Core/Src/main.o] Error 1
make: *** Waiting for unfinished jobs....
"make -j8 all" terminated with exit code 2. Build might be incomplete.
16:06:04 **** Incremental Build of configuration Debug for project lab-3 ****
make -j8 all 
arm-none-eabi-gcc "../Core/Src/main.c" -mcpu=cortex-m4 -std=gnu11 -g3 -DDEBUG -DUSE_HAL_DRIVER -DSTM32F427xx -c -I../Core/Inc -I../Drivers/STM32F4xx_HAL_Driver/Inc -I../Drivers/STM32F4xx_HAL_Driver/Inc/Legacy -I../Drivers/CMSIS/Device/ST/STM32F4xx/Include -I../Drivers/CMSIS/Include -O0 -ffunction-sections -fdata-sections -Wall -fstack-usage -MMD -MP -MF"Core/Src/main.d" -MT"Core/Src/main.o" --specs=nano.specs -mfpu=fpv4-sp-d16 -mfloat-abi=hard -mthumb -o "Core/Src/main.o"
../Core/Src/main.c: In function 'play_melody':
../Core/Src/main.c:181:3: warning: implicit declaration of function 'play_note' [-Wimplicit-function-declaration]
  181 |   play_note(&melody[i]);
      |   ^~~~~~~~~
../Core/Src/main.c:184:2: warning: implicit declaration of function 'stop_note' [-Wimplicit-function-declaration]
  184 |  stop_note();
      |  ^~~~~~~~~
../Core/Src/main.c: At top level:
../Core/Src/main.c:219:6: warning: conflicting types for 'play_note'
  219 | void play_note(Note *note) {
      |      ^~~~~~~~~
../Core/Src/main.c:181:3: note: previous implicit declaration of 'play_note' was here
  181 |   play_note(&melody[i]);
      |   ^~~~~~~~~
../Core/Src/main.c:234:6: warning: conflicting types for 'stop_note'
  234 | void stop_note(void) {
      |      ^~~~~~~~~
../Core/Src/main.c:184:2: note: previous implicit declaration of 'stop_note' was here
  184 |  stop_note();
      |  ^~~~~~~~~
arm-none-eabi-gcc -o "lab-3.elf" @"objects.list"   -mcpu=cortex-m4 -T"C:\Users\toric\Downloads\lab_3\lab-3\STM32F427VITX_FLASH.ld" --specs=nosys.specs -Wl,-Map="lab-3.map" -Wl,--gc-sections -static --specs=nano.specs -mfpu=fpv4-sp-d16 -mfloat-abi=hard -mthumb -Wl,--start-group -lc -lm -Wl,--end-group
Finished building target: lab-3.elf
 
arm-none-eabi-size   lab-3.elf 
arm-none-eabi-objdump -h -S  lab-3.elf  > "lab-3.list"
   text	   data	    bss	    dec	    hex	filename
  20512	    568	   1904	  22984	   59c8	lab-3.elf
Finished building: default.size.stdout
 
Finished building: lab-3.list
 
16:06:46 **** Incremental Build of configuration Debug for project lab-3 ****
make -j8 all 
arm-none-eabi-size   lab-3.elf 
   text	   data	    bss	    dec	    hex	filename
  20512	    568	   1904	  22984	   59c8	lab-3.elf
Finished building: default.size.stdout
 
16:09:04 **** Incremental Build of configuration Debug for project lab-3 ****
make -j8 all 
arm-none-eabi-gcc "../Core/Src/main.c" -mcpu=cortex-m4 -std=gnu11 -g3 -DDEBUG -DUSE_HAL_DRIVER -DSTM32F427xx -c -I../Core/Inc -I../Drivers/STM32F4xx_HAL_Driver/Inc -I../Drivers/STM32F4xx_HAL_Driver/Inc/Legacy -I../Drivers/CMSIS/Device/ST/STM32F4xx/Include -I../Drivers/CMSIS/Include -O0 -ffunction-sections -fdata-sections -Wall -fstack-usage -MMD -MP -MF"Core/Src/main.d" -MT"Core/Src/main.o" --specs=nano.specs -mfpu=fpv4-sp-d16 -mfloat-abi=hard -mthumb -o "Core/Src/main.o"
arm-none-eabi-gcc -o "lab-3.elf" @"objects.list"   -mcpu=cortex-m4 -T"C:\Users\toric\Downloads\lab_3\lab-3\STM32F427VITX_FLASH.ld" --specs=nosys.specs -Wl,-Map="lab-3.map" -Wl,--gc-sections -static --specs=nano.specs -mfpu=fpv4-sp-d16 -mfloat-abi=hard -mthumb -Wl,--start-group -lc -lm -Wl,--end-group
Finished building target: lab-3.elf
 
arm-none-eabi-size   lab-3.elf 
arm-none-eabi-objdump -h -S  lab-3.elf  > "lab-3.list"
   text	   data	    bss	    dec	    hex	filename
  20468	    572	   1908	  22948	   59a4	lab-3.elf
Finished building: default.size.stdout
 
Finished building: lab-3.list
 
16:10:19 **** Incremental Build of configuration Debug for project lab-3 ****
make -j8 all 
arm-none-eabi-size   lab-3.elf 
   text	   data	    bss	    dec	    hex	filename
  20468	    572	   1908	  22948	   59a4	lab-3.elf
Finished building: default.size.stdout
 
16:11:36 **** Incremental Build of configuration Debug for project lab-3 ****
make -j8 all 
arm-none-eabi-gcc "../Core/Src/main.c" -mcpu=cortex-m4 -std=gnu11 -g3 -DDEBUG -DUSE_HAL_DRIVER -DSTM32F427xx -c -I../Core/Inc -I../Drivers/STM32F4xx_HAL_Driver/Inc -I../Drivers/STM32F4xx_HAL_Driver/Inc/Legacy -I../Drivers/CMSIS/Device/ST/STM32F4xx/Include -I../Drivers/CMSIS/Include -O0 -ffunction-sections -fdata-sections -Wall -fstack-usage -MMD -MP -MF"Core/Src/main.d" -MT"Core/Src/main.o" --specs=nano.specs -mfpu=fpv4-sp-d16 -mfloat-abi=hard -mthumb -o "Core/Src/main.o"
../Core/Src/main.c: In function 'play_melody':
../Core/Src/main.c:181:3: warning: implicit declaration of function 'play_note' [-Wimplicit-function-declaration]
  181 |   play_note(&melody[i]);
      |   ^~~~~~~~~
../Core/Src/main.c:184:2: warning: implicit declaration of function 'stop_note' [-Wimplicit-function-declaration]
  184 |  stop_note();
      |  ^~~~~~~~~
../Core/Src/main.c: At top level:
../Core/Src/main.c:219:6: warning: conflicting types for 'play_note'
  219 | void play_note(Note *note) {
      |      ^~~~~~~~~
../Core/Src/main.c:181:3: note: previous implicit declaration of 'play_note' was here
  181 |   play_note(&melody[i]);
      |   ^~~~~~~~~
../Core/Src/main.c:234:6: warning: conflicting types for 'stop_note'
  234 | void stop_note(void) {
      |      ^~~~~~~~~
../Core/Src/main.c:184:2: note: previous implicit declaration of 'stop_note' was here
  184 |  stop_note();
      |  ^~~~~~~~~
arm-none-eabi-gcc -o "lab-3.elf" @"objects.list"   -mcpu=cortex-m4 -T"C:\Users\toric\Downloads\lab_3\lab-3\STM32F427VITX_FLASH.ld" --specs=nosys.specs -Wl,-Map="lab-3.map" -Wl,--gc-sections -static --specs=nano.specs -mfpu=fpv4-sp-d16 -mfloat-abi=hard -mthumb -Wl,--start-group -lc -lm -Wl,--end-group
Finished building target: lab-3.elf
 
arm-none-eabi-size   lab-3.elf 
arm-none-eabi-objdump -h -S  lab-3.elf  > "lab-3.list"
   text	   data	    bss	    dec	    hex	filename
  20512	    568	   1904	  22984	   59c8	lab-3.elf
Finished building: default.size.stdout
 
Finished building: lab-3.list
 
16:17:39 **** Incremental Build of configuration Debug for project lab-3 ****
make -j8 all 
arm-none-eabi-gcc "../Core/Src/main.c" -mcpu=cortex-m4 -std=gnu11 -g3 -DDEBUG -DUSE_HAL_DRIVER -DSTM32F427xx -c -I../Core/Inc -I../Drivers/STM32F4xx_HAL_Driver/Inc -I../Drivers/STM32F4xx_HAL_Driver/Inc/Legacy -I../Drivers/CMSIS/Device/ST/STM32F4xx/Include -I../Drivers/CMSIS/Include -O0 -ffunction-sections -fdata-sections -Wall -fstack-usage -MMD -MP -MF"Core/Src/main.d" -MT"Core/Src/main.o" --specs=nano.specs -mfpu=fpv4-sp-d16 -mfloat-abi=hard -mthumb -o "Core/Src/main.o"
../Core/Src/main.c: In function 'play_melody':
../Core/Src/main.c:231:9: warning: implicit declaration of function 'stop_note' [-Wimplicit-function-declaration]
  231 |         stop_note();                       // Останавливаем ноту перед переходом к следующей
      |         ^~~~~~~~~
../Core/Src/main.c: At top level:
../Core/Src/main.c:237:6: warning: conflicting types for 'stop_note'
  237 | void stop_note(void) {
      |      ^~~~~~~~~
../Core/Src/main.c:231:9: note: previous implicit declaration of 'stop_note' was here
  231 |         stop_note();                       // Останавливаем ноту перед переходом к следующей
      |         ^~~~~~~~~
arm-none-eabi-gcc -o "lab-3.elf" @"objects.list"   -mcpu=cortex-m4 -T"C:\Users\toric\Downloads\lab_3\lab-3\STM32F427VITX_FLASH.ld" --specs=nosys.specs -Wl,-Map="lab-3.map" -Wl,--gc-sections -static --specs=nano.specs -mfpu=fpv4-sp-d16 -mfloat-abi=hard -mthumb -Wl,--start-group -lc -lm -Wl,--end-group
Finished building target: lab-3.elf
 
arm-none-eabi-size   lab-3.elf 
arm-none-eabi-objdump -h -S  lab-3.elf  > "lab-3.list"
   text	   data	    bss	    dec	    hex	filename
  20372	    572	   1908	  22852	   5944	lab-3.elf
Finished building: default.size.stdout
 
Finished building: lab-3.list
 
16:18:01 **** Incremental Build of configuration Debug for project lab-3 ****
make -j8 all 
arm-none-eabi-size   lab-3.elf 
   text	   data	    bss	    dec	    hex	filename
  20372	    572	   1908	  22852	   5944	lab-3.elf
Finished building: default.size.stdout
 
16:43:00 **** Incremental Build of configuration Debug for project lab-3 ****
make -j8 all 
arm-none-eabi-gcc "../Core/Src/main.c" -mcpu=cortex-m4 -std=gnu11 -g3 -DDEBUG -DUSE_HAL_DRIVER -DSTM32F427xx -c -I../Core/Inc -I../Drivers/STM32F4xx_HAL_Driver/Inc -I../Drivers/STM32F4xx_HAL_Driver/Inc/Legacy -I../Drivers/CMSIS/Device/ST/STM32F4xx/Include -I../Drivers/CMSIS/Include -O0 -ffunction-sections -fdata-sections -Wall -fstack-usage -MMD -MP -MF"Core/Src/main.d" -MT"Core/Src/main.o" --specs=nano.specs -mfpu=fpv4-sp-d16 -mfloat-abi=hard -mthumb -o "Core/Src/main.o"
../Core/Src/main.c: In function 'HAL_TIM_PeriodElapsedCallback':
../Core/Src/main.c:301:14: error: 'melody_playing' undeclared (first use in this function)
  301 |         if (!melody_playing) {
      |              ^~~~~~~~~~~~~~
../Core/Src/main.c:301:14: note: each undeclared identifier is reported only once for each function it appears in
../Core/Src/main.c:304:7: error: 'duration' undeclared (first use in this function)
  304 |   if (duration > 0) duration--;
      |       ^~~~~~~~
../Core/Src/main.c:306:8: error: 'melody' undeclared (first use in this function)
  306 |    if (melody[i] == 0) {
      |        ^~~~~~
../Core/Src/main.c:306:15: error: 'i' undeclared (first use in this function)
  306 |    if (melody[i] == 0) {
      |               ^
../Core/Src/main.c:309:16: error: 'melody_delays' undeclared (first use in this function); did you mean 'zelda_delays'?
  309 |     duration = melody_delays[i];
      |                ^~~~~~~~~~~~~
      |                zelda_delays
../Core/Src/main.c:317:13: error: 'melody_size' undeclared (first use in this function)
  317 |    if (i == melody_size){
      |             ^~~~~~~~~~~
../Core/Src/main.c: In function 'main':
../Core/Src/main.c:393:7: warning: implicit declaration of function 'play_melody' [-Wimplicit-function-declaration]
  393 |       play_melody(starwars2_melody, starwars2_delays, sizeof(starwars2_melody) / sizeof (uint32_t));
      |       ^~~~~~~~~~~
../Core/Src/main.c:413:5: warning: implicit declaration of function 'switch_note_mode' [-Wimplicit-function-declaration]
  413 |     switch_note_mode();
      |     ^~~~~~~~~~~~~~~~
../Core/Src/main.c:418:5: warning: implicit declaration of function 'switch_difficulty' [-Wimplicit-function-declaration]
  418 |     switch_difficulty();
      |     ^~~~~~~~~~~~~~~~~
make: *** [Core/Src/subdir.mk:43: Core/Src/main.o] Error 1
"make -j8 all" terminated with exit code 2. Build might be incomplete.
16:44:21 **** Incremental Build of configuration Debug for project lab-3 ****
make -j8 all 
arm-none-eabi-gcc "../Core/Src/main.c" -mcpu=cortex-m4 -std=gnu11 -g3 -DDEBUG -DUSE_HAL_DRIVER -DSTM32F427xx -c -I../Core/Inc -I../Drivers/STM32F4xx_HAL_Driver/Inc -I../Drivers/STM32F4xx_HAL_Driver/Inc/Legacy -I../Drivers/CMSIS/Device/ST/STM32F4xx/Include -I../Drivers/CMSIS/Include -O0 -ffunction-sections -fdata-sections -Wall -fstack-usage -MMD -MP -MF"Core/Src/main.d" -MT"Core/Src/main.o" --specs=nano.specs -mfpu=fpv4-sp-d16 -mfloat-abi=hard -mthumb -o "Core/Src/main.o"
../Core/Src/main.c: In function 'play_note':
../Core/Src/main.c:206:4: warning: implicit declaration of function 'light_led' [-Wimplicit-function-declaration]
  206 |    light_led(&note->led, &note->brightness);
      |    ^~~~~~~~~
../Core/Src/main.c: In function 'stop_note':
../Core/Src/main.c:219:2: warning: implicit declaration of function 'disable_all_leds' [-Wimplicit-function-declaration]
  219 |  disable_all_leds();
      |  ^~~~~~~~~~~~~~~~
../Core/Src/main.c: In function 'main':
../Core/Src/main.c:381:7: warning: implicit declaration of function 'play_melody' [-Wimplicit-function-declaration]
  381 |       play_melody(starwars2_melody, starwars2_delays, sizeof(starwars2_melody) / sizeof (uint32_t));
      |       ^~~~~~~~~~~
../Core/Src/main.c:401:5: warning: implicit declaration of function 'switch_note_mode' [-Wimplicit-function-declaration]
  401 |     switch_note_mode();
      |     ^~~~~~~~~~~~~~~~
../Core/Src/main.c:406:5: warning: implicit declaration of function 'switch_difficulty' [-Wimplicit-function-declaration]
  406 |     switch_difficulty();
      |     ^~~~~~~~~~~~~~~~~
arm-none-eabi-gcc -o "lab-3.elf" @"objects.list"   -mcpu=cortex-m4 -T"C:\Users\toric\Downloads\lab_3\lab-3\STM32F427VITX_FLASH.ld" --specs=nosys.specs -Wl,-Map="lab-3.map" -Wl,--gc-sections -static --specs=nano.specs -mfpu=fpv4-sp-d16 -mfloat-abi=hard -mthumb -Wl,--start-group -lc -lm -Wl,--end-group
c:\st\stm32cubeide_1.9.0\stm32cubeide\plugins\com.st.stm32cube.ide.mcu.externaltools.gnu-tools-for-stm32.10.3-2021.10.win32_1.0.0.202111181127\tools\arm-none-eabi\bin\ld.exe: ./Core/Src/main.o: in function `play_note':
C:/Users/toric/Downloads/lab_3/lab-3/Debug/../Core/Src/main.c:206: undefined reference to `light_led'
c:\st\stm32cubeide_1.9.0\stm32cubeide\plugins\com.st.stm32cube.ide.mcu.externaltools.gnu-tools-for-stm32.10.3-2021.10.win32_1.0.0.202111181127\tools\arm-none-eabi\bin\ld.exe: C:/Users/toric/Downloads/lab_3/lab-3/Debug/../Core/Src/main.c:209: undefined reference to `light_led'
c:\st\stm32cubeide_1.9.0\stm32cubeide\plugins\com.st.stm32cube.ide.mcu.externaltools.gnu-tools-for-stm32.10.3-2021.10.win32_1.0.0.202111181127\tools\arm-none-eabi\bin\ld.exe: ./Core/Src/main.o: in function `main':
C:/Users/toric/Downloads/lab_3/lab-3/Debug/../Core/Src/main.c:381: undefined reference to `play_melody'
c:\st\stm32cubeide_1.9.0\stm32cubeide\plugins\com.st.stm32cube.ide.mcu.externaltools.gnu-tools-for-stm32.10.3-2021.10.win32_1.0.0.202111181127\tools\arm-none-eabi\bin\ld.exe: C:/Users/toric/Downloads/lab_3/lab-3/Debug/../Core/Src/main.c:401: undefined reference to `switch_note_mode'
c:\st\stm32cubeide_1.9.0\stm32cubeide\plugins\com.st.stm32cube.ide.mcu.externaltools.gnu-tools-for-stm32.10.3-2021.10.win32_1.0.0.202111181127\tools\arm-none-eabi\bin\ld.exe: C:/Users/toric/Downloads/lab_3/lab-3/Debug/../Core/Src/main.c:406: undefined reference to `switch_difficulty'
collect2.exe: error: ld returned 1 exit status
make: *** [makefile:64: lab-3.elf] Error 1
"make -j8 all" terminated with exit code 2. Build might be incomplete.
16:45:43 **** Incremental Build of configuration Debug for project lab-3 ****
make -j8 all 
arm-none-eabi-gcc "../Core/Src/main.c" -mcpu=cortex-m4 -std=gnu11 -g3 -DDEBUG -DUSE_HAL_DRIVER -DSTM32F427xx -c -I../Core/Inc -I../Drivers/STM32F4xx_HAL_Driver/Inc -I../Drivers/STM32F4xx_HAL_Driver/Inc/Legacy -I../Drivers/CMSIS/Device/ST/STM32F4xx/Include -I../Drivers/CMSIS/Include -O0 -ffunction-sections -fdata-sections -Wall -fstack-usage -MMD -MP -MF"Core/Src/main.d" -MT"Core/Src/main.o" --specs=nano.specs -mfpu=fpv4-sp-d16 -mfloat-abi=hard -mthumb -o "Core/Src/main.o"
../Core/Src/main.c: In function 'main':
../Core/Src/main.c:374:6: warning: implicit declaration of function 'play_note' [-Wimplicit-function-declaration]
  374 |      play_note(&notes[id]);
      |      ^~~~~~~~~
arm-none-eabi-gcc -o "lab-3.elf" @"objects.list"   -mcpu=cortex-m4 -T"C:\Users\toric\Downloads\lab_3\lab-3\STM32F427VITX_FLASH.ld" --specs=nosys.specs -Wl,-Map="lab-3.map" -Wl,--gc-sections -static --specs=nano.specs -mfpu=fpv4-sp-d16 -mfloat-abi=hard -mthumb -Wl,--start-group -lc -lm -Wl,--end-group
c:\st\stm32cubeide_1.9.0\stm32cubeide\plugins\com.st.stm32cube.ide.mcu.externaltools.gnu-tools-for-stm32.10.3-2021.10.win32_1.0.0.202111181127\tools\arm-none-eabi\bin\ld.exe: ./Core/Src/main.o: in function `main':
C:/Users/toric/Downloads/lab_3/lab-3/Debug/../Core/Src/main.c:374: undefined reference to `play_note'
collect2.exe: error: ld returned 1 exit status
make: *** [makefile:64: lab-3.elf] Error 1
"make -j8 all" terminated with exit code 2. Build might be incomplete.
16:46:15 **** Incremental Build of configuration Debug for project lab-3 ****
make -j8 all 
arm-none-eabi-gcc "../Core/Src/main.c" -mcpu=cortex-m4 -std=gnu11 -g3 -DDEBUG -DUSE_HAL_DRIVER -DSTM32F427xx -c -I../Core/Inc -I../Drivers/STM32F4xx_HAL_Driver/Inc -I../Drivers/STM32F4xx_HAL_Driver/Inc/Legacy -I../Drivers/CMSIS/Device/ST/STM32F4xx/Include -I../Drivers/CMSIS/Include -O0 -ffunction-sections -fdata-sections -Wall -fstack-usage -MMD -MP -MF"Core/Src/main.d" -MT"Core/Src/main.o" --specs=nano.specs -mfpu=fpv4-sp-d16 -mfloat-abi=hard -mthumb -o "Core/Src/main.o"
arm-none-eabi-gcc -o "lab-3.elf" @"objects.list"   -mcpu=cortex-m4 -T"C:\Users\toric\Downloads\lab_3\lab-3\STM32F427VITX_FLASH.ld" --specs=nosys.specs -Wl,-Map="lab-3.map" -Wl,--gc-sections -static --specs=nano.specs -mfpu=fpv4-sp-d16 -mfloat-abi=hard -mthumb -Wl,--start-group -lc -lm -Wl,--end-group
Finished building target: lab-3.elf
 
arm-none-eabi-size   lab-3.elf 
arm-none-eabi-objdump -h -S  lab-3.elf  > "lab-3.list"
   text	   data	    bss	    dec	    hex	filename
  14028	    652	   1860	  16540	   409c	lab-3.elf
Finished building: default.size.stdout
 
Finished building: lab-3.list
 
16:46:46 **** Incremental Build of configuration Debug for project lab-3 ****
make -j8 all 
arm-none-eabi-size   lab-3.elf 
   text	   data	    bss	    dec	    hex	filename
  14028	    652	   1860	  16540	   409c	lab-3.elf
Finished building: default.size.stdout
 
16:47:17 **** Incremental Build of configuration Debug for project lab-3 ****
make -j8 all 
arm-none-eabi-size   lab-3.elf 
   text	   data	    bss	    dec	    hex	filename
  14028	    652	   1860	  16540	   409c	lab-3.elf
Finished building: default.size.stdout
 
16:51:43 **** Incremental Build of configuration Debug for project lab-3 ****
make -j8 all 
arm-none-eabi-size   lab-3.elf 
   text	   data	    bss	    dec	    hex	filename
  14028	    652	   1860	  16540	   409c	lab-3.elf
Finished building: default.size.stdout
 
16:51:59 **** Incremental Build of configuration Debug for project lab-3 ****
make -j8 all 
arm-none-eabi-size   lab-3.elf 
   text	   data	    bss	    dec	    hex	filename
  14028	    652	   1860	  16540	   409c	lab-3.elf
Finished building: default.size.stdout
 
16:54:27 **** Incremental Build of configuration Debug for project lab-3 ****
make -j8 all 
arm-none-eabi-gcc "../Core/Src/main.c" -mcpu=cortex-m4 -std=gnu11 -g3 -DDEBUG -DUSE_HAL_DRIVER -DSTM32F427xx -c -I../Core/Inc -I../Drivers/STM32F4xx_HAL_Driver/Inc -I../Drivers/STM32F4xx_HAL_Driver/Inc/Legacy -I../Drivers/CMSIS/Device/ST/STM32F4xx/Include -I../Drivers/CMSIS/Include -O0 -ffunction-sections -fdata-sections -Wall -fstack-usage -MMD -MP -MF"Core/Src/main.d" -MT"Core/Src/main.o" --specs=nano.specs -mfpu=fpv4-sp-d16 -mfloat-abi=hard -mthumb -o "Core/Src/main.o"
arm-none-eabi-gcc -o "lab-3.elf" @"objects.list"   -mcpu=cortex-m4 -T"C:\Users\toric\Downloads\lab_3\lab-3\STM32F427VITX_FLASH.ld" --specs=nosys.specs -Wl,-Map="lab-3.map" -Wl,--gc-sections -static --specs=nano.specs -mfpu=fpv4-sp-d16 -mfloat-abi=hard -mthumb -Wl,--start-group -lc -lm -Wl,--end-group
Finished building target: lab-3.elf
 
arm-none-eabi-size   lab-3.elf 
arm-none-eabi-objdump -h -S  lab-3.elf  > "lab-3.list"
   text	   data	    bss	    dec	    hex	filename
  20468	    572	   1908	  22948	   59a4	lab-3.elf
Finished building: default.size.stdout
 
Finished building: lab-3.list
 
16:56:06 **** Incremental Build of configuration Debug for project lab-3 ****
make -j8 all 
arm-none-eabi-gcc "../Core/Src/main.c" -mcpu=cortex-m4 -std=gnu11 -g3 -DDEBUG -DUSE_HAL_DRIVER -DSTM32F427xx -c -I../Core/Inc -I../Drivers/STM32F4xx_HAL_Driver/Inc -I../Drivers/STM32F4xx_HAL_Driver/Inc/Legacy -I../Drivers/CMSIS/Device/ST/STM32F4xx/Include -I../Drivers/CMSIS/Include -O0 -ffunction-sections -fdata-sections -Wall -fstack-usage -MMD -MP -MF"Core/Src/main.d" -MT"Core/Src/main.o" --specs=nano.specs -mfpu=fpv4-sp-d16 -mfloat-abi=hard -mthumb -o "Core/Src/main.o"
arm-none-eabi-gcc -o "lab-3.elf" @"objects.list"   -mcpu=cortex-m4 -T"C:\Users\toric\Downloads\lab_3\lab-3\STM32F427VITX_FLASH.ld" --specs=nosys.specs -Wl,-Map="lab-3.map" -Wl,--gc-sections -static --specs=nano.specs -mfpu=fpv4-sp-d16 -mfloat-abi=hard -mthumb -Wl,--start-group -lc -lm -Wl,--end-group
Finished building target: lab-3.elf
 
arm-none-eabi-size   lab-3.elf 
arm-none-eabi-objdump -h -S  lab-3.elf  > "lab-3.list"
   text	   data	    bss	    dec	    hex	filename
  14028	    652	   1860	  16540	   409c	lab-3.elf
Finished building: default.size.stdout
 
Finished building: lab-3.list
 
23:24:08 **** Build of configuration Debug for project lab-3 ****
make -j8 all 
arm-none-eabi-gcc "../Core/Src/main.c" -mcpu=cortex-m4 -std=gnu11 -g3 -DDEBUG -DUSE_HAL_DRIVER -DSTM32F427xx -c -I../Core/Inc -I../Drivers/STM32F4xx_HAL_Driver/Inc -I../Drivers/STM32F4xx_HAL_Driver/Inc/Legacy -I../Drivers/CMSIS/Device/ST/STM32F4xx/Include -I../Drivers/CMSIS/Include -O0 -ffunction-sections -fdata-sections -Wall -fstack-usage -MMD -MP -MF"Core/Src/main.d" -MT"Core/Src/main.o" --specs=nano.specs -mfpu=fpv4-sp-d16 -mfloat-abi=hard -mthumb -o "Core/Src/main.o"
../Core/Src/main.c:47:21: error: 'korobeiniki' undeclared here (not in a function)
   47 | uint32_t * melody = korobeiniki;
      |                     ^~~~~~~~~~~
../Core/Src/main.c:48:28: error: 'korobeiniki_delays' undeclared here (not in a function)
   48 | uint32_t * melody_delays = korobeiniki_delays;
      |                            ^~~~~~~~~~~~~~~~~~
../Core/Src/main.c:78:51: error: 'LED_PWM_FREQUENCY' undeclared here (not in a function)
   78 | uint16_t led_arr_value = CLOCK_SCALED_FREQUENCY / LED_PWM_FREQUENCY;
      |                                                   ^~~~~~~~~~~~~~~~~
../Core/Src/main.c: In function 'process_char':
../Core/Src/main.c:114:38: error: 'game_mode' undeclared (first use in this function)
  114 |  if (('a' == c[0] || '+' == c[0]) && game_mode == INFO)
      |                                      ^~~~~~~~~
../Core/Src/main.c:114:38: note: each undeclared identifier is reported only once for each function it appears in
../Core/Src/main.c:114:51: error: 'INFO' undeclared (first use in this function)
  114 |  if (('a' == c[0] || '+' == c[0]) && game_mode == INFO)
      |                                                   ^~~~
../Core/Src/main.c: In function 'main':
../Core/Src/main.c:214:3: warning: implicit declaration of function 'init_led_pwm' [-Wimplicit-function-declaration]
  214 |   init_led_pwm();
      |   ^~~~~~~~~~~~
../Core/Src/main.c:215:3: warning: implicit declaration of function 'stop_timer' [-Wimplicit-function-declaration]
  215 |   stop_timer();
      |   ^~~~~~~~~~
../Core/Src/main.c:226:5: warning: implicit declaration of function 'switch_game_mode' [-Wimplicit-function-declaration]
  226 |     switch_game_mode();
      |     ^~~~~~~~~~~~~~~~
../Core/Src/main.c:240:19: error: 'aang' undeclared (first use in this function)
  240 |       play_melody(aang, aang_delays, sizeof(aang) / sizeof (uint32_t));
      |                   ^~~~
../Core/Src/main.c:240:25: error: 'aang_delays' undeclared (first use in this function)
  240 |       play_melody(aang, aang_delays, sizeof(aang) / sizeof (uint32_t));
      |                         ^~~~~~~~~~~
make: *** [Core/Src/subdir.mk:43: Core/Src/main.o] Error 1
"make -j8 all" terminated with exit code 2. Build might be incomplete.
23:25:56 **** Incremental Build of configuration Debug for project lab-3 ****
make -j8 all 
arm-none-eabi-gcc "../Core/Src/main.c" -mcpu=cortex-m4 -std=gnu11 -g3 -DDEBUG -DUSE_HAL_DRIVER -DSTM32F427xx -c -I../Core/Inc -I../Drivers/STM32F4xx_HAL_Driver/Inc -I../Drivers/STM32F4xx_HAL_Driver/Inc/Legacy -I../Drivers/CMSIS/Device/ST/STM32F4xx/Include -I../Drivers/CMSIS/Include -O0 -ffunction-sections -fdata-sections -Wall -fstack-usage -MMD -MP -MF"Core/Src/main.d" -MT"Core/Src/main.o" --specs=nano.specs -mfpu=fpv4-sp-d16 -mfloat-abi=hard -mthumb -o "Core/Src/main.o"
In file included from ../Core/Src/main.c:21:
../Core/Inc/notes.h:100:3: error: 'N_D3' undeclared here (not in a function)
  100 |   N_D3, N_D3, N_D4, N_A3, 0, N_GS3, N_G3, N_F3, N_D3, N_F3, N_G3, N_C3, N_C3, N_D4, N_A3, 0, N_GS3, N_G3, N_F3, N_D3, N_F3, N_G3, N_B2, N_B2, N_D4, N_A3, 0, N_GS3, N_G3, N_F3, N_D3, N_F3, N_G3, N_AS2, N_AS2, N_D4, N_A3, 0, N_GS3, N_G3, N_F3, N_D3, N_F3, N_G3, N_D3, N_D3, N_D4, N_A3, 0, N_GS3, N_G3, N_F3, N_D3, N_F3, N_G3, N_C3, N_C3, N_D4, N_A3, 0, N_GS3, N_G3, N_F3, N_D3, N_F3, N_G3, N_B2, N_B2, N_D4, N_A3, 0, N_GS3, N_G3, N_F3, N_D3, N_F3, N_G3, N_AS2, N_AS2, N_D4, N_A3, 0, N_GS3, N_G3, N_F3, N_D3, N_F3, N_G3, N_D4, N_D4, N_D5, N_A4, 0, N_GS4, N_G4, N_F4, N_D4, N_F4, N_G4, N_C4, N_C4, N_D5, N_A4, 0, N_GS4, N_G4, N_F4, N_D4, N_F4, N_G4, N_B3, N_B3, N_D5, N_A4, 0, N_GS4, N_G4, N_F4, N_D4, N_F4, N_G4, N_AS3, N_AS3, N_D5, N_A4, 0, N_GS4, N_G4, N_F4, N_D4, N_F4, N_G4, N_D4, N_D4, N_D5, N_A4, 0, N_GS4, N_G4, N_F4, N_D4, N_F4, N_G4, N_C4, N_C4, N_D5, N_A4, 0, N_GS4, N_G4, N_F4, N_D4, N_F4, N_G4, N_B3, N_B3, N_D5, N_A4, 0, N_GS4, N_G4, N_F4, N_D4, N_F4, N_G4, N_AS3, N_AS3, N_D5, N_A4, 0, N_GS4, N_G4, N_F4, N_D4, N_F4, N_G4, N_F4, N_F4, N_F4, N_F4, N_F4, N_D4, N_D4, N_D4, N_F4, N_F4, N_F4, N_G4, N_GS4, N_G4, N_F4, N_D4, N_F4, N_G4, 0, N_F4, N_F4, N_F4, N_G4, N_GS4, N_A4, N_C5, N_A4, N_D5, N_D5, N_D5, N_A4, N_D5, N_C5, N_F4, N_F4, N_F4, N_F4, N_F4, N_D4, N_D4, N_D4, N_F4, N_F4, N_F4, N_F4, N_D4, N_F4, N_E4, N_D4, N_C4, 0, N_G4, N_E4, N_D4, N_D4, N_D4, N_D4, N_F3, N_G3, N_AS3, N_C4, N_D4, N_F4, N_C5, 0, N_F4, N_D4, N_F4, N_G4, N_GS4, N_G4, N_F4, N_D4, N_GS4, N_G4, N_F4, N_D4, N_F4, N_F4, N_F4, N_GS4, N_A4, N_C5, N_A4, N_GS4, N_G4, N_F4, N_D4, N_E4, N_F4, N_G4, N_A4, N_C5, N_CS5, N_GS4, N_GS4, N_G4, N_F4, N_G4, N_F3, N_G3, N_A3, N_F4, N_E4, N_D4, N_E4, N_F4, N_G4, N_E4, N_A4, N_A4, N_G4, N_F4, N_DS4, N_CS4, N_DS4, 0, N_F4, N_D4, N_F4, N_G4, N_GS4, N_G4, N_F4, N_D4, N_GS4, N_G4, N_F4, N_D4, N_F4, N_F4, N_F4, N_GS4, N_A4, N_C5, N_A4, N_GS4, N_G4, N_F4, N_D4, N_E4, N_F4, N_G4, N_A4, N_C5, N_CS5, N_GS4, N_GS4, N_G4, N_F4, N_G4, N_F3, N_G3, N_A3, N_F4, N_E4, N_D4, N_E4, N_F4, N_G4, N_E4, N_A4, N_A4, N_G4, N_F4, N_DS4, N_CS4, N_DS4,
      |   ^~~~
../Core/Inc/notes.h:100:15: error: 'N_D4' undeclared here (not in a function); did you mean 'D4'?
  100 |   N_D3, N_D3, N_D4, N_A3, 0, N_GS3, N_G3, N_F3, N_D3, N_F3, N_G3, N_C3, N_C3, N_D4, N_A3, 0, N_GS3, N_G3, N_F3, N_D3, N_F3, N_G3, N_B2, N_B2, N_D4, N_A3, 0, N_GS3, N_G3, N_F3, N_D3, N_F3, N_G3, N_AS2, N_AS2, N_D4, N_A3, 0, N_GS3, N_G3, N_F3, N_D3, N_F3, N_G3, N_D3, N_D3, N_D4, N_A3, 0, N_GS3, N_G3, N_F3, N_D3, N_F3, N_G3, N_C3, N_C3, N_D4, N_A3, 0, N_GS3, N_G3, N_F3, N_D3, N_F3, N_G3, N_B2, N_B2, N_D4, N_A3, 0, N_GS3, N_G3, N_F3, N_D3, N_F3, N_G3, N_AS2, N_AS2, N_D4, N_A3, 0, N_GS3, N_G3, N_F3, N_D3, N_F3, N_G3, N_D4, N_D4, N_D5, N_A4, 0, N_GS4, N_G4, N_F4, N_D4, N_F4, N_G4, N_C4, N_C4, N_D5, N_A4, 0, N_GS4, N_G4, N_F4, N_D4, N_F4, N_G4, N_B3, N_B3, N_D5, N_A4, 0, N_GS4, N_G4, N_F4, N_D4, N_F4, N_G4, N_AS3, N_AS3, N_D5, N_A4, 0, N_GS4, N_G4, N_F4, N_D4, N_F4, N_G4, N_D4, N_D4, N_D5, N_A4, 0, N_GS4, N_G4, N_F4, N_D4, N_F4, N_G4, N_C4, N_C4, N_D5, N_A4, 0, N_GS4, N_G4, N_F4, N_D4, N_F4, N_G4, N_B3, N_B3, N_D5, N_A4, 0, N_GS4, N_G4, N_F4, N_D4, N_F4, N_G4, N_AS3, N_AS3, N_D5, N_A4, 0, N_GS4, N_G4, N_F4, N_D4, N_F4, N_G4, N_F4, N_F4, N_F4, N_F4, N_F4, N_D4, N_D4, N_D4, N_F4, N_F4, N_F4, N_G4, N_GS4, N_G4, N_F4, N_D4, N_F4, N_G4, 0, N_F4, N_F4, N_F4, N_G4, N_GS4, N_A4, N_C5, N_A4, N_D5, N_D5, N_D5, N_A4, N_D5, N_C5, N_F4, N_F4, N_F4, N_F4, N_F4, N_D4, N_D4, N_D4, N_F4, N_F4, N_F4, N_F4, N_D4, N_F4, N_E4, N_D4, N_C4, 0, N_G4, N_E4, N_D4, N_D4, N_D4, N_D4, N_F3, N_G3, N_AS3, N_C4, N_D4, N_F4, N_C5, 0, N_F4, N_D4, N_F4, N_G4, N_GS4, N_G4, N_F4, N_D4, N_GS4, N_G4, N_F4, N_D4, N_F4, N_F4, N_F4, N_GS4, N_A4, N_C5, N_A4, N_GS4, N_G4, N_F4, N_D4, N_E4, N_F4, N_G4, N_A4, N_C5, N_CS5, N_GS4, N_GS4, N_G4, N_F4, N_G4, N_F3, N_G3, N_A3, N_F4, N_E4, N_D4, N_E4, N_F4, N_G4, N_E4, N_A4, N_A4, N_G4, N_F4, N_DS4, N_CS4, N_DS4, 0, N_F4, N_D4, N_F4, N_G4, N_GS4, N_G4, N_F4, N_D4, N_GS4, N_G4, N_F4, N_D4, N_F4, N_F4, N_F4, N_GS4, N_A4, N_C5, N_A4, N_GS4, N_G4, N_F4, N_D4, N_E4, N_F4, N_G4, N_A4, N_C5, N_CS5, N_GS4, N_GS4, N_G4, N_F4, N_G4, N_F3, N_G3, N_A3, N_F4, N_E4, N_D4, N_E4, N_F4, N_G4, N_E4, N_A4, N_A4, N_G4, N_F4, N_DS4, N_CS4, N_DS4,
      |               ^~~~
      |               D4
../Core/Inc/notes.h:100:21: error: 'N_A3' undeclared here (not in a function); did you mean 'A3'?
  100 |   N_D3, N_D3, N_D4, N_A3, 0, N_GS3, N_G3, N_F3, N_D3, N_F3, N_G3, N_C3, N_C3, N_D4, N_A3, 0, N_GS3, N_G3, N_F3, N_D3, N_F3, N_G3, N_B2, N_B2, N_D4, N_A3, 0, N_GS3, N_G3, N_F3, N_D3, N_F3, N_G3, N_AS2, N_AS2, N_D4, N_A3, 0, N_GS3, N_G3, N_F3, N_D3, N_F3, N_G3, N_D3, N_D3, N_D4, N_A3, 0, N_GS3, N_G3, N_F3, N_D3, N_F3, N_G3, N_C3, N_C3, N_D4, N_A3, 0, N_GS3, N_G3, N_F3, N_D3, N_F3, N_G3, N_B2, N_B2, N_D4, N_A3, 0, N_GS3, N_G3, N_F3, N_D3, N_F3, N_G3, N_AS2, N_AS2, N_D4, N_A3, 0, N_GS3, N_G3, N_F3, N_D3, N_F3, N_G3, N_D4, N_D4, N_D5, N_A4, 0, N_GS4, N_G4, N_F4, N_D4, N_F4, N_G4, N_C4, N_C4, N_D5, N_A4, 0, N_GS4, N_G4, N_F4, N_D4, N_F4, N_G4, N_B3, N_B3, N_D5, N_A4, 0, N_GS4, N_G4, N_F4, N_D4, N_F4, N_G4, N_AS3, N_AS3, N_D5, N_A4, 0, N_GS4, N_G4, N_F4, N_D4, N_F4, N_G4, N_D4, N_D4, N_D5, N_A4, 0, N_GS4, N_G4, N_F4, N_D4, N_F4, N_G4, N_C4, N_C4, N_D5, N_A4, 0, N_GS4, N_G4, N_F4, N_D4, N_F4, N_G4, N_B3, N_B3, N_D5, N_A4, 0, N_GS4, N_G4, N_F4, N_D4, N_F4, N_G4, N_AS3, N_AS3, N_D5, N_A4, 0, N_GS4, N_G4, N_F4, N_D4, N_F4, N_G4, N_F4, N_F4, N_F4, N_F4, N_F4, N_D4, N_D4, N_D4, N_F4, N_F4, N_F4, N_G4, N_GS4, N_G4, N_F4, N_D4, N_F4, N_G4, 0, N_F4, N_F4, N_F4, N_G4, N_GS4, N_A4, N_C5, N_A4, N_D5, N_D5, N_D5, N_A4, N_D5, N_C5, N_F4, N_F4, N_F4, N_F4, N_F4, N_D4, N_D4, N_D4, N_F4, N_F4, N_F4, N_F4, N_D4, N_F4, N_E4, N_D4, N_C4, 0, N_G4, N_E4, N_D4, N_D4, N_D4, N_D4, N_F3, N_G3, N_AS3, N_C4, N_D4, N_F4, N_C5, 0, N_F4, N_D4, N_F4, N_G4, N_GS4, N_G4, N_F4, N_D4, N_GS4, N_G4, N_F4, N_D4, N_F4, N_F4, N_F4, N_GS4, N_A4, N_C5, N_A4, N_GS4, N_G4, N_F4, N_D4, N_E4, N_F4, N_G4, N_A4, N_C5, N_CS5, N_GS4, N_GS4, N_G4, N_F4, N_G4, N_F3, N_G3, N_A3, N_F4, N_E4, N_D4, N_E4, N_F4, N_G4, N_E4, N_A4, N_A4, N_G4, N_F4, N_DS4, N_CS4, N_DS4, 0, N_F4, N_D4, N_F4, N_G4, N_GS4, N_G4, N_F4, N_D4, N_GS4, N_G4, N_F4, N_D4, N_F4, N_F4, N_F4, N_GS4, N_A4, N_C5, N_A4, N_GS4, N_G4, N_F4, N_D4, N_E4, N_F4, N_G4, N_A4, N_C5, N_CS5, N_GS4, N_GS4, N_G4, N_F4, N_G4, N_F3, N_G3, N_A3, N_F4, N_E4, N_D4, N_E4, N_F4, N_G4, N_E4, N_A4, N_A4, N_G4, N_F4, N_DS4, N_CS4, N_DS4,
      |                     ^~~~
      |                     A3
../Core/Inc/notes.h:100:30: error: 'N_GS3' undeclared here (not in a function)
  100 |   N_D3, N_D3, N_D4, N_A3, 0, N_GS3, N_G3, N_F3, N_D3, N_F3, N_G3, N_C3, N_C3, N_D4, N_A3, 0, N_GS3, N_G3, N_F3, N_D3, N_F3, N_G3, N_B2, N_B2, N_D4, N_A3, 0, N_GS3, N_G3, N_F3, N_D3, N_F3, N_G3, N_AS2, N_AS2, N_D4, N_A3, 0, N_GS3, N_G3, N_F3, N_D3, N_F3, N_G3, N_D3, N_D3, N_D4, N_A3, 0, N_GS3, N_G3, N_F3, N_D3, N_F3, N_G3, N_C3, N_C3, N_D4, N_A3, 0, N_GS3, N_G3, N_F3, N_D3, N_F3, N_G3, N_B2, N_B2, N_D4, N_A3, 0, N_GS3, N_G3, N_F3, N_D3, N_F3, N_G3, N_AS2, N_AS2, N_D4, N_A3, 0, N_GS3, N_G3, N_F3, N_D3, N_F3, N_G3, N_D4, N_D4, N_D5, N_A4, 0, N_GS4, N_G4, N_F4, N_D4, N_F4, N_G4, N_C4, N_C4, N_D5, N_A4, 0, N_GS4, N_G4, N_F4, N_D4, N_F4, N_G4, N_B3, N_B3, N_D5, N_A4, 0, N_GS4, N_G4, N_F4, N_D4, N_F4, N_G4, N_AS3, N_AS3, N_D5, N_A4, 0, N_GS4, N_G4, N_F4, N_D4, N_F4, N_G4, N_D4, N_D4, N_D5, N_A4, 0, N_GS4, N_G4, N_F4, N_D4, N_F4, N_G4, N_C4, N_C4, N_D5, N_A4, 0, N_GS4, N_G4, N_F4, N_D4, N_F4, N_G4, N_B3, N_B3, N_D5, N_A4, 0, N_GS4, N_G4, N_F4, N_D4, N_F4, N_G4, N_AS3, N_AS3, N_D5, N_A4, 0, N_GS4, N_G4, N_F4, N_D4, N_F4, N_G4, N_F4, N_F4, N_F4, N_F4, N_F4, N_D4, N_D4, N_D4, N_F4, N_F4, N_F4, N_G4, N_GS4, N_G4, N_F4, N_D4, N_F4, N_G4, 0, N_F4, N_F4, N_F4, N_G4, N_GS4, N_A4, N_C5, N_A4, N_D5, N_D5, N_D5, N_A4, N_D5, N_C5, N_F4, N_F4, N_F4, N_F4, N_F4, N_D4, N_D4, N_D4, N_F4, N_F4, N_F4, N_F4, N_D4, N_F4, N_E4, N_D4, N_C4, 0, N_G4, N_E4, N_D4, N_D4, N_D4, N_D4, N_F3, N_G3, N_AS3, N_C4, N_D4, N_F4, N_C5, 0, N_F4, N_D4, N_F4, N_G4, N_GS4, N_G4, N_F4, N_D4, N_GS4, N_G4, N_F4, N_D4, N_F4, N_F4, N_F4, N_GS4, N_A4, N_C5, N_A4, N_GS4, N_G4, N_F4, N_D4, N_E4, N_F4, N_G4, N_A4, N_C5, N_CS5, N_GS4, N_GS4, N_G4, N_F4, N_G4, N_F3, N_G3, N_A3, N_F4, N_E4, N_D4, N_E4, N_F4, N_G4, N_E4, N_A4, N_A4, N_G4, N_F4, N_DS4, N_CS4, N_DS4, 0, N_F4, N_D4, N_F4, N_G4, N_GS4, N_G4, N_F4, N_D4, N_GS4, N_G4, N_F4, N_D4, N_F4, N_F4, N_F4, N_GS4, N_A4, N_C5, N_A4, N_GS4, N_G4, N_F4, N_D4, N_E4, N_F4, N_G4, N_A4, N_C5, N_CS5, N_GS4, N_GS4, N_G4, N_F4, N_G4, N_F3, N_G3, N_A3, N_F4, N_E4, N_D4, N_E4, N_F4, N_G4, N_E4, N_A4, N_A4, N_G4, N_F4, N_DS4, N_CS4, N_DS4,
      |                              ^~~~~
../Core/Inc/notes.h:100:37: error: 'N_G3' undeclared here (not in a function)
  100 |   N_D3, N_D3, N_D4, N_A3, 0, N_GS3, N_G3, N_F3, N_D3, N_F3, N_G3, N_C3, N_C3, N_D4, N_A3, 0, N_GS3, N_G3, N_F3, N_D3, N_F3, N_G3, N_B2, N_B2, N_D4, N_A3, 0, N_GS3, N_G3, N_F3, N_D3, N_F3, N_G3, N_AS2, N_AS2, N_D4, N_A3, 0, N_GS3, N_G3, N_F3, N_D3, N_F3, N_G3, N_D3, N_D3, N_D4, N_A3, 0, N_GS3, N_G3, N_F3, N_D3, N_F3, N_G3, N_C3, N_C3, N_D4, N_A3, 0, N_GS3, N_G3, N_F3, N_D3, N_F3, N_G3, N_B2, N_B2, N_D4, N_A3, 0, N_GS3, N_G3, N_F3, N_D3, N_F3, N_G3, N_AS2, N_AS2, N_D4, N_A3, 0, N_GS3, N_G3, N_F3, N_D3, N_F3, N_G3, N_D4, N_D4, N_D5, N_A4, 0, N_GS4, N_G4, N_F4, N_D4, N_F4, N_G4, N_C4, N_C4, N_D5, N_A4, 0, N_GS4, N_G4, N_F4, N_D4, N_F4, N_G4, N_B3, N_B3, N_D5, N_A4, 0, N_GS4, N_G4, N_F4, N_D4, N_F4, N_G4, N_AS3, N_AS3, N_D5, N_A4, 0, N_GS4, N_G4, N_F4, N_D4, N_F4, N_G4, N_D4, N_D4, N_D5, N_A4, 0, N_GS4, N_G4, N_F4, N_D4, N_F4, N_G4, N_C4, N_C4, N_D5, N_A4, 0, N_GS4, N_G4, N_F4, N_D4, N_F4, N_G4, N_B3, N_B3, N_D5, N_A4, 0, N_GS4, N_G4, N_F4, N_D4, N_F4, N_G4, N_AS3, N_AS3, N_D5, N_A4, 0, N_GS4, N_G4, N_F4, N_D4, N_F4, N_G4, N_F4, N_F4, N_F4, N_F4, N_F4, N_D4, N_D4, N_D4, N_F4, N_F4, N_F4, N_G4, N_GS4, N_G4, N_F4, N_D4, N_F4, N_G4, 0, N_F4, N_F4, N_F4, N_G4, N_GS4, N_A4, N_C5, N_A4, N_D5, N_D5, N_D5, N_A4, N_D5, N_C5, N_F4, N_F4, N_F4, N_F4, N_F4, N_D4, N_D4, N_D4, N_F4, N_F4, N_F4, N_F4, N_D4, N_F4, N_E4, N_D4, N_C4, 0, N_G4, N_E4, N_D4, N_D4, N_D4, N_D4, N_F3, N_G3, N_AS3, N_C4, N_D4, N_F4, N_C5, 0, N_F4, N_D4, N_F4, N_G4, N_GS4, N_G4, N_F4, N_D4, N_GS4, N_G4, N_F4, N_D4, N_F4, N_F4, N_F4, N_GS4, N_A4, N_C5, N_A4, N_GS4, N_G4, N_F4, N_D4, N_E4, N_F4, N_G4, N_A4, N_C5, N_CS5, N_GS4, N_GS4, N_G4, N_F4, N_G4, N_F3, N_G3, N_A3, N_F4, N_E4, N_D4, N_E4, N_F4, N_G4, N_E4, N_A4, N_A4, N_G4, N_F4, N_DS4, N_CS4, N_DS4, 0, N_F4, N_D4, N_F4, N_G4, N_GS4, N_G4, N_F4, N_D4, N_GS4, N_G4, N_F4, N_D4, N_F4, N_F4, N_F4, N_GS4, N_A4, N_C5, N_A4, N_GS4, N_G4, N_F4, N_D4, N_E4, N_F4, N_G4, N_A4, N_C5, N_CS5, N_GS4, N_GS4, N_G4, N_F4, N_G4, N_F3, N_G3, N_A3, N_F4, N_E4, N_D4, N_E4, N_F4, N_G4, N_E4, N_A4, N_A4, N_G4, N_F4, N_DS4, N_CS4, N_DS4,
      |                                     ^~~~
../Core/Inc/notes.h:100:43: error: 'N_F3' undeclared here (not in a function)
  100 |   N_D3, N_D3, N_D4, N_A3, 0, N_GS3, N_G3, N_F3, N_D3, N_F3, N_G3, N_C3, N_C3, N_D4, N_A3, 0, N_GS3, N_G3, N_F3, N_D3, N_F3, N_G3, N_B2, N_B2, N_D4, N_A3, 0, N_GS3, N_G3, N_F3, N_D3, N_F3, N_G3, N_AS2, N_AS2, N_D4, N_A3, 0, N_GS3, N_G3, N_F3, N_D3, N_F3, N_G3, N_D3, N_D3, N_D4, N_A3, 0, N_GS3, N_G3, N_F3, N_D3, N_F3, N_G3, N_C3, N_C3, N_D4, N_A3, 0, N_GS3, N_G3, N_F3, N_D3, N_F3, N_G3, N_B2, N_B2, N_D4, N_A3, 0, N_GS3, N_G3, N_F3, N_D3, N_F3, N_G3, N_AS2, N_AS2, N_D4, N_A3, 0, N_GS3, N_G3, N_F3, N_D3, N_F3, N_G3, N_D4, N_D4, N_D5, N_A4, 0, N_GS4, N_G4, N_F4, N_D4, N_F4, N_G4, N_C4, N_C4, N_D5, N_A4, 0, N_GS4, N_G4, N_F4, N_D4, N_F4, N_G4, N_B3, N_B3, N_D5, N_A4, 0, N_GS4, N_G4, N_F4, N_D4, N_F4, N_G4, N_AS3, N_AS3, N_D5, N_A4, 0, N_GS4, N_G4, N_F4, N_D4, N_F4, N_G4, N_D4, N_D4, N_D5, N_A4, 0, N_GS4, N_G4, N_F4, N_D4, N_F4, N_G4, N_C4, N_C4, N_D5, N_A4, 0, N_GS4, N_G4, N_F4, N_D4, N_F4, N_G4, N_B3, N_B3, N_D5, N_A4, 0, N_GS4, N_G4, N_F4, N_D4, N_F4, N_G4, N_AS3, N_AS3, N_D5, N_A4, 0, N_GS4, N_G4, N_F4, N_D4, N_F4, N_G4, N_F4, N_F4, N_F4, N_F4, N_F4, N_D4, N_D4, N_D4, N_F4, N_F4, N_F4, N_G4, N_GS4, N_G4, N_F4, N_D4, N_F4, N_G4, 0, N_F4, N_F4, N_F4, N_G4, N_GS4, N_A4, N_C5, N_A4, N_D5, N_D5, N_D5, N_A4, N_D5, N_C5, N_F4, N_F4, N_F4, N_F4, N_F4, N_D4, N_D4, N_D4, N_F4, N_F4, N_F4, N_F4, N_D4, N_F4, N_E4, N_D4, N_C4, 0, N_G4, N_E4, N_D4, N_D4, N_D4, N_D4, N_F3, N_G3, N_AS3, N_C4, N_D4, N_F4, N_C5, 0, N_F4, N_D4, N_F4, N_G4, N_GS4, N_G4, N_F4, N_D4, N_GS4, N_G4, N_F4, N_D4, N_F4, N_F4, N_F4, N_GS4, N_A4, N_C5, N_A4, N_GS4, N_G4, N_F4, N_D4, N_E4, N_F4, N_G4, N_A4, N_C5, N_CS5, N_GS4, N_GS4, N_G4, N_F4, N_G4, N_F3, N_G3, N_A3, N_F4, N_E4, N_D4, N_E4, N_F4, N_G4, N_E4, N_A4, N_A4, N_G4, N_F4, N_DS4, N_CS4, N_DS4, 0, N_F4, N_D4, N_F4, N_G4, N_GS4, N_G4, N_F4, N_D4, N_GS4, N_G4, N_F4, N_D4, N_F4, N_F4, N_F4, N_GS4, N_A4, N_C5, N_A4, N_GS4, N_G4, N_F4, N_D4, N_E4, N_F4, N_G4, N_A4, N_C5, N_CS5, N_GS4, N_GS4, N_G4, N_F4, N_G4, N_F3, N_G3, N_A3, N_F4, N_E4, N_D4, N_E4, N_F4, N_G4, N_E4, N_A4, N_A4, N_G4, N_F4, N_DS4, N_CS4, N_DS4,
      |                                           ^~~~
../Core/Inc/notes.h:100:67: error: 'N_C3' undeclared here (not in a function)
[...]
Finished building target: lab-3.elf
 
arm-none-eabi-size   lab-3.elf 
arm-none-eabi-objdump -h -S  lab-3.elf  > "lab-3.list"
   text	   data	    bss	    dec	    hex	filename
  18792	    400	   2120	  21312	   5340	lab-3.elf
Finished building: default.size.stdout
 
Finished building: lab-3.list
 
13:42:08 **** Incremental Build of configuration Debug for project lab-3 ****
make -j8 all 
arm-none-eabi-size   lab-3.elf 
   text	   data	    bss	    dec	    hex	filename
  18792	    400	   2120	  21312	   5340	lab-3.elf
Finished building: default.size.stdout
 
13:42:24 **** Incremental Build of configuration Debug for project lab-3 ****
make -j8 all 
arm-none-eabi-size   lab-3.elf 
   text	   data	    bss	    dec	    hex	filename
  18792	    400	   2120	  21312	   5340	lab-3.elf
Finished building: default.size.stdout
 
14:38:43 **** Incremental Build of configuration Debug for project lab-3 ****
make -j8 all 
arm-none-eabi-gcc "../Core/Src/main.c" -mcpu=cortex-m4 -std=gnu11 -g3 -DDEBUG -DUSE_HAL_DRIVER -DSTM32F427xx -c -I../Core/Inc -I../Drivers/STM32F4xx_HAL_Driver/Inc -I../Drivers/STM32F4xx_HAL_Driver/Inc/Legacy -I../Drivers/CMSIS/Device/ST/STM32F4xx/Include -I../Drivers/CMSIS/Include -O0 -ffunction-sections -fdata-sections -Wall -fstack-usage -MMD -MP -MF"Core/Src/main.d" -MT"Core/Src/main.o" --specs=nano.specs -mfpu=fpv4-sp-d16 -mfloat-abi=hard -mthumb -o "Core/Src/main.o"
../Core/Src/main.c: In function 'playNote':
../Core/Src/main.c:188:3: warning: implicit declaration of function 'light_led' [-Wimplicit-function-declaration]
  188 |   light_led(50);
      |   ^~~~~~~~~
../Core/Src/main.c:191:3: warning: implicit declaration of function 'disable_all_leds' [-Wimplicit-function-declaration]
  191 |   disable_all_leds();
      |   ^~~~~~~~~~~~~~~~
At top level:
../Core/Src/main.c:157:13: warning: 'uart_write_newline' defined but not used [-Wunused-function]
  157 | static void uart_write_newline(void) {
      |             ^~~~~~~~~~~~~~~~~~
../Core/Src/main.c:133:17: warning: 'noteTimer' defined but not used [-Wunused-variable]
  133 | static uint32_t noteTimer = 0; // ms counter for current note duration
      |                 ^~~~~~~~~
arm-none-eabi-gcc -o "lab-3.elf" @"objects.list"   -mcpu=cortex-m4 -T"C:\Users\toric\Downloads\lab_3\lab-3\STM32F427VITX_FLASH.ld" --specs=nosys.specs -Wl,-Map="lab-3.map" -Wl,--gc-sections -static --specs=nano.specs -mfpu=fpv4-sp-d16 -mfloat-abi=hard -mthumb -Wl,--start-group -lc -lm -Wl,--end-group
c:\st\stm32cubeide_1.9.0\stm32cubeide\plugins\com.st.stm32cube.ide.mcu.externaltools.gnu-tools-for-stm32.10.3-2021.10.win32_1.0.0.202111181127\tools\arm-none-eabi\bin\ld.exe: ./Core/Src/main.o: in function `playNote':
C:/Users/toric/Downloads/lab_3/lab-3/Debug/../Core/Src/main.c:188: undefined reference to `light_led'
c:\st\stm32cubeide_1.9.0\stm32cubeide\plugins\com.st.stm32cube.ide.mcu.externaltools.gnu-tools-for-stm32.10.3-2021.10.win32_1.0.0.202111181127\tools\arm-none-eabi\bin\ld.exe: C:/Users/toric/Downloads/lab_3/lab-3/Debug/../Core/Src/main.c:191: undefined reference to `disable_all_leds'
c:\st\stm32cubeide_1.9.0\stm32cubeide\plugins\com.st.stm32cube.ide.mcu.externaltools.gnu-tools-for-stm32.10.3-2021.10.win32_1.0.0.202111181127\tools\arm-none-eabi\bin\ld.exe: ./Core/Src/main.o: in function `stopNote':
C:/Users/toric/Downloads/lab_3/lab-3/Debug/../Core/Src/main.c:198: undefined reference to `disable_all_leds'
collect2.exe: error: ld returned 1 exit status
make: *** [makefile:64: lab-3.elf] Error 1
"make -j8 all" terminated with exit code 2. Build might be incomplete.
14:39:01 **** Incremental Build of configuration Debug for project lab-3 ****
make -j8 all 
arm-none-eabi-gcc "../Core/Src/main.c" -mcpu=cortex-m4 -std=gnu11 -g3 -DDEBUG -DUSE_HAL_DRIVER -DSTM32F427xx -c -I../Core/Inc -I../Drivers/STM32F4xx_HAL_Driver/Inc -I../Drivers/STM32F4xx_HAL_Driver/Inc/Legacy -I../Drivers/CMSIS/Device/ST/STM32F4xx/Include -I../Drivers/CMSIS/Include -O0 -ffunction-sections -fdata-sections -Wall -fstack-usage -MMD -MP -MF"Core/Src/main.d" -MT"Core/Src/main.o" --specs=nano.specs -mfpu=fpv4-sp-d16 -mfloat-abi=hard -mthumb -o "Core/Src/main.o"
../Core/Src/main.c:157:13: warning: 'uart_write_newline' defined but not used [-Wunused-function]
  157 | static void uart_write_newline(void) {
      |             ^~~~~~~~~~~~~~~~~~
../Core/Src/main.c:133:17: warning: 'noteTimer' defined but not used [-Wunused-variable]
  133 | static uint32_t noteTimer = 0; // ms counter for current note duration
      |                 ^~~~~~~~~
arm-none-eabi-gcc -o "lab-3.elf" @"objects.list"   -mcpu=cortex-m4 -T"C:\Users\toric\Downloads\lab_3\lab-3\STM32F427VITX_FLASH.ld" --specs=nosys.specs -Wl,-Map="lab-3.map" -Wl,--gc-sections -static --specs=nano.specs -mfpu=fpv4-sp-d16 -mfloat-abi=hard -mthumb -Wl,--start-group -lc -lm -Wl,--end-group
Finished building target: lab-3.elf
 
arm-none-eabi-size   lab-3.elf 
arm-none-eabi-objdump -h -S  lab-3.elf  > "lab-3.list"
   text	   data	    bss	    dec	    hex	filename
  19240	    400	   2120	  21760	   5500	lab-3.elf
Finished building: default.size.stdout
 
Finished building: lab-3.list
 
14:39:24 **** Incremental Build of configuration Debug for project lab-3 ****
make -j8 all 
arm-none-eabi-gcc "../Core/Src/main.c" -mcpu=cortex-m4 -std=gnu11 -g3 -DDEBUG -DUSE_HAL_DRIVER -DSTM32F427xx -c -I../Core/Inc -I../Drivers/STM32F4xx_HAL_Driver/Inc -I../Drivers/STM32F4xx_HAL_Driver/Inc/Legacy -I../Drivers/CMSIS/Device/ST/STM32F4xx/Include -I../Drivers/CMSIS/Include -O0 -ffunction-sections -fdata-sections -Wall -fstack-usage -MMD -MP -MF"Core/Src/main.d" -MT"Core/Src/main.o" --specs=nano.specs -mfpu=fpv4-sp-d16 -mfloat-abi=hard -mthumb -o "Core/Src/main.o"
../Core/Src/main.c: In function 'playNote':
../Core/Src/main.c:187:3: warning: implicit declaration of function 'light_led' [-Wimplicit-function-declaration]
  187 |   light_led(50);
      |   ^~~~~~~~~
../Core/Src/main.c: In function 'stopNote':
../Core/Src/main.c:194:2: warning: implicit declaration of function 'disable_all_leds' [-Wimplicit-function-declaration]
  194 |  disable_all_leds();
      |  ^~~~~~~~~~~~~~~~
At top level:
../Core/Src/main.c:157:13: warning: 'uart_write_newline' defined but not used [-Wunused-function]
  157 | static void uart_write_newline(void) {
      |             ^~~~~~~~~~~~~~~~~~
../Core/Src/main.c:133:17: warning: 'noteTimer' defined but not used [-Wunused-variable]
  133 | static uint32_t noteTimer = 0; // ms counter for current note duration
      |                 ^~~~~~~~~
arm-none-eabi-gcc -o "lab-3.elf" @"objects.list"   -mcpu=cortex-m4 -T"C:\Users\toric\Downloads\lab_3\lab-3\STM32F427VITX_FLASH.ld" --specs=nosys.specs -Wl,-Map="lab-3.map" -Wl,--gc-sections -static --specs=nano.specs -mfpu=fpv4-sp-d16 -mfloat-abi=hard -mthumb -Wl,--start-group -lc -lm -Wl,--end-group
c:\st\stm32cubeide_1.9.0\stm32cubeide\plugins\com.st.stm32cube.ide.mcu.externaltools.gnu-tools-for-stm32.10.3-2021.10.win32_1.0.0.202111181127\tools\arm-none-eabi\bin\ld.exe: ./Core/Src/main.o: in function `playNote':
C:/Users/toric/Downloads/lab_3/lab-3/Debug/../Core/Src/main.c:187: undefined reference to `light_led'
c:\st\stm32cubeide_1.9.0\stm32cubeide\plugins\com.st.stm32cube.ide.mcu.externaltools.gnu-tools-for-stm32.10.3-2021.10.win32_1.0.0.202111181127\tools\arm-none-eabi\bin\ld.exe: ./Core/Src/main.o: in function `stopNote':
C:/Users/toric/Downloads/lab_3/lab-3/Debug/../Core/Src/main.c:194: undefined reference to `disable_all_leds'
collect2.exe: error: ld returned 1 exit status
make: *** [makefile:64: lab-3.elf] Error 1
"make -j8 all" terminated with exit code 2. Build might be incomplete.
14:40:27 **** Incremental Build of configuration Debug for project lab-3 ****
make -j8 all 
arm-none-eabi-gcc "../Core/Src/main.c" -mcpu=cortex-m4 -std=gnu11 -g3 -DDEBUG -DUSE_HAL_DRIVER -DSTM32F427xx -c -I../Core/Inc -I../Drivers/STM32F4xx_HAL_Driver/Inc -I../Drivers/STM32F4xx_HAL_Driver/Inc/Legacy -I../Drivers/CMSIS/Device/ST/STM32F4xx/Include -I../Drivers/CMSIS/Include -O0 -ffunction-sections -fdata-sections -Wall -fstack-usage -MMD -MP -MF"Core/Src/main.d" -MT"Core/Src/main.o" --specs=nano.specs -mfpu=fpv4-sp-d16 -mfloat-abi=hard -mthumb -o "Core/Src/main.o"
../Core/Src/main.c:133:17: warning: 'noteTimer' defined but not used [-Wunused-variable]
  133 | static uint32_t noteTimer = 0; // ms counter for current note duration
      |                 ^~~~~~~~~
arm-none-eabi-gcc -o "lab-3.elf" @"objects.list"   -mcpu=cortex-m4 -T"C:\Users\toric\Downloads\lab_3\lab-3\STM32F427VITX_FLASH.ld" --specs=nosys.specs -Wl,-Map="lab-3.map" -Wl,--gc-sections -static --specs=nano.specs -mfpu=fpv4-sp-d16 -mfloat-abi=hard -mthumb -Wl,--start-group -lc -lm -Wl,--end-group
Finished building target: lab-3.elf
 
arm-none-eabi-size   lab-3.elf 
arm-none-eabi-objdump -h -S  lab-3.elf  > "lab-3.list"
   text	   data	    bss	    dec	    hex	filename
  19112	    400	   2120	  21632	   5480	lab-3.elf
Finished building: default.size.stdout
 
Finished building: lab-3.list
 
14:43:07 **** Incremental Build of configuration Debug for project lab-3 ****
make -j8 all 
arm-none-eabi-gcc "../Core/Src/main.c" -mcpu=cortex-m4 -std=gnu11 -g3 -DDEBUG -DUSE_HAL_DRIVER -DSTM32F427xx -c -I../Core/Inc -I../Drivers/STM32F4xx_HAL_Driver/Inc -I../Drivers/STM32F4xx_HAL_Driver/Inc/Legacy -I../Drivers/CMSIS/Device/ST/STM32F4xx/Include -I../Drivers/CMSIS/Include -O0 -ffunction-sections -fdata-sections -Wall -fstack-usage -MMD -MP -MF"Core/Src/main.d" -MT"Core/Src/main.o" --specs=nano.specs -mfpu=fpv4-sp-d16 -mfloat-abi=hard -mthumb -o "Core/Src/main.o"
arm-none-eabi-gcc -o "lab-3.elf" @"objects.list"   -mcpu=cortex-m4 -T"C:\Users\toric\Downloads\lab_3\lab-3\STM32F427VITX_FLASH.ld" --specs=nosys.specs -Wl,-Map="lab-3.map" -Wl,--gc-sections -static --specs=nano.specs -mfpu=fpv4-sp-d16 -mfloat-abi=hard -mthumb -Wl,--start-group -lc -lm -Wl,--end-group
Finished building target: lab-3.elf
 
arm-none-eabi-size   lab-3.elf 
arm-none-eabi-objdump -h -S  lab-3.elf  > "lab-3.list"
   text	   data	    bss	    dec	    hex	filename
  19076	    396	   2116	  21588	   5454	lab-3.elf
Finished building: default.size.stdout
 
Finished building: lab-3.list
 
14:50:05 **** Incremental Build of configuration Debug for project lab-3 ****
make -j8 all 
arm-none-eabi-gcc "../Core/Src/main.c" -mcpu=cortex-m4 -std=gnu11 -g3 -DDEBUG -DUSE_HAL_DRIVER -DSTM32F427xx -c -I../Core/Inc -I../Drivers/STM32F4xx_HAL_Driver/Inc -I../Drivers/STM32F4xx_HAL_Driver/Inc/Legacy -I../Drivers/CMSIS/Device/ST/STM32F4xx/Include -I../Drivers/CMSIS/Include -O0 -ffunction-sections -fdata-sections -Wall -fstack-usage -MMD -MP -MF"Core/Src/main.d" -MT"Core/Src/main.o" --specs=nano.specs -mfpu=fpv4-sp-d16 -mfloat-abi=hard -mthumb -o "Core/Src/main.o"
arm-none-eabi-gcc -o "lab-3.elf" @"objects.list"   -mcpu=cortex-m4 -T"C:\Users\toric\Downloads\lab_3\lab-3\STM32F427VITX_FLASH.ld" --specs=nosys.specs -Wl,-Map="lab-3.map" -Wl,--gc-sections -static --specs=nano.specs -mfpu=fpv4-sp-d16 -mfloat-abi=hard -mthumb -Wl,--start-group -lc -lm -Wl,--end-group
Finished building target: lab-3.elf
 
arm-none-eabi-size   lab-3.elf 
arm-none-eabi-objdump -h -S  lab-3.elf  > "lab-3.list"
   text	   data	    bss	    dec	    hex	filename
  19076	    396	   2116	  21588	   5454	lab-3.elf
Finished building: default.size.stdout
 
Finished building: lab-3.list
 
14:53:40 **** Incremental Build of configuration Debug for project lab-3 ****
make -j8 all 
arm-none-eabi-gcc "../Core/Src/main.c" -mcpu=cortex-m4 -std=gnu11 -g3 -DDEBUG -DUSE_HAL_DRIVER -DSTM32F427xx -c -I../Core/Inc -I../Drivers/STM32F4xx_HAL_Driver/Inc -I../Drivers/STM32F4xx_HAL_Driver/Inc/Legacy -I../Drivers/CMSIS/Device/ST/STM32F4xx/Include -I../Drivers/CMSIS/Include -O0 -ffunction-sections -fdata-sections -Wall -fstack-usage -MMD -MP -MF"Core/Src/main.d" -MT"Core/Src/main.o" --specs=nano.specs -mfpu=fpv4-sp-d16 -mfloat-abi=hard -mthumb -o "Core/Src/main.o"
arm-none-eabi-gcc -o "lab-3.elf" @"objects.list"   -mcpu=cortex-m4 -T"C:\Users\toric\Downloads\lab_3\lab-3\STM32F427VITX_FLASH.ld" --specs=nosys.specs -Wl,-Map="lab-3.map" -Wl,--gc-sections -static --specs=nano.specs -mfpu=fpv4-sp-d16 -mfloat-abi=hard -mthumb -Wl,--start-group -lc -lm -Wl,--end-group
Finished building target: lab-3.elf
 
arm-none-eabi-size   lab-3.elf 
arm-none-eabi-objdump -h -S  lab-3.elf  > "lab-3.list"
   text	   data	    bss	    dec	    hex	filename
  19096	    396	   2116	  21608	   5468	lab-3.elf
Finished building: default.size.stdout
 
Finished building: lab-3.list
 
15:02:56 **** Incremental Build of configuration Debug for project lab-3 ****
make -j8 all 
arm-none-eabi-gcc "../Core/Src/main.c" -mcpu=cortex-m4 -std=gnu11 -g3 -DDEBUG -DUSE_HAL_DRIVER -DSTM32F427xx -c -I../Core/Inc -I../Drivers/STM32F4xx_HAL_Driver/Inc -I../Drivers/STM32F4xx_HAL_Driver/Inc/Legacy -I../Drivers/CMSIS/Device/ST/STM32F4xx/Include -I../Drivers/CMSIS/Include -O0 -ffunction-sections -fdata-sections -Wall -fstack-usage -MMD -MP -MF"Core/Src/main.d" -MT"Core/Src/main.o" --specs=nano.specs -mfpu=fpv4-sp-d16 -mfloat-abi=hard -mthumb -o "Core/Src/main.o"
arm-none-eabi-gcc -o "lab-3.elf" @"objects.list"   -mcpu=cortex-m4 -T"C:\Users\toric\Downloads\lab_3\lab-3\STM32F427VITX_FLASH.ld" --specs=nosys.specs -Wl,-Map="lab-3.map" -Wl,--gc-sections -static --specs=nano.specs -mfpu=fpv4-sp-d16 -mfloat-abi=hard -mthumb -Wl,--start-group -lc -lm -Wl,--end-group
Finished building target: lab-3.elf
 
arm-none-eabi-size   lab-3.elf 
arm-none-eabi-objdump -h -S  lab-3.elf  > "lab-3.list"
   text	   data	    bss	    dec	    hex	filename
  19184	    396	   2116	  21696	   54c0	lab-3.elf
Finished building: default.size.stdout
 
Finished building: lab-3.list
 
15:05:43 **** Incremental Build of configuration Debug for project lab-3 ****
make -j8 all 
arm-none-eabi-gcc "../Core/Src/main.c" -mcpu=cortex-m4 -std=gnu11 -g3 -DDEBUG -DUSE_HAL_DRIVER -DSTM32F427xx -c -I../Core/Inc -I../Drivers/STM32F4xx_HAL_Driver/Inc -I../Drivers/STM32F4xx_HAL_Driver/Inc/Legacy -I../Drivers/CMSIS/Device/ST/STM32F4xx/Include -I../Drivers/CMSIS/Include -O0 -ffunction-sections -fdata-sections -Wall -fstack-usage -MMD -MP -MF"Core/Src/main.d" -MT"Core/Src/main.o" --specs=nano.specs -mfpu=fpv4-sp-d16 -mfloat-abi=hard -mthumb -o "Core/Src/main.o"
arm-none-eabi-gcc -o "lab-3.elf" @"objects.list"   -mcpu=cortex-m4 -T"C:\Users\toric\Downloads\lab_3\lab-3\STM32F427VITX_FLASH.ld" --specs=nosys.specs -Wl,-Map="lab-3.map" -Wl,--gc-sections -static --specs=nano.specs -mfpu=fpv4-sp-d16 -mfloat-abi=hard -mthumb -Wl,--start-group -lc -lm -Wl,--end-group
Finished building target: lab-3.elf
 
arm-none-eabi-size   lab-3.elf 
arm-none-eabi-objdump -h -S  lab-3.elf  > "lab-3.list"
   text	   data	    bss	    dec	    hex	filename
  19244	    396	   2116	  21756	   54fc	lab-3.elf
Finished building: default.size.stdout
 
Finished building: lab-3.list
 
15:10:29 **** Incremental Build of configuration Debug for project lab-3 ****
make -j8 all 
arm-none-eabi-gcc "../Core/Src/main.c" -mcpu=cortex-m4 -std=gnu11 -g3 -DDEBUG -DUSE_HAL_DRIVER -DSTM32F427xx -c -I../Core/Inc -I../Drivers/STM32F4xx_HAL_Driver/Inc -I../Drivers/STM32F4xx_HAL_Driver/Inc/Legacy -I../Drivers/CMSIS/Device/ST/STM32F4xx/Include -I../Drivers/CMSIS/Include -O0 -ffunction-sections -fdata-sections -Wall -fstack-usage -MMD -MP -MF"Core/Src/main.d" -MT"Core/Src/main.o" --specs=nano.specs -mfpu=fpv4-sp-d16 -mfloat-abi=hard -mthumb -o "Core/Src/main.o"
arm-none-eabi-gcc -o "lab-3.elf" @"objects.list"   -mcpu=cortex-m4 -T"C:\Users\toric\Downloads\lab_3\lab-3\STM32F427VITX_FLASH.ld" --specs=nosys.specs -Wl,-Map="lab-3.map" -Wl,--gc-sections -static --specs=nano.specs -mfpu=fpv4-sp-d16 -mfloat-abi=hard -mthumb -Wl,--start-group -lc -lm -Wl,--end-group
Finished building target: lab-3.elf
 
arm-none-eabi-size   lab-3.elf 
arm-none-eabi-objdump -h -S  lab-3.elf  > "lab-3.list"
   text	   data	    bss	    dec	    hex	filename
  19248	    396	   2116	  21760	   5500	lab-3.elf
Finished building: default.size.stdout
 
Finished building: lab-3.list
 
01:28:12 **** Build of configuration Debug for project lab-3 ****
make -j8 all 
arm-none-eabi-gcc "../Core/Src/main.c" -mcpu=cortex-m4 -std=gnu11 -g3 -DDEBUG -DUSE_HAL_DRIVER -DSTM32F427xx -c -I../Core/Inc -I../Drivers/STM32F4xx_HAL_Driver/Inc -I../Drivers/STM32F4xx_HAL_Driver/Inc/Legacy -I../Drivers/CMSIS/Device/ST/STM32F4xx/Include -I../Drivers/CMSIS/Include -O0 -ffunction-sections -fdata-sections -Wall -fstack-usage -MMD -MP -MF"Core/Src/main.d" -MT"Core/Src/main.o" --specs=nano.specs -mfpu=fpv4-sp-d16 -mfloat-abi=hard -mthumb -o "Core/Src/main.o"
../Core/Src/main.c:72:51: error: 'LED_PWM_FREQUENCY' undeclared here (not in a function)
   72 | uint16_t led_arr_value = CLOCK_SCALED_FREQUENCY / LED_PWM_FREQUENCY;
      |                                                   ^~~~~~~~~~~~~~~~~
make: *** [Core/Src/subdir.mk:43: Core/Src/main.o] Error 1
"make -j8 all" terminated with exit code 2. Build might be incomplete.
01:28:27 **** Incremental Build of configuration Debug for project lab-3 ****
make -j8 all 
arm-none-eabi-gcc "../Core/Src/main.c" -mcpu=cortex-m4 -std=gnu11 -g3 -DDEBUG -DUSE_HAL_DRIVER -DSTM32F427xx -c -I../Core/Inc -I../Drivers/STM32F4xx_HAL_Driver/Inc -I../Drivers/STM32F4xx_HAL_Driver/Inc/Legacy -I../Drivers/CMSIS/Device/ST/STM32F4xx/Include -I../Drivers/CMSIS/Include -O0 -ffunction-sections -fdata-sections -Wall -fstack-usage -MMD -MP -MF"Core/Src/main.d" -MT"Core/Src/main.o" --specs=nano.specs -mfpu=fpv4-sp-d16 -mfloat-abi=hard -mthumb -o "Core/Src/main.o"
arm-none-eabi-gcc -o "lab-3.elf" @"objects.list"   -mcpu=cortex-m4 -T"C:\Users\toric\Downloads\lab_3\lab-3\STM32F427VITX_FLASH.ld" --specs=nosys.specs -Wl,-Map="lab-3.map" -Wl,--gc-sections -static --specs=nano.specs -mfpu=fpv4-sp-d16 -mfloat-abi=hard -mthumb -Wl,--start-group -lc -lm -Wl,--end-group
Finished building target: lab-3.elf
 
arm-none-eabi-size   lab-3.elf 
arm-none-eabi-objdump -h -S  lab-3.elf  > "lab-3.list"
   text	   data	    bss	    dec	    hex	filename
  19216	    396	   2116	  21728	   54e0	lab-3.elf
Finished building: default.size.stdout
 
Finished building: lab-3.list
 
10:34:36 **** Incremental Build of configuration Debug for project lab-3 ****
make -j8 all 
arm-none-eabi-gcc "../Core/Src/main.c" -mcpu=cortex-m4 -std=gnu11 -g3 -DDEBUG -DUSE_HAL_DRIVER -DSTM32F427xx -c -I../Core/Inc -I../Drivers/STM32F4xx_HAL_Driver/Inc -I../Drivers/STM32F4xx_HAL_Driver/Inc/Legacy -I../Drivers/CMSIS/Device/ST/STM32F4xx/Include -I../Drivers/CMSIS/Include -O0 -ffunction-sections -fdata-sections -Wall -fstack-usage -MMD -MP -MF"Core/Src/main.d" -MT"Core/Src/main.o" --specs=nano.specs -mfpu=fpv4-sp-d16 -mfloat-abi=hard -mthumb -o "Core/Src/main.o"
arm-none-eabi-gcc -o "lab-3.elf" @"objects.list"   -mcpu=cortex-m4 -T"C:\Users\toric\Downloads\lab_3\lab-3\STM32F427VITX_FLASH.ld" --specs=nosys.specs -Wl,-Map="lab-3.map" -Wl,--gc-sections -static --specs=nano.specs -mfpu=fpv4-sp-d16 -mfloat-abi=hard -mthumb -Wl,--start-group -lc -lm -Wl,--end-group
Finished building target: lab-3.elf
 
arm-none-eabi-size   lab-3.elf 
arm-none-eabi-objdump -h -S  lab-3.elf  > "lab-3.list"
   text	   data	    bss	    dec	    hex	filename
  19180	    396	   2116	  21692	   54bc	lab-3.elf
Finished building: default.size.stdout
 
Finished building: lab-3.list
 
11:46:36 **** Incremental Build of configuration Debug for project lab-3 ****
make -j8 all 
arm-none-eabi-size   lab-3.elf 
   text	   data	    bss	    dec	    hex	filename
  19180	    396	   2116	  21692	   54bc	lab-3.elf
Finished building: default.size.stdout
 
12:01:00 **** Incremental Build of configuration Debug for project lab-3 ****
make -j8 all 
arm-none-eabi-size   lab-3.elf 
   text	   data	    bss	    dec	    hex	filename
  19180	    396	   2116	  21692	   54bc	lab-3.elf
Finished building: default.size.stdout
 
