../Core/Src/main.c:149:13:uart_write	24	static
../Core/Src/main.c:156:6:play_sound	16	static
../Core/Src/main.c:167:6:stop_sound	4	static
../Core/Src/main.c:171:19:reset_keypad	32	static
../Core/Src/main.c:180:5:keypad_get_id	40	static
../Core/Src/main.c:222:6:get_input	24	static
../Core/Src/main.c:275:6:UART_get_input	16	static
../Core/Src/main.c:286:13:play_melody	16	static
../Core/Src/main.c:295:13:stop_melody	8	static
../Core/Src/main.c:302:13:stop_timer	8	static
../Core/Src/main.c:308:13:set_timer	16	static
../Core/Src/main.c:314:13:handle_key	24	static
../Core/Src/main.c:363:6:HAL_TIM_PeriodElapsedCallback	16	static
../Core/Src/main.c:379:6:is_button_pressed	8	static
../Core/Src/main.c:383:5:main	24	static
../Core/Src/main.c:439:6:SystemClock_Config	88	static
../Core/Src/main.c:471:6:Error_Handler	4	static,ignoring_inline_asm
